09-12 11:48:32.316 31411 31680 V APM::AudioPolicyEngine: getDeviceForStrategy() strategy 0, device 2
09-12 11:48:32.316  1482  1482 D FeatureService: adjustStreamVolumeHook, streamType: 3 index 0 device 2
09-12 11:48:32.316  1482  1482 D AudioService: adjustStreamVolume, adjustVolume: true new_index: 0 oldIndex: 0 flags: 4113 isMuteAdjust:false step:10 mSafeMediaVolumeState:3
09-12 11:48:32.317  2115  3143 D VolumeDialogController.VC: volumeChanged STREAM_MUSIC SHOW_UI,VIBRATE,FROM_KEY
09-12 11:48:32.318 31411 31680 V APM::AudioPolicyEngine: getDeviceForStrategy() strategy 0, device 2
09-12 11:48:32.319 31411 31680 V APM::AudioPolicyEngine: getDeviceForStrategy() strategy 0, device 2
09-12 11:48:32.319  2115  2264 I _V_VolumeDialogController:  get Delta:  0 ss.level: 0  level: 0
09-12 11:48:32.320 31411 31680 V APM::AudioPolicyEngine: getDeviceForStrategy() strategy 0, device 2
09-12 11:48:32.321  2115  2115 D VivoVolumeDialogImpl: showH r=touch_outside
09-12 11:48:32.321  2115  2115 D VivoVolumeDialogImpl: rescheduleTimeout 2000 com.android.systemui.volume.VivoVolumeDialogImpl.showH:406
09-12 11:48:32.322  2115  2115 I vol.Events: writeEvent show_dialog volume_changed keyguard=false
09-12 11:48:32.324  1482  4033 D AudioService: Volume controller visible: true
09-12 11:48:32.328  1482  4033 D MediaSessionService: dispatchVolumeKeyEvent, pkg=com.google.android.videos, pid=7323, uid=10226, asSystem=true, event=KeyEvent { action=ACTION_UP, keyCode=KEYCODE_VOLUME_DOWN, scanCode=114, metaState=0, flags=0x8, repeatCount=0, eventTime=23138831, downTime=23138015, deviceId=4, source=0x101 }
09-12 11:48:32.329  1482  4033 D MediaSessionService: Adjusting com.google.android.videos/play_movies_media (userId=0) by 0. flags=4116, suggestedStream=3, preferSuggestedStream=true
09-12 11:48:32.329  1482  1482 D AudioService: adjustSuggestedStreamVolume() stream=3, flags=4116, caller=MediaSessionService, volControlStream=-1, userSelect=false
09-12 11:48:32.331 31411 31680 D IFeatureService: GET_PHONE_STATE_POM
09-12 11:48:32.332  1482  1482 V AudioService: getActiveStreamType: Forcing STREAM_MUSIC stream active
09-12 11:48:32.333  1482  1482 D AudioService: adjustStreamVolume() stream=3, dir=0, flags=4112, caller=MediaSessionService
09-12 11:48:32.333 31411 31689 V APM::AudioPolicyEngine: getDeviceForStrategy() strategy 0, device 2
09-12 11:48:32.334  1482  1482 D FeatureService: adjustStreamVolumeHook, streamType: 3 index 0 device 2
09-12 11:48:32.334  1482  1482 D AudioService: adjustStreamVolume, adjustVolume: true new_index: 0 oldIndex: 0 flags: 4112 isMuteAdjust:false step:10 mSafeMediaVolumeState:3
09-12 11:48:32.335  2115 10463 D VolumeDialogController.VC: volumeChanged STREAM_MUSIC VIBRATE,FROM_KEY
09-12 11:48:32.336 31411 31689 V APM::AudioPolicyEngine: getDeviceForStrategy() strategy 0, device 2
09-12 11:48:32.337 31411 31689 V APM::AudioPolicyEngine: getDeviceForStrategy() strategy 0, device 2
09-12 11:48:32.337  2115  2264 I _V_VolumeDialogController:  get Delta:  0 ss.level: 0  level: 0
09-12 11:48:32.337 31411 31689 V APM::AudioPolicyEngine: getDeviceForStrategy() strategy 0, device 2
09-12 11:48:32.344  1482  4033 D WindowManager: updateSystemBarsLw hideNavBarSysui : true ,immersiveSticky = false ,win = Window{51015ba u0 com.google.android.videos/com.google.android.apps.play.movies.mobile.usecase.watch.WatchActivity$InitiallyLandscape}
09-12 11:48:32.537  1482  1875 D AudioService: persistVolume mStreamType:3 device:2name:volume_music_speaker index:0
09-12 11:48:32.544  1482  1482 V SettingsProvider: Notifying for 0: content://settings/system/volume_music_speaker
09-12 11:48:32.615   982   982 E wificond: vivo add tx_good 243652 tx_bad 16 rx_good 661836 tx_retry 44474
09-12 11:48:32.590  1482  1875 D AudioService: persistVolume mStreamType:3 device:2name:volume_music_speaker index:0
09-12 11:48:32.615  1482  1845 D WificondControl: vivo add pollResult txgood 243652 txbad 16 rxgood 661836 txretry 44474
09-12 11:48:32.615  1482  1845 D VivoWifiRssiMap: setFirstFetchRssi, mFirstFetchRssi:-86, rssi:-47
09-12 11:48:32.615  1482  1845 D VivoWifiRssiMap: setWifiRssi, rssi:-47
09-12 11:48:32.629  1482  1875 D AudioService: persistVolume mStreamType:3 device:2name:volume_music_speaker index:0
09-12 11:48:32.639  1482  1592 D WindowManager: ScreenshotCord delay reset.
09-12 11:48:32.673  1482  1875 D AudioService: persistVolume mStreamType:3 device:2name:volume_music_speaker index:0
09-12 11:48:32.717  1482  1875 I chatty  : uid=1000(system) AudioService identical 1 line
09-12 11:48:32.763  1482  1875 D AudioService: persistVolume mStreamType:3 device:2name:volume_music_speaker index:0
09-12 11:48:33.111   716   716 I SurfaceFlinger: FPS(Built-in Screen): 36
09-12 11:48:33.446  5327  5477 D DataFormatter: Normal bytes 393046
09-12 11:48:33.721   937  1047 E ThermalEngine: vivo_thermal_parameter_config :VivoThermal:read type:1  buf: 1
09-12 11:48:33.721   937  1047 E ThermalEngine:  
09-12 11:48:34.146   716   716 I SurfaceFlinger: FPS(Built-in Screen): 25
09-12 11:48:34.325  2115  2115 I vol.Events: writeEvent dismiss_dialog timeout
09-12 11:48:34.327  1482  4033 D AudioService: Volume controller visible: false
09-12 11:48:34.328  2115  2264 I vol.Events: writeEvent active_stream_changed UNKNOWN_STREAM_-1
09-12 11:48:34.328  2115  2264 D VolumeDialogController: updateActiveStreamW -1
09-12 11:48:34.329  1482  4033 D AudioService: forceVolumeControlStream(-1)
09-12 11:48:34.330  2115  2264 D AudioManager: forceVolumeControlStream streamType:-1 by com.android.systemui
09-12 11:48:34.330  2115  2264 D VolumeDialogController: forceVolumeControlStream -1
09-12 11:48:34.331  2749  5885 I _V_RMS-Reclaim: available=1593956KB, current watermark=716800KB, last watermark=716800KB, current stopline=800, last stopline=1000
09-12 11:48:34.331  2749  5885 I _V_RMS-Reclaim: Reclaiming took : 1ms
09-12 11:48:34.542  2115  2115 I CatcherGestureDetector: DecorView onDetached
09-12 11:48:34.558  1482  4033 V VivoBaseDisplayContent:  updateDockBackground bForceShow=false divider_bg_enable=true bShowBg=false mForceShowFlag=false isVivoDockedDividerResizing=false topStack={stackId=94 tasks=[{taskId=96 appTokens=[AppWindowToken{2d62311 token=Token{26d1738 ActivityRecord{bdbf295 u0 com.google.android.videos/com.google.android.apps.play.movies.mobile.usecase.home.RootActivity d0 s94 t96}}}, AppWindowToken{84f7dbf token=Token{d4997de ActivityRecord{c575b19 u0 com.google.android.videos/com.google.android.apps.play.movies.mobile.usecase.watch.WatchActivity$InitiallyLandscape d0 s94 t96}}}] mdr=false}]} splitScreenPrimaryStack=null topSecondaryStack=null appBounds=null
09-12 11:48:34.562  1482  4033 D WindowManager: updateSystemBarsLw hideNavBarSysui : true ,immersiveSticky = false ,win = Window{51015ba u0 com.google.android.videos/com.google.android.apps.play.movies.mobile.usecase.watch.WatchActivity$InitiallyLandscape}
09-12 11:48:34.566   716  2741 W SurfaceFlinger: Attempting to destroy on removed layer: 149d906 VivoVolumeDialogImpl#0
09-12 11:48:34.576  2115  2115 D VivoVolumeDialogImpl: recheckH ALL
09-12 11:48:34.576  2115  2115 D VivoVolumeDialogImpl: trimObsoleteH
09-12 11:48:34.576  2115  2115 D VivoVolumeDialogImpl: updateVolumeRowH s=2
09-12 11:48:34.576  2115  2115 D VivoVolumeDialogImpl: updateVolumeRowH s=3
09-12 11:48:34.576  2115  2115 I _V_VivoVolumeDialogImpl: updateVolumeRowH(), stream: 3 level: 0 isRingVibrate: false isRinsilent: false zenMuted: false mAutomute: true ss.muted false
09-12 11:48:34.576  2115  2115 D VivoVolumeDialogImpl: updateVolumeRowH s=5
09-12 11:48:34.577  2115  2115 D VivoVolumeDialogImpl: updateVolumeRowH s=4
09-12 11:48:34.577  2115  2115 D VivoVolumeDialogImpl: updateVolumeRowH s=0
09-12 11:48:34.577  2115  2115 D VivoVolumeDialogImpl: updateVolumeRowH s=6
09-12 11:48:34.577  2115  2115 D VivoVolumeDialogImpl: updateVolumeRowH s=1
09-12 11:48:34.577  2115  2115 D VivoVolumeDialogImpl: updateVolumeRowH s=10
09-12 11:48:34.577  2115  2115 D VivoVolumeDialogImpl: updateVolumeRowH s=11
09-12 11:48:34.577  2115  2115 D VivoVolumeDialogImpl: updateVolumeRowH s=2
09-12 11:48:34.577  2115  2115 D VivoVolumeDialogImpl: updateVolumeRowH s=3
09-12 11:48:34.577  2115  2115 I _V_VivoVolumeDialogImpl: updateVolumeRowH(), stream: 3 level: 0 isRingVibrate: false isRinsilent: false zenMuted: false mAutomute: true ss.muted false
09-12 11:48:34.577  2115  2115 D VivoVolumeDialogImpl: updateVolumeRowH s=5
09-12 11:48:34.577  2115  2115 D VivoVolumeDialogImpl: updateVolumeRowH s=4
09-12 11:48:34.577  2115  2115 D VivoVolumeDialogImpl: updateVolumeRowH s=0
09-12 11:48:34.577  2115  2115 D VivoVolumeDialogImpl: updateVolumeRowH s=6
09-12 11:48:34.577  2115  2115 D VivoVolumeDialogImpl: updateVolumeRowH s=1
09-12 11:48:34.577  2115  2115 D VivoVolumeDialogImpl: updateVolumeRowH s=10
09-12 11:48:34.578  2115  2115 D VivoVolumeDialogImpl: updateVolumeRowH s=11
09-12 11:48:34.578  2115  2115 D VivoVolumeDialogImpl: updateRowsH
09-12 11:48:34.578  2115  2115 D VivoVolumeDialogImpl: updateRowsH
09-12 11:48:34.578  2115  2115 D VivoVolumeDialogImpl: rescheduleTimeout 2000 com.android.systemui.volume.VivoVolumeDialogImpl.onStateChangedH:569
09-12 11:48:34.579  2115  2115 D VivoVolumeDialogImpl: updateVolumeRowH s=2
09-12 11:48:34.579  2115  2115 D VivoVolumeDialogImpl: updateVolumeRowH s=3
09-12 11:48:34.579  2115  2115 D VivoVolumeDialogImpl: updateVolumeRowH s=5
09-12 11:48:34.579  2115  2115 D VivoVolumeDialogImpl: updateVolumeRowH s=4
09-12 11:48:34.579  2115  2115 D VivoVolumeDialogImpl: updateVolumeRowH s=0
09-12 11:48:34.579  2115  2115 D VivoVolumeDialogImpl: updateVolumeRowH s=6
09-12 11:48:34.579  2115  2115 D VivoVolumeDialogImpl: updateVolumeRowH s=1
09-12 11:48:34.579  2115  2115 D VivoVolumeDialogImpl: updateVolumeRowH s=10
09-12 11:48:34.579  2115  2115 D VivoVolumeDialogImpl: updateVolumeRowH s=11
09-12 11:48:34.579  1482  2032 D WindowManager: updateSystemBarsLw hideNavBarSysui : true ,immersiveSticky = false ,win = Window{51015ba u0 com.google.android.videos/com.google.android.apps.play.movies.mobile.usecase.watch.WatchActivity$InitiallyLandscape}
09-12 11:48:34.579  2115  2115 D VivoVolumeDialogImpl: updateVolumeRowH s=2
09-12 11:48:34.579  2115  2115 D VivoVolumeDialogImpl: updateVolumeRowH s=3
09-12 11:48:34.579  2115  2115 D VivoVolumeDialogImpl: updateVolumeRowH s=5
09-12 11:48:34.579  2115  2115 D VivoVolumeDialogImpl: updateVolumeRowH s=4
09-12 11:48:34.579  2115  2115 D VivoVolumeDialogImpl: updateVolumeRowH s=0
09-12 11:48:34.579  2115  2115 D VivoVolumeDialogImpl: updateVolumeRowH s=6
09-12 11:48:34.579  2115  2115 D VivoVolumeDialogImpl: updateVolumeRowH s=1
09-12 11:48:34.580  2115  2115 D VivoVolumeDialogImpl: updateVolumeRowH s=10
09-12 11:48:34.580  2115  2115 D VivoVolumeDialogImpl: updateVolumeRowH s=11
09-12 11:48:34.581  1482  4033 D DisplayPowerController: mSettingBrightness = -1 as request 255
09-12 11:48:35.125  7323  7323 I MediaDrm: Drm event (2,0)
09-12 11:48:35.130 29860 29865 I WVCdm   : [cdm_engine.cpp(233):GenerateKeyRequest] CdmEngine::GenerateKeyRequest
09-12 11:48:35.134 29860 29865 D WVCdm   : [license.cpp(516):PrepareKeyUpdateRequest] PrepareKeyUpdateRequest: nonce=225547353
09-12 11:48:35.194   716   716 I SurfaceFlinger: FPS(Built-in Screen): 32
09-12 11:48:35.479 29860  3042 I WVCdm   : [cdm_engine.cpp(312):AddKey] CdmEngine::AddKey
09-12 11:48:35.636   982   982 E wificond: vivo add tx_good 243764 tx_bad 16 rx_good 662164 tx_retry 44501
09-12 11:48:35.638  1482  1845 D WificondControl: vivo add pollResult txgood 243764 txbad 16 rxgood 662164 txretry 44501
09-12 11:48:35.638  1482  1845 D VivoWifiRssiMap: setFirstFetchRssi, mFirstFetchRssi:-86, rssi:-47
09-12 11:48:35.639  1482  1845 D VivoWifiRssiMap: setWifiRssi, rssi:-47
09-12 11:48:36.011  1482  1808 V AlarmAlign: mAlarmBatches = 59, triggerList = 1
09-12 11:48:36.012  1482  1808 D DisplayPowerController: mSettingBrightness = -1 as request 255
09-12 11:48:36.016  1482  1808 V AlarmAlign: setLocked to kernel, type = 2, when = 255575508, curTime = 255535190
09-12 11:48:36.017  1482  1808 V AlarmAlign: setLocked to kernel, type = 3, when = 255559174, curTime = 255535191
09-12 11:48:36.018  1482  1482 V AlarmAlign: setLocked to kernel, type = 2, when = 255575508, curTime = 255535192
09-12 11:48:36.018  1482  1482 V AlarmAlign: setLocked to kernel, type = 3, when = 255559174, curTime = 255535192
09-12 11:48:36.019  1482  1482 D DisplayPowerController: mSettingBrightness = -1 as request 255
09-12 11:48:36.036  1482  1482 D DisplayPowerController: mSettingBrightness = -1 as request 255
09-12 11:48:36.047  1482  1599 E KernelCpuSpeedReader: Failed to read cpu-freq: /sys/devices/system/cpu/cpu6/cpufreq/stats/time_in_state (No such file or directory)
09-12 11:48:36.048  1482  1599 E KernelCpuSpeedReader: Failed to read cpu-freq: /sys/devices/system/cpu/cpu0/cpufreq/stats/time_in_state (No such file or directory)
09-12 11:48:36.073  1482  4033 V AlarmAlign: setLocked to kernel, type = 2, when = 255575508, curTime = 255535247
09-12 11:48:36.073  1482  4033 V AlarmAlign: setLocked to kernel, type = 3, when = 255559174, curTime = 255535247
09-12 11:48:36.073  1482  4033 V AlarmAlign: setLocked to kernel, type = 2, when = 255575508, curTime = 255535247
09-12 11:48:36.073  1482  4033 V AlarmAlign: setLocked to kernel, type = 3, when = 255559174, curTime = 255535247
09-12 11:48:36.074  1482  4033 V AlarmAlign: setLocked to kernel, type = 2, when = 255575508, curTime = 255535249
09-12 11:48:36.075  1482  4033 V AlarmAlign: setLocked to kernel, type = 3, when = 255559174, curTime = 255535249
09-12 11:48:36.075  1482  4033 V AlarmAlign: setLocked to kernel, type = 2, when = 255575508, curTime = 255535249
09-12 11:48:36.075  1482  4033 V AlarmAlign: setLocked to kernel, type = 3, when = 255559174, curTime = 255535249
09-12 11:48:36.078  1482  4033 D DisplayPowerController: mSettingBrightness = -1 as request 255
09-12 11:48:36.087  1482  2032 V AlarmAlign: setLocked to kernel, type = 2, when = 255575508, curTime = 255535261
09-12 11:48:36.087  1482  2032 V AlarmAlign: setLocked to kernel, type = 3, when = 255559174, curTime = 255535261
09-12 11:48:36.087  1482  2032 V AlarmAlign: setLocked to kernel, type = 2, when = 255567859, curTime = 255535261
09-12 11:48:36.087  1482  2032 V AlarmAlign: setLocked to kernel, type = 3, when = 255559174, curTime = 255535261
09-12 11:48:36.089  1482  2032 V AlarmAlign: setLocked to kernel, type = 2, when = 255567859, curTime = 255535263
09-12 11:48:36.089  1482  2032 V AlarmAlign: setLocked to kernel, type = 3, when = 255559174, curTime = 255535263
09-12 11:48:36.089  1482  2032 V AlarmAlign: setLocked to kernel, type = 2, when = 255567859, curTime = 255535263
09-12 11:48:36.089  1482  2032 V AlarmAlign: setLocked to kernel, type = 3, when = 255559174, curTime = 255535263
09-12 11:48:36.245   716   716 I SurfaceFlinger: FPS(Built-in Screen): 25
09-12 11:48:36.435  2464  2926 D _V_Settings/BW: ReadCodeTask:mStringNotifyCode: 0
09-12 11:48:36.438  2464  2926 D _V_Settings/BW: ReadCodeTask:mNotifyCode: 0
09-12 11:48:36.459  5327  5477 D DataFormatter: Normal bytes 511
09-12 11:48:36.582  2115  2115 I vol.Events: writeEvent dismiss_dialog timeout
09-12 11:48:36.584  1482  2032 D AudioService: Volume controller visible: false
09-12 11:48:36.724   937  1047 E ThermalEngine: vivo_thermal_parameter_config :VivoThermal:read type:1  buf: 1
09-12 11:48:36.724   937  1047 E ThermalEngine:  
09-12 11:48:36.733  1482  1819 D DisplayPowerController: mSettingBrightness = -1 as request 255
09-12 11:48:36.750  1482  2032 D WindowManager: updateSystemBarsLw hideNavBarSysui : true ,immersiveSticky = false ,win = Window{51015ba u0 com.google.android.videos/com.google.android.apps.play.movies.mobile.usecase.watch.WatchActivity$InitiallyLandscape}
09-12 11:48:36.780  1482  1597 I JEPH    : moveInterval = 50,mTotalMove=0
09-12 11:48:36.781  1482  1592 V WindowOrientationListener: in onTouchEndLocked. proposedRotation=1, oldProposedRotation=1
09-12 11:48:36.788  1482  1592 D WindowManager: updateSystemBarsLw hideNavBarSysui : true ,immersiveSticky = false ,win = Window{51015ba u0 com.google.android.videos/com.google.android.apps.play.movies.mobile.usecase.watch.WatchActivity$InitiallyLandscape}
09-12 11:48:36.791  1482  1592 W WindowManager: setVivoMultiWindowRotationFlag:change from false to false
09-12 11:48:37.067  2499 21178 D _V_HomeIndicatorController: UpSlide|handleNotifySystemBarColor: topClassName= com.google.android.videos/com.google.android.apps.play.movies.mobile.usecase.watch.WatchActivity$InitiallyLandscape  ,CoverColor= ff000000,isIconsDark=false,mIsIconsDark = false ,VisState= -1
09-12 11:48:37.067  2499 21178 D _V_IndicatorState: UpSlide|setIndicatorVisState: mIndicatorVisState= 20, state= -1
09-12 11:48:37.067  2499  2499 D _V_HomeIndicatorView: UpSlide|setIndicatorVisible: false
09-12 11:48:37.068  2499  2499 I _V_SideSlideHelper: UpSlide|IndicatorVisibilityChangedEvent: visible=false
09-12 11:48:37.069  2115  2115 I _V_StatusBar: updateNavigationWatchOutside >> watchOutside = false
09-12 11:48:37.071  1482  4546 D PlaybackState: setState position:931685
09-12 11:48:37.071  1482  4546 D MediaSessionRecord: getStateWithUpdatedPosition old statePlaybackState {state=3, position=812210, buffered position=0, speed=1.0, updated=255416770, actions=863, custom actions=[], active item id=-1, error=null} new state:PlaybackState {state=3, position=931685, buffered position=0, speed=1.0, updated=255536245, actions=863, custom actions=[], active item id=-1, error=null}
09-12 11:48:37.072  2115  2115 I _V_BarTransitions.PhoneStatusBarView: MODE_LIGHTS_OUT_TRANSPARENT -> MODE_TRANSPARENT animate=false
09-12 11:48:37.084  1482  1482 V SettingsProvider: Notifying for 0: content://settings/system/vivo_fullscreen_flag
09-12 11:48:37.085  2499  2499 I _V_FullScreenFlagObserver: UpSlide|refreshFullScreenFlag >> mIsFullScreen = false
09-12 11:48:37.102  2499 21178 I _V_UpSlideHelper: UpSlide|onNavBarStateChanged >> mNavBarState = WINDOW_STATE_SHOWING
09-12 11:48:37.103  2115  2115 D KeyguardUpdateMonitor: handleTimeUpdate
09-12 11:48:37.105  2115  2115 I _V_VivoStatusBarHeaderClock: newTime= 11:48, mIs24HourFormat= true, am_pm= 
09-12 11:48:37.107  7323  7323 I NavigationBarWindow[WatchActivity$InitiallyLandscape:1]: applyNavColor cost: 1ms
09-12 11:48:37.128  2499 11243 I NavigationBarWindow[RecentsActivity:1]: applyNavColor cost: 0ms
09-12 11:48:37.150  1482  2032 V VivoBaseDisplayContent:  updateDockBackground bForceShow=false divider_bg_enable=true bShowBg=false mForceShowFlag=false isVivoDockedDividerResizing=false topStack={stackId=94 tasks=[{taskId=96 appTokens=[AppWindowToken{2d62311 token=Token{26d1738 ActivityRecord{bdbf295 u0 com.google.android.videos/com.google.android.apps.play.movies.mobile.usecase.home.RootActivity d0 s94 t96}}}, AppWindowToken{84f7dbf token=Token{d4997de ActivityRecord{c575b19 u0 com.google.android.videos/com.google.android.apps.play.movies.mobile.usecase.watch.WatchActivity$InitiallyLandscape d0 s94 t96}}}] mdr=false}]} splitScreenPrimaryStack=null topSecondaryStack=null appBounds=null
09-12 11:48:37.155   716   807 E         : IProducerListener: malformed binder reply
09-12 11:48:37.157  1482  2032 D WifiPermissionsUtil: com.google.android.gms getScanResults, ignore the location switch restrictions
09-12 11:48:37.158  1482  2032 D WifiPermissionsUtil: com.google.android.gms getScanResults, ignore the location switch restrictions
09-12 11:48:37.260   716   716 I SurfaceFlinger: FPS(Built-in Screen): 31
09-12 11:48:37.591  1482  2032 V ActivityManager: getTasks: max=1
09-12 11:48:37.602  2568  7715 I _V_ScreenObserverService: VivoMultiWindowApp- onChange isFullScreen = false, isAllowActiveSpilt = true, SmartMultWindowUtils.isSplitMode() = false, isTopRunningTaskAtFreeFormStack = false, SmartMultWindowUtils.isRecentsActivityRunningTop() = false
09-12 11:48:37.603  2568  7715 I _V_ScreenObserverService: VivoMultiWindowApp- onChange isFullScreen = false stopPassive
09-12 11:48:37.608  2568  2568 I _V_PassiveMessageController: VivoMultiWindowApp- stopPassiveSmartMultiWindow: set to 0
09-12 11:48:37.596  1482  2032 I chatty  : uid=1000(system) Binder:1482_5 identical 2 lines
09-12 11:48:37.601  1482  2032 V ActivityManager: getTasks: max=1
09-12 11:48:37.612  2568  2568 W ContextImpl: Calling a method in the system process without a qualified user: android.app.ContextImpl.stopService:1562 android.content.ContextWrapper.stopService:674 com.vivo.smartmultiwindow.utils.h$1.handleMessage:178 android.os.Handler.dispatchMessage:106 android.os.Looper.loop:224 
09-12 11:48:37.614  1482  1482 V SettingsProvider: Notifying for 0: content://settings/system/vivo_smartmulitwindow_is_allowed_split
09-12 11:48:37.615  2568  2568 I _V_PassiveMessageController: VivoMultiWindowApp- stopPassiveSmartMultiWindow.
09-12 11:48:37.615  2568  2568 I _V_FloatMessageService: VivoMultiWindowApp-  FloatMessageService-onDestroy 
09-12 11:48:37.615  2568  2568 I _V_FloatMessageWindowManager: VivoMultiWindowApp- FloatMessageWindowManager--releaseAllRes
09-12 11:48:37.615  2568  2568 I _V_FloatMessageWindowManager: VivoMultiWindowApp- clearAllContainer--mTempleMsgPkgList=[]
09-12 11:48:37.615  2568  2568 I _V_FloatMessageWindowManager: VivoMultiWindowApp- FloatMessageWindowManager-releaseFloatMessageView.
09-12 11:48:37.615  2568  2568 I _V_FloatMessageWindowManager: VivoMultiWindowApp- removeFloatMessageViewFromWindow-mFloatMessageViewAdded=false, mHideWithDeleteZone=false, needAnimation=false
09-12 11:48:37.615  2568  2568 I _V_FloatMessageView: VivoMultiWindowApp- FloatMessageView-releaseRes.
09-12 11:48:37.615  2568  2568 I _V_FloatMessageWindowManager: VivoMultiWindowApp- unRegisterNotificationListener-mIsRegisterNotiListener=true
09-12 11:48:37.616  1482  2032 D NotificationListeners: Removing active service ComponentInfo{com.vivo.smartmultiwindow/com.vivo.smartmultiwindow.notification.view.b}
09-12 11:48:37.619  2568  2568 I _V_FloatMessageWindowManager: VivoMultiWindowApp- unRegisterAlwaysFullObserver
09-12 11:48:37.621  2568  2568 I _V_FloatMessageWindowManager: VivoMultiWindowApp- unRegisterIndicatorObserver
09-12 11:48:38.278   716   716 I SurfaceFlinger: FPS(Built-in Screen): 31
09-12 11:48:38.474  1482  1820 D WindowManager: interceptKeyBeforeQueueing systemBooted = true
09-12 11:48:38.475  1482  1820 D WindowManager: interceptKeyTq keycode=24 interactive=true keyguardActive=false policyFlags=22000000
09-12 11:48:38.475  1482  1820 W WindowManager: interceptKeyBeforeQueueingForVivo isGameRunning  = false ,keyguardActive = false ,lastDoubleKey = 0 ,keyCode = 24 ,down = true ,canceled = false
09-12 11:48:38.467  1482  1482 W InputReader: type=1400 audit(0.0:29494): avc: denied { read } for name="u:object_r:system_boot_reason_prop:s0" dev="tmpfs" ino=19799 scontext=u:r:system_server:s0 tcontext=u:object_r:system_boot_reason_prop:s0 tclass=file permissive=0
09-12 11:48:38.478  1482  1820 E libc    : Access denied finding property "sys.boot.reason"
09-12 11:48:38.479  1482  1820 D WindowManager: checkBaseRequirement inJected : false
09-12 11:48:38.479  1482  1820 D WindowManager: isPhicalHomeKey = false ,result = 1
09-12 11:48:38.479  1482  1820 D WindowManager: cancelJoviVoice mPowerKeyHandledByJovi = true
09-12 11:48:38.480  1482  1820 D WindowManager: interceptScreenshotChord downKeyTriggered=false ,upKeyTriggered=true ,powerKeyTriggered=false ,homeKeyTriggered=false
09-12 11:48:38.484  1482  1820 I WindowManager: process interceptKeyBeforeQueueing result = 1
09-12 11:48:38.486  1482  1819 D DisplayPowerController: mSettingBrightness = -1 as request 255
09-12 11:48:38.486  1482  1819 D WindowManager: interceptKeyTi keyCode=24 down=true repeatCount=0 keyguardOn=false mHomePressed=false canceled=false
09-12 11:48:38.486  1482  1819 D WindowManager: intercept win = Window{51015ba u0 com.google.android.videos/com.google.android.apps.play.movies.mobile.usecase.watch.WatchActivity$InitiallyLandscape}
09-12 11:48:38.496  1482  1819 D WindowManager: intercept attrs = {(0,0)(fillxfill) sim={adjust=pan} layoutInDisplayCutoutMode=never ty=BASE_APPLICATION fmt=TRANSLUCENT wanim=0x10302f8 sysuil=true
09-12 11:48:38.496  1482  1819 D WindowManager:   fl=KEEP_SCREEN_ON LAYOUT_IN_SCREEN LAYOUT_INSET_DECOR SPLIT_TOUCH HARDWARE_ACCELERATED TRANSLUCENT_STATUS TRANSLUCENT_NAVIGATION DRAWS_SYSTEM_BAR_BACKGROUNDS
09-12 11:48:38.496  1482  1819 D WindowManager:   pfl=FORCE_DRAW_STATUS_BAR_BACKGROUND
09-12 11:48:38.496  1482  1819 D WindowManager:   vsysui=LAYOUT_STABLE LAYOUT_HIDE_NAVIGATION LAYOUT_FULLSCREEN homeIndicatorState=-1 keepFullScreen=0 internalFlag=0x0 preferedDisplay=0}
09-12 11:48:38.496  1482  1819 D WindowManager: interceptKeyTi delaytime = 1127
09-12 11:48:38.496  1482  1819 I WindowManager: interceptKeyBeforeDispatchingForVivo handled keyCode=24 ,vivoHandleResult=127
09-12 11:48:38.624  1482  1819 D WindowManager: interceptKeyTi keyCode=24 down=true repeatCount=0 keyguardOn=false mHomePressed=false canceled=false
09-12 11:48:38.625  1482  1819 D WindowManager: intercept win = Window{51015ba u0 com.google.android.videos/com.google.android.apps.play.movies.mobile.usecase.watch.WatchActivity$InitiallyLandscape}
09-12 11:48:38.635  1482  1819 D WindowManager: intercept attrs = {(0,0)(fillxfill) sim={adjust=pan} layoutInDisplayCutoutMode=never ty=BASE_APPLICATION fmt=TRANSLUCENT wanim=0x10302f8 sysuil=true
09-12 11:48:38.635  1482  1819 D WindowManager:   fl=KEEP_SCREEN_ON LAYOUT_IN_SCREEN LAYOUT_INSET_DECOR SPLIT_TOUCH HARDWARE_ACCELERATED TRANSLUCENT_STATUS TRANSLUCENT_NAVIGATION DRAWS_SYSTEM_BAR_BACKGROUNDS
09-12 11:48:38.635  1482  1819 D WindowManager:   pfl=FORCE_DRAW_STATUS_BAR_BACKGROUND
09-12 11:48:38.635  1482  1819 D WindowManager:   vsysui=LAYOUT_STABLE LAYOUT_HIDE_NAVIGATION LAYOUT_FULLSCREEN homeIndicatorState=-1 keepFullScreen=0 internalFlag=0x0 preferedDisplay=0}
09-12 11:48:38.636  1482  1819 I WindowManager: process interceptKeyBeforeDispatching ,let the application handle the key.
09-12 11:48:38.654  1482  2032 D MediaSessionService: dispatchVolumeKeyEvent, pkg=com.google.android.videos, pid=7323, uid=10226, asSystem=true, event=KeyEvent { action=ACTION_DOWN, keyCode=KEYCODE_VOLUME_UP, scanCode=115, metaState=0, flags=0x8, repeatCount=0, eventTime=23145000, downTime=23145000, deviceId=6, source=0x101 }
09-12 11:48:38.654  1482  1820 D WindowManager: interceptKeyBeforeQueueing systemBooted = true
09-12 11:48:38.654  1482  1820 D WindowManager: interceptKeyTq keycode=24 interactive=true keyguardActive=false policyFlags=22000000
09-12 11:48:38.654  1482  1820 W WindowManager: interceptKeyBeforeQueueingForVivo isGameRunning  = false ,keyguardActive = false ,lastDoubleKey = 0 ,keyCode = 24 ,down = false ,canceled = false
09-12 11:48:38.654  1482  1820 D WindowManager: mShouldSnoozeAlarm = true
09-12 11:48:38.655  1482  2032 D MediaSessionService: Adjusting com.google.android.videos/play_movies_media (userId=0) by 1. flags=4113, suggestedStream=3, preferSuggestedStream=true
09-12 11:48:38.655  1482  1482 D AudioService: adjustSuggestedStreamVolume() stream=3, flags=4113, caller=MediaSessionService, volControlStream=-1, userSelect=false
09-12 11:48:38.655  1482  1820 E libc    : Access denied finding property "sys.boot.reason"
09-12 11:48:38.655  1482  1820 D WindowManager: checkBaseRequirement inJected : false
09-12 11:48:38.655  1482  1820 D WindowManager: isPhicalHomeKey = false ,result = 1
09-12 11:48:38.647  1482  1482 W InputReader: type=1400 audit(0.0:29495): avc: denied { read } for name="u:object_r:system_boot_reason_prop:s0" dev="tmpfs" ino=19799 scontext=u:r:system_server:s0 tcontext=u:object_r:system_boot_reason_prop:s0 tclass=file permissive=0
09-12 11:48:38.655  1482  1820 I WindowManager: process interceptKeyBeforeQueueing result = 1
09-12 11:48:38.657 31411 31680 D IFeatureService: GET_PHONE_STATE_POM
09-12 11:48:38.658  1482  1482 V AudioService: getActiveStreamType: Forcing STREAM_MUSIC stream active
09-12 11:48:38.658  1482  1482 D AudioService: Volume controller suppressed adjustment
09-12 11:48:38.659  1482  1482 D AudioService: adjustStreamVolume() stream=3, dir=1, flags=4113, caller=MediaSessionService
09-12 11:48:38.659  1482  1819 D WindowManager: interceptKeyTi keyCode=24 down=false repeatCount=0 keyguardOn=false mHomePressed=false canceled=false
09-12 11:48:38.659  1482  1819 D WindowManager: intercept win = Window{51015ba u0 com.google.android.videos/com.google.android.apps.play.movies.mobile.usecase.watch.WatchActivity$InitiallyLandscape}
09-12 11:48:38.659 31411 31680 V APM::AudioPolicyEngine: getDeviceForStrategy() strategy 0, device 2
09-12 11:48:38.664  1482  1482 D AudioService: clear the DetalIndex volume from thirdparty app index:10 minIndex:10 maxIndex:140
09-12 11:48:38.664  1482  1819 D WindowManager: intercept attrs = {(0,0)(fillxfill) sim={adjust=pan} layoutInDisplayCutoutMode=never ty=BASE_APPLICATION fmt=TRANSLUCENT wanim=0x10302f8
09-12 11:48:38.664  1482  1819 D WindowManager:   fl=KEEP_SCREEN_ON LAYOUT_IN_SCREEN LAYOUT_INSET_DECOR SPLIT_TOUCH HARDWARE_ACCELERATED TRANSLUCENT_STATUS TRANSLUCENT_NAVIGATION DRAWS_SYSTEM_BAR_BACKGROUNDS
09-12 11:48:38.664  1482  1819 D WindowManager:   pfl=FORCE_DRAW_STATUS_BAR_BACKGROUND
09-12 11:48:38.664  1482  1819 D WindowManager:   vsysui=LAYOUT_STABLE LAYOUT_HIDE_NAVIGATION LAYOUT_FULLSCREEN homeIndicatorState=-1 keepFullScreen=0 internalFlag=0x0 preferedDisplay=0}
09-12 11:48:38.664  1482  1819 I WindowManager: process interceptKeyBeforeDispatching ,let the application handle the key.
09-12 11:48:38.664 31411 31680 V APM::AudioPolicyEngine: getDeviceForStrategy() strategy 0, device 2
09-12 11:48:38.666 31411 31680 I chatty  : uid=1041(audioserver) Binder:31411_2 identical 5 lines
09-12 11:48:38.667 31411 31680 V APM::AudioPolicyEngine: getDeviceForStrategy() strategy 0, device 2
09-12 11:48:38.668  2115  2264 D VolumeDialogController: onReceive VOLUME_CHANGED_ACTION stream=9 level=1  deltaLevel = 0 oldLevel=0
09-12 11:48:38.668  2499  2499 I _V_VolumeHelper: UpSlide|action: android.media.VOLUME_CHANGED_ACTION,false
09-12 11:48:38.669 31411 31680 V APM::AudioPolicyEngine: getDeviceForStrategy() strategy 0, device 2
09-12 11:48:38.670  1482  1482 D FeatureService: adjustStreamVolumeHook, streamType: 3 index 10 device 2
09-12 11:48:38.671 31411 31689 V APM_AudioPolicyManager: setStreamVolumeIndex() stream 3, device 00000002, index 1
09-12 11:48:38.671 31411 31689 V APM::AudioPolicyEngine: getDeviceForStrategy() strategy 0, device 2
09-12 11:48:38.671 31411 31689 D APM::VolumeCurve: VOLUME mDeviceCategory 1, mStreamType 3 vol index=[1 10 10], dB=[-57.0 -48.0 -48.0]
09-12 11:48:38.671 31411 31689 V AudioPolicyService: AudioCommandThread() adding set volume stream 3, volume 0.003981, output 13
09-12 11:48:38.671 31411 31689 V AudioPolicyService: inserting command: 2 at index 0, num commands 0
09-12 11:48:38.671 31411 31673 V AudioPolicyService: AudioCommandThread() processing set volume stream 3,                             volume 0.003981, output 13
09-12 11:48:38.671 31411 31673 V AudioPolicyService: AudioCommandThread() going to sleep
09-12 11:48:38.671  2499  3410 I _V_VolumeHelper: UpSlide|adjustSeekBar >>> val = 200
09-12 11:48:38.672  2499  2499 I _V_VolumeHelper: UpSlide|action: android.media.VOLUME_CHANGED_ACTION,false
09-12 11:48:38.672 31411 31680 V APM::AudioPolicyEngine: getDeviceForStrategy() strategy 0, device 2
09-12 11:48:38.673 31411 31689 V APM::AudioPolicyEngine: getDeviceForStrategy() strategy 0, device 2
09-12 11:48:38.673 31411 31411 V APM::AudioPolicyEngine: getDeviceForStrategy() strategy 0, device 2
09-12 11:48:38.673 31411 31689 V APM_AudioPolicyManager: setStreamVolumeIndex() stream 10, device 00000002, index 1
09-12 11:48:38.673 31411 31411 V APM::AudioPolicyEngine: getDeviceForStrategy() strategy 0, device 2
09-12 11:48:38.673 31411 31689 V APM::AudioPolicyEngine: getDeviceForStrategy() strategy 0, device 2
09-12 11:48:38.673 31411 31679 V APM::AudioPolicyEngine: getDeviceForStrategy() strategy 0, device 2
09-12 11:48:38.674 31411 31689 V APM_AudioPolicyManager: setStreamVolumeIndex() stream 9, device 00000002, index 1
09-12 11:48:38.674 31411 31680 V APM::AudioPolicyEngine: getDeviceForStrategy() strategy 0, device 2
09-12 11:48:38.674 31411 31411 V APM::AudioPolicyEngine: getDeviceForStrategy() strategy 0, device 2
09-12 11:48:38.674  1482  1482 D AudioService: adjustStreamVolume, adjustVolume: true new_index: 10 oldIndex: 0 flags: 4113 isMuteAdjust:false step:10 mSafeMediaVolumeState:3
09-12 11:48:38.675 31411 31680 V APM::AudioPolicyEngine: getDeviceForStrategy() strategy 0, device 2
09-12 11:48:38.675  2115  2264 D VolumeDialogController: onReceive VOLUME_CHANGED_ACTION stream=3 level=1  deltaLevel = 0 oldLevel=0
09-12 11:48:38.676 31411 31680 V APM::AudioPolicyEngine: getDeviceForStrategy() strategy 0, device 2
09-12 11:48:38.677  2115  2264 I _V_VolumeDialogController:  get Delta:  10 ss.level: 0  level: 10
09-12 11:48:38.677  2115  2264 I vol.Events: writeEvent level_changed STREAM_MUSIC 10
09-12 11:48:38.677 31411 31680 V APM::AudioPolicyEngine: getDeviceForStrategy() strategy 0, device 2
09-12 11:48:38.659  1482  1819 D DisplayPowerController: mSettingBrightness = -1 as request 255
09-12 11:48:38.677   982   982 E wificond: vivo add tx_good 244244 tx_bad 16 rx_good 663223 tx_retry 44654
09-12 11:48:38.678  2499  3410 I _V_VolumeHelper: UpSlide|adjustSeekBar >>> val = 200
09-12 11:48:38.678  1482  1845 D WificondControl: vivo add pollResult txgood 244244 txbad 16 rxgood 663223 txretry 44654
09-12 11:48:38.678  1482  1845 D VivoWifiRssiMap: setFirstFetchRssi, mFirstFetchRssi:-86, rssi:-46
09-12 11:48:38.678  1482  1845 D VivoWifiRssiMap: setWifiRssi, rssi:-46
09-12 11:48:38.680  2115 17630 D VolumeDialogController.VC: volumeChanged STREAM_MUSIC SHOW_UI,VIBRATE,FROM_KEY
09-12 11:48:38.681  1482  4546 D MediaSessionService: dispatchVolumeKeyEvent, pkg=com.google.android.videos, pid=7323, uid=10226, asSystem=true, event=KeyEvent { action=ACTION_UP, keyCode=KEYCODE_VOLUME_UP, scanCode=115, metaState=0, flags=0x8, repeatCount=0, eventTime=23145180, downTime=23145000, deviceId=6, source=0x101 }
09-12 11:48:38.681  1482  4546 D MediaSessionService: Adjusting com.google.android.videos/play_movies_media (userId=0) by 0. flags=4116, suggestedStream=3, preferSuggestedStream=true
09-12 11:48:38.681  1482  1482 D AudioService: adjustSuggestedStreamVolume() stream=3, flags=4116, caller=MediaSessionService, volControlStream=-1, userSelect=false
09-12 11:48:38.682  2115  2264 I vol.Events: writeEvent active_stream_changed STREAM_MUSIC
09-12 11:48:38.682  2115  2264 D VolumeDialogController: updateActiveStreamW 3
09-12 11:48:38.682  1482  4033 D AudioService: forceVolumeControlStream(-1)
09-12 11:48:38.683 31411 31680 D IFeatureService: GET_PHONE_STATE_POM
09-12 11:48:38.683  1482  1482 V AudioService: getActiveStreamType: Forcing STREAM_MUSIC stream active
09-12 11:48:38.684  1482  1482 D AudioService: Volume controller suppressed adjustment
09-12 11:48:38.684  1482  1482 D AudioService: adjustStreamVolume() stream=3, dir=0, flags=4112, caller=MediaSessionService
09-12 11:48:38.684 31411 31680 V APM::AudioPolicyEngine: getDeviceForStrategy() strategy 0, device 2
09-12 11:48:38.684  2115  2264 D AudioManager: forceVolumeControlStream streamType:-1 by com.android.systemui
09-12 11:48:38.684  2115  2264 D VolumeDialogController: forceVolumeControlStream -1
09-12 11:48:38.684  1482  1482 D FeatureService: adjustStreamVolumeHook, streamType: 3 index 10 device 2
09-12 11:48:38.684  1482  1482 D AudioService: adjustStreamVolume, adjustVolume: true new_index: 10 oldIndex: 10 flags: 4112 isMuteAdjust:false step:10 mSafeMediaVolumeState:3
09-12 11:48:38.685  2115  2115 D VivoVolumeDialogImpl: updateVolumeRowH s=2
09-12 11:48:38.685  2115  2115 D VivoVolumeDialogImpl: updateVolumeRowH s=3
09-12 11:48:38.686  2115 17630 D VolumeDialogController.VC: volumeChanged STREAM_MUSIC VIBRATE,FROM_KEY
09-12 11:48:38.686  2115  2115 D VivoVolumeDialogImpl: STREAM_MUSIC onProgressChanged 10 fromUser=false
09-12 11:48:38.686  2115  2115 D VivoVolumeDialogImpl: updateVolumeRowH s=5
09-12 11:48:38.686 31411 31680 V APM::AudioPolicyEngine: getDeviceForStrategy() strategy 0, device 2
09-12 11:48:38.686  2115  2115 D VivoVolumeDialogImpl: updateVolumeRowH s=4
09-12 11:48:38.686  2115  2115 D VivoVolumeDialogImpl: updateVolumeRowH s=0
09-12 11:48:38.686  2115  2115 D VivoVolumeDialogImpl: updateVolumeRowH s=6
09-12 11:48:38.686  2115  2115 D VivoVolumeDialogImpl: updateVolumeRowH s=1
09-12 11:48:38.686  2115  2115 D VivoVolumeDialogImpl: updateVolumeRowH s=10
09-12 11:48:38.686  2115  2115 D VivoVolumeDialogImpl: updateVolumeRowH s=11
09-12 11:48:38.686  2115  2115 D VivoVolumeDialogImpl: updateVolumeRowH s=2
09-12 11:48:38.686  2115  2115 D VivoVolumeDialogImpl: updateVolumeRowH s=3
09-12 11:48:38.686  2115  2115 D VivoVolumeDialogImpl: STREAM_MUSIC onProgressChanged 10 fromUser=false
09-12 11:48:38.686  2115  2115 D VivoVolumeDialogImpl: updateVolumeRowH s=5
09-12 11:48:38.686  2115  2115 D VivoVolumeDialogImpl: updateVolumeRowH s=4
09-12 11:48:38.686  2115  2115 D VivoVolumeDialogImpl: updateVolumeRowH s=0
09-12 11:48:38.686  2115  2115 D VivoVolumeDialogImpl: updateVolumeRowH s=6
09-12 11:48:38.686 31411 31680 V APM::AudioPolicyEngine: getDeviceForStrategy() strategy 0, device 2
09-12 11:48:38.686  2115  2115 D VivoVolumeDialogImpl: updateVolumeRowH s=1
09-12 11:48:38.687  2115  2115 D VivoVolumeDialogImpl: updateVolumeRowH s=10
09-12 11:48:38.687  2115  2115 D VivoVolumeDialogImpl: updateVolumeRowH s=11
09-12 11:48:38.687  2115  2264 I _V_VolumeDialogController:  get Delta:  10 ss.level: 10  level: 10
09-12 11:48:38.687 31411 31680 V APM::AudioPolicyEngine: getDeviceForStrategy() strategy 0, device 2
09-12 11:48:38.688  2115  2115 D VivoVolumeDialogImpl: updateRowsH
09-12 11:48:38.688  2115  2264 I vol.Events: writeEvent key STREAM_MUSIC 10
09-12 11:48:38.688  2115  2115 D VivoVolumeDialogImpl: updateRowsH
09-12 11:48:38.688  2115  2115 D VivoVolumeDialogImpl: rescheduleTimeout 2000 com.android.systemui.volume.VivoVolumeDialogImpl.onStateChangedH:569
09-12 11:48:38.688  2115  2115 D VivoVolumeDialogImpl: updateVolumeRowH s=2
09-12 11:48:38.688 31411 31680 V APM::AudioPolicyEngine: getDeviceForStrategy() strategy 0, device 2
09-12 11:48:38.688  2115  2115 D VivoVolumeDialogImpl: updateVolumeRowH s=3
09-12 11:48:38.688  2115  2115 I _V_VivoVolumeDialogImpl: updateVolumeRowH(), stream: 3 level: 10 isRingVibrate: false isRinsilent: false zenMuted: false mAutomute: true ss.muted false
09-12 11:48:38.688  2115  2115 D VivoVolumeDialogImpl: updateVolumeRowH s=5
09-12 11:48:38.688  2115  2115 D VivoVolumeDialogImpl: updateVolumeRowH s=4
09-12 11:48:38.689  2115  2115 D VivoVolumeDialogImpl: updateVolumeRowH s=0
09-12 11:48:38.689  2115  2115 D VivoVolumeDialogImpl: updateVolumeRowH s=6
09-12 11:48:38.689  2115  2115 D VivoVolumeDialogImpl: updateVolumeRowH s=1
09-12 11:48:38.689  2115  2115 D VivoVolumeDialogImpl: updateVolumeRowH s=10
09-12 11:48:38.689  2115  2115 D VivoVolumeDialogImpl: updateVolumeRowH s=11
09-12 11:48:38.689  2115  2115 D VivoVolumeDialogImpl: updateVolumeRowH s=2
09-12 11:48:38.689 31411 31680 V APM::AudioPolicyEngine: getDeviceForStrategy() strategy 0, device 2
09-12 11:48:38.689  2115  2115 D VivoVolumeDialogImpl: updateVolumeRowH s=3
09-12 11:48:38.689  2115  2115 I _V_VivoVolumeDialogImpl: updateVolumeRowH(), stream: 3 level: 10 isRingVibrate: false isRinsilent: false zenMuted: false mAutomute: true ss.muted false
09-12 11:48:38.689  2115  2115 D VivoVolumeDialogImpl: updateVolumeRowH s=5
09-12 11:48:38.689  2115  2115 D VivoVolumeDialogImpl: updateVolumeRowH s=4
09-12 11:48:38.689  2115  2115 D VivoVolumeDialogImpl: updateVolumeRowH s=0
09-12 11:48:38.689  2115  2115 D VivoVolumeDialogImpl: updateVolumeRowH s=6
09-12 11:48:38.689  2115  2115 D VivoVolumeDialogImpl: updateVolumeRowH s=1
09-12 11:48:38.689  2115  2115 D VivoVolumeDialogImpl: updateVolumeRowH s=10
09-12 11:48:38.689  2115  2115 D VivoVolumeDialogImpl: updateVolumeRowH s=11
09-12 11:48:38.689  2115  2115 D VivoVolumeDialogImpl: showH r=touch_outside
09-12 11:48:38.690  2115  2115 D VivoVolumeDialogImpl: rescheduleTimeout 2000 com.android.systemui.volume.VivoVolumeDialogImpl.showH:406
09-12 11:48:38.690  2115  2264 I _V_VolumeDialogController:  get Delta:  10 ss.level: 10  level: 10
09-12 11:48:38.690 31411 31680 V APM::AudioPolicyEngine: getDeviceForStrategy() strategy 0, device 2
09-12 11:48:38.692  1482  4033 D DisplayPowerController: mSettingBrightness = -1 as request 255
09-12 11:48:38.698  1482  4033 W WindowManager: Failed looking up window callers=com.android.server.wm.VivoBaseWindowManagerService.adjustDisplayIdForWindow:703 com.android.server.wm.WindowManagerService.addWindow:1407 com.android.server.wm.Session.addToDisplay:208 
09-12 11:48:38.707  2115  2115 I vol.Events: writeEvent show_dialog volume_changed keyguard=false
09-12 11:48:38.707  2115  2115 I CatcherGestureDetector: DecorView onAttached
09-12 11:48:38.707  2115  2115 I CatcherGestureDetector: window type filtered
09-12 11:48:38.707  1482  4033 D AudioService: Volume controller visible: true
09-12 11:48:38.721   716  2741 E         : IProducerListener: malformed binder reply
09-12 11:48:39.175  1482  1875 D AudioService: persistVolume mStreamType:3 device:2name:volume_music_speaker index:1
09-12 11:48:39.178  1482  1482 V SettingsProvider: Notifying for 0: content://settings/system/volume_music_speaker
09-12 11:48:39.330   716   716 I SurfaceFlinger: FPS(Built-in Screen): 36
09-12 11:48:39.337  2749  5885 I _V_RMS-Reclaim: available=1587808KB, current watermark=716800KB, last watermark=716800KB, current stopline=800, last stopline=1000
09-12 11:48:39.337  2749  5885 I _V_RMS-Reclaim: Reclaiming took : 3ms
09-12 11:48:39.466  5327  5477 D DataFormatter: Normal bytes 509467
09-12 11:48:39.571  1482  4033 D WindowManager: updateSystemBarsLw hideNavBarSysui : true ,immersiveSticky = false ,win = Window{51015ba u0 com.google.android.videos/com.google.android.apps.play.movies.mobile.usecase.watch.WatchActivity$InitiallyLandscape}
09-12 11:48:39.576  2499 21178 D _V_HomeIndicatorController: UpSlide|handleNotifySystemBarColor: topClassName= com.google.android.videos/com.google.android.apps.play.movies.mobile.usecase.watch.WatchActivity$InitiallyLandscape  ,CoverColor= ff000000,isIconsDark=false,mIsIconsDark = false ,VisState= 4
09-12 11:48:39.576  2499 21178 D _V_IndicatorState: UpSlide|setIndicatorVisState: mIndicatorVisState= 10, state= 4
09-12 11:48:39.579  2499  2499 D _V_HomeIndicatorView: UpSlide|setIndicatorVisible: false
09-12 11:48:39.579  2499  2499 I _V_SideSlideHelper: UpSlide|IndicatorVisibilityChangedEvent: visible=false
09-12 11:48:39.595  2115  2115 I _V_StatusBar: updateNavigationWatchOutside >> watchOutside = false
09-12 11:48:39.597  1482  4546 D PlaybackState: setState position:934211
09-12 11:48:39.597  1482  4546 D MediaSessionRecord: getStateWithUpdatedPosition old statePlaybackState {state=3, position=812210, buffered position=0, speed=1.0, updated=255416770, actions=863, custom actions=[], active item id=-1, error=null} new state:PlaybackState {state=3, position=934211, buffered position=0, speed=1.0, updated=255538771, actions=863, custom actions=[], active item id=-1, error=null}
09-12 11:48:39.597  2115  2115 I _V_BarTransitions.PhoneStatusBarView: MODE_TRANSPARENT -> MODE_LIGHTS_OUT_TRANSPARENT animate=true
09-12 11:48:39.598  2499 21178 I _V_UpSlideHelper: UpSlide|onNavBarStateChanged >> mNavBarState = WINDOW_STATE_HIDING
09-12 11:48:39.601  1482  4033 D WindowManager: updateSystemBarsLw hideNavBarSysui : true ,immersiveSticky = false ,win = Window{51015ba u0 com.google.android.videos/com.google.android.apps.play.movies.mobile.usecase.watch.WatchActivity$InitiallyLandscape}
09-12 11:48:39.603  1482  1482 V SettingsProvider: Notifying for 0: content://settings/system/vivo_fullscreen_flag
09-12 11:48:39.603  1482  4033 D WindowManager: updateSystemBarsLw hideNavBarSysui : true ,immersiveSticky = false ,win = Window{51015ba u0 com.google.android.videos/com.google.android.apps.play.movies.mobile.usecase.watch.WatchActivity$InitiallyLandscape}
09-12 11:48:39.603  2499  2499 I _V_FullScreenFlagObserver: UpSlide|refreshFullScreenFlag >> mIsFullScreen = true
09-12 11:48:39.615  1482  4033 D WindowManager: updateSystemBarsLw hideNavBarSysui : true ,immersiveSticky = false ,win = Window{51015ba u0 com.google.android.videos/com.google.android.apps.play.movies.mobile.usecase.watch.WatchActivity$InitiallyLandscape}
09-12 11:48:39.618   545   545 D OrientationEventListener: Orientation is:268 X:-9.134205 Y:0.2510212 Z:-3.50355
09-12 11:48:39.619  7323  7323 I NavigationBarWindow[WatchActivity$InitiallyLandscape:1]: applyNavColor cost: 7ms
09-12 11:48:39.620  1482  1790 D WindowManager: updateSystemBarsLw hideNavBarSysui : true ,immersiveSticky = false ,win = Window{51015ba u0 com.google.android.videos/com.google.android.apps.play.movies.mobile.usecase.watch.WatchActivity$InitiallyLandscape}
09-12 11:48:39.623  1482  1592 D WindowManager: ScreenshotCord delay reset.
09-12 11:48:39.627  1482  4033 D WindowManager: updateSystemBarsLw hideNavBarSysui : true ,immersiveSticky = false ,win = Window{51015ba u0 com.google.android.videos/com.google.android.apps.play.movies.mobile.usecase.watch.WatchActivity$InitiallyLandscape}
09-12 11:48:39.634  1482  4033 D WindowManager: updateSystemBarsLw hideNavBarSysui : true ,immersiveSticky = false ,win = Window{51015ba u0 com.google.android.videos/com.google.android.apps.play.movies.mobile.usecase.watch.WatchActivity$InitiallyLandscape}
09-12 11:48:39.640  2499  2499 D _V_ShortcutCardContainer: ShortcutPlugin|2003|width: 860, height: 866, mSpecSize: 36
09-12 11:48:39.640  2499  2499 W StaticLayout: maxLineHeight should not be -1.  maxLines:1 lineCount:1
09-12 11:48:39.662  1482  1819 D DisplayPowerController: mSettingBrightness = -1 as request 255
09-12 11:48:39.665  2115  2115 D VivoVolumeDialogImpl: rescheduleTimeout 2000 com.android.systemui.volume.VivoVolumeDialogImpl$BaseDialog.dispatchTouchEvent:1792
09-12 11:48:39.667  1482  4033 D DisplayPowerController: mSettingBrightness = -1 as request 255
09-12 11:48:39.725   937  1047 E ThermalEngine: vivo_thermal_parameter_config :VivoThermal:read type:1  buf: 1
09-12 11:48:39.725   937  1047 E ThermalEngine:  
09-12 11:48:39.767  1482  1592 V WindowOrientationListener: in onTouchEndLocked. proposedRotation=1, oldProposedRotation=1
09-12 11:48:39.767  1482  1597 I JEPH    : moveInterval = 106,mTotalMove=0
09-12 11:48:39.767  2115  2115 D VivoVolumeDialogImpl: rescheduleTimeout 2000 com.android.systemui.volume.VivoVolumeDialogImpl$BaseDialog.dispatchTouchEvent:1792
09-12 11:48:39.768  1482  1819 D DisplayPowerController: mSettingBrightness = -1 as request 255
09-12 11:48:39.768  2115  2115 D VivoVolumeDialogImpl: rescheduleTimeout 2000 com.android.systemui.volume.VivoVolumeDialogImpl$BaseDialog.dispatchTouchEvent:1792
09-12 11:48:39.770  1482  1592 D WindowManager: updateSystemBarsLw hideNavBarSysui : true ,immersiveSticky = false ,win = Window{51015ba u0 com.google.android.videos/com.google.android.apps.play.movies.mobile.usecase.watch.WatchActivity$InitiallyLandscape}
09-12 11:48:39.773  1482  1592 W WindowManager: setVivoMultiWindowRotationFlag:change from false to false
09-12 11:48:39.779  2115  2115 I vol.Events: writeEvent expand true
09-12 11:48:39.779  2115  2115 D VivoVolumeDialogImpl: updateRowsH
09-12 11:48:39.788  2115  2115 I _V_VivoVolumeDialogImpl:  {current_item=3, click_open=1}
09-12 11:48:39.799  1482  4033 W WindowManager: Failed looking up window callers=com.android.server.wm.VivoBaseWindowManagerService.adjustDisplayIdForWindow:703 com.android.server.wm.WindowManagerService.addWindow:1407 com.android.server.wm.Session.addToDisplay:208 
09-12 11:48:39.812  2115  2115 I CatcherGestureDetector: DecorView onAttached
09-12 11:48:39.812  2115  2115 I CatcherGestureDetector: window type filtered
09-12 11:48:39.818  1482  4033 D WindowManager: updateSystemBarsLw hideNavBarSysui : true ,immersiveSticky = false ,win = Window{51015ba u0 com.google.android.videos/com.google.android.apps.play.movies.mobile.usecase.watch.WatchActivity$InitiallyLandscape}
09-12 11:48:39.818   545   545 D OrientationEventListener: Orientation is:269 X:-8.978828 Y:0.2277985 Z:-3.8451877
09-12 11:48:39.821   716   716 D SurfaceFlinger: duplicate layer name: changing VivoVolumeDialogImpl to VivoVolumeDialogImpl#1
09-12 11:48:39.826   716  3621 E         : IProducerListener: malformed binder reply
09-12 11:48:39.847  1482  1790 D WindowManager: updateSystemBarsLw hideNavBarSysui : true ,immersiveSticky = false ,win = Window{51015ba u0 com.google.android.videos/com.google.android.apps.play.movies.mobile.usecase.watch.WatchActivity$InitiallyLandscape}
09-12 11:48:39.853  1482  1790 D WindowManager: updateSystemBarsLw hideNavBarSysui : true ,immersiveSticky = false ,win = Window{51015ba u0 com.google.android.videos/com.google.android.apps.play.movies.mobile.usecase.watch.WatchActivity$InitiallyLandscape}
09-12 11:48:39.889  2115  2115 I CatcherGestureDetector: DecorView onDetached
09-12 11:48:39.897  1482  4033 D WindowManager: updateSystemBarsLw hideNavBarSysui : true ,immersiveSticky = false ,win = Window{51015ba u0 com.google.android.videos/com.google.android.apps.play.movies.mobile.usecase.watch.WatchActivity$InitiallyLandscape}
09-12 11:48:39.901  1482  1790 D WindowManager: updateSystemBarsLw hideNavBarSysui : true ,immersiveSticky = false ,win = Window{51015ba u0 com.google.android.videos/com.google.android.apps.play.movies.mobile.usecase.watch.WatchActivity$InitiallyLandscape}
09-12 11:48:39.904  2115  2115 I vol.Events: writeEvent expand true
09-12 11:48:39.905  2115  2115 D VivoVolumeDialogImpl: updateExpandedH true
