09-12 11:48:44.867 31411 31411 D APM::VolumeCurve: volDetalIndexToDb deltaIndex device:0x0002 deltaIndex:9
09-12 11:48:44.867 31411 31411 D APM::VolumeCurve: VOLUME mDeviceCategory 1, mStreamType 3 vol index=[40 49 50], dB=[-35.0 -31.0 -30.5]
09-12 11:48:44.867 31411 31411 V AudioPolicyService: AudioCommandThread() adding set volume stream 3, volume 0.028347, output 13
09-12 11:48:44.867 31411 31411 V AudioPolicyService: inserting command: 2 at index 0, num commands 0
09-12 11:48:44.867 31411 31673 V AudioPolicyService: AudioCommandThread() processing set volume stream 3,                             volume 0.028347, output 13
09-12 11:48:44.867 31411 31673 V AudioPolicyService: AudioCommandThread() going to sleep
09-12 11:48:44.867  1482  4033 D AudioService: oldIndex = 40new Index = 40
09-12 11:48:44.867 31411 31689 V APM::AudioPolicyEngine: getDeviceForStrategy() strategy 0, device 2
09-12 11:48:44.867 31411 31680 V APM_AudioPolicyManager: setStreamVolumeIndex() stream 10, device 00000002, index 4
09-12 11:48:44.867 31411 31689 V APM::AudioPolicyEngine: getDeviceForStrategy() strategy 0, device 2
09-12 11:48:44.868 31411 31411 V APM_AudioPolicyManager: setStreamVolumeIndex() stream 9, device 00000002, index 4
09-12 11:48:44.868 31411 31411 V APM::AudioPolicyEngine: getDeviceForStrategy() strategy 0, device 2
09-12 11:48:44.868  1482  4033 D AudioService: onSetStreamVolume: streamType:3 stream:3 index:40 flags:0 device:2
09-12 11:48:44.868  1482  4033 D AudioService: setStreamVolume: streamType:3 index:40 flags:0 callingPackage:com.android.systemui
09-12 11:48:44.868  1482  4033 D FeatureService: setStreamVolumeHook streamType 3 index 40 device 2 by:2115
09-12 11:48:44.869  2115 17630 D VolumeDialogController.VC: volumeChanged STREAM_MUSIC 
09-12 11:48:44.869 31411 31680 V APM::AudioPolicyEngine: getDeviceForStrategy() strategy 0, device 2
09-12 11:48:44.870 31411 31680 V APM::AudioPolicyEngine: getDeviceForStrategy() strategy 0, device 2
09-12 11:48:44.870  2115  2264 I _V_VolumeDialogController:  get Delta:  49 ss.level: 48  level: 49
09-12 11:48:44.871 31411 31680 V APM::AudioPolicyEngine: getDeviceForStrategy() strategy 0, device 2
09-12 11:48:44.874  2115  2115 D VivoVolumeDialogImpl: rescheduleTimeout 5000 com.android.systemui.volume.VivoVolumeDialogImpl$BaseDialog.dispatchTouchEvent:1792
09-12 11:48:44.890  2115  2115 D VivoVolumeDialogImpl: rescheduleTimeout 5000 com.android.systemui.volume.VivoVolumeDialogImpl$BaseDialog.dispatchTouchEvent:1792
09-12 11:48:44.891  2115  2115 D VivoVolumeDialogImpl: STREAM_MUSIC onProgressChanged 50 fromUser=true
09-12 11:48:44.891  2115  2115 I vol.Events: writeEvent touch_level_changed STREAM_MUSIC 50
09-12 11:48:44.891  2115  2264 D VolumeDialogController: onSetStreamVolume 3 level=50
09-12 11:48:44.892  1482  4033 D AudioService: setStreamVolumeDelta stream=3, index=50, flags: 0, packageName:com.android.systemui
09-12 11:48:44.892 31411 31411 V APM::AudioPolicyEngine: getDeviceForStrategy() strategy 0, device 2
09-12 11:48:44.892  1482  4033 D AudioService: setStreamVolumeDeltaZoom, streamType: 3 oldIndex:40 index: 50 pkg: com.android.systemui
09-12 11:48:44.892 31411 31680 V APM::AudioPolicyEngine: getDeviceForStrategy() strategy 0, device 2
09-12 11:48:44.893 31411 31680 I chatty  : uid=1041(audioserver) Binder:31411_2 identical 2 lines
09-12 11:48:44.893 31411 31680 V APM::AudioPolicyEngine: getDeviceForStrategy() strategy 0, device 2
09-12 11:48:44.893  1482  4033 D AudioService: setStreamVolume(stream=3, index=5, calling=com.android.systemui)
09-12 11:48:44.894 31411 31680 D IFeatureService: SET_STREAM_VOLUME_DELTA_INDEX
09-12 11:48:44.894 31411 31680 D FeatureService_Native: FeatureService setStreamVolumeDeltaIndex index:0
09-12 11:48:44.894 31411 31680 V APM_AudioPolicyManager: setStreamVolumeDeltaIndex stream:3, index:0, device:2
09-12 11:48:44.895 31411 31680 V APM::AudioPolicyEngine: getDeviceForStrategy() strategy 0, device 2
09-12 11:48:44.895 31411 31680 D IFeatureService: SET_STREAM_VOLUME_DELTA_INDEX
09-12 11:48:44.895 31411 31680 D FeatureService_Native: FeatureService setStreamVolumeDeltaIndex index:10
09-12 11:48:44.895 31411 31680 V APM_AudioPolicyManager: setStreamVolumeDeltaIndex stream:10, index:10, device:2
09-12 11:48:44.896 31411 31680 V APM::AudioPolicyEngine: getDeviceForStrategy() strategy 0, device 2
09-12 11:48:44.896 31411 31680 D IFeatureService: SET_STREAM_VOLUME_DELTA_INDEX
09-12 11:48:44.896 31411 31680 D FeatureService_Native: FeatureService setStreamVolumeDeltaIndex index:0
09-12 11:48:44.896 31411 31680 V APM_AudioPolicyManager: setStreamVolumeDeltaIndex stream:9, index:0, device:2
09-12 11:48:44.896 31411 31680 V APM::AudioPolicyEngine: getDeviceForStrategy() strategy 0, device 2
09-12 11:48:44.897  1482  4033 D AudioService: oldIndex = 40new Index = 50
09-12 11:48:44.897 31411 31411 V APM::AudioPolicyEngine: getDeviceForStrategy() strategy 0, device 2
09-12 11:48:44.898 31411 31680 V APM::AudioPolicyEngine: getDeviceForStrategy() strategy 0, device 2
09-12 11:48:44.899 31411 31689 V APM::AudioPolicyEngine: getDeviceForStrategy() strategy 0, device 2
09-12 11:48:44.899 31411 31689 I chatty  : uid=1041(audioserver) Binder:31411_3 identical 1 line
09-12 11:48:44.899 31411 31689 V APM::AudioPolicyEngine: getDeviceForStrategy() strategy 0, device 2
09-12 11:48:44.901  2499  2499 I _V_VolumeHelper: UpSlide|action: android.media.VOLUME_CHANGED_ACTION,false
09-12 11:48:44.903 31411 31411 V APM::AudioPolicyEngine: getDeviceForStrategy() strategy 0, device 2
09-12 11:48:44.903 31411 31680 V APM::AudioPolicyEngine: getDeviceForStrategy() strategy 0, device 2
09-12 11:48:44.904 31411 31680 V APM::AudioPolicyEngine: getDeviceForStrategy() strategy 0, device 2
09-12 11:48:44.904  2499  2499 I _V_VolumeHelper: UpSlide|action: android.media.VOLUME_CHANGED_ACTION,false
09-12 11:48:44.904  1482  4033 D AudioService: onSetStreamVolume: streamType:3 stream:3 index:50 flags:0 device:2
09-12 11:48:44.904  1482  4033 D AudioService: setStreamVolume: streamType:3 index:50 flags:0 callingPackage:com.android.systemui
09-12 11:48:44.904  1482  4033 D FeatureService: setStreamVolumeHook streamType 3 index 50 device 2 by:2115
09-12 11:48:44.904  2499  3410 I _V_VolumeHelper: UpSlide|adjustSeekBar >>> val = 1000
09-12 11:48:44.905 31411 31680 V APM::AudioPolicyEngine: getDeviceForStrategy() strategy 0, device 2
09-12 11:48:44.905 31411 31680 V APM::AudioPolicyEngine: getDeviceForStrategy() strategy 0, device 2
09-12 11:48:44.905  2499  2499 I _V_VolumeHelper: UpSlide|action: android.media.VOLUME_CHANGED_ACTION,false
09-12 11:48:44.906 31411 31689 V APM::AudioPolicyEngine: getDeviceForStrategy() strategy 0, device 2
09-12 11:48:44.906 31411 31680 V APM::AudioPolicyEngine: getDeviceForStrategy() strategy 0, device 2
09-12 11:48:44.906 31411 31689 V APM::AudioPolicyEngine: getDeviceForStrategy() strategy 0, device 2
09-12 11:48:44.906 31411 31689 V APM::AudioPolicyEngine: getDeviceForStrategy() strategy 0, device 2
09-12 11:48:44.906  2499  3410 I _V_VolumeHelper: UpSlide|adjustSeekBar >>> val = 1000
09-12 11:48:44.906  2115 17630 D VolumeDialogController.VC: volumeChanged STREAM_MUSIC 
09-12 11:48:44.907  2115  2264 D VolumeDialogController: onReceive VOLUME_CHANGED_ACTION stream=10 level=5  deltaLevel = 0 oldLevel=4
09-12 11:48:44.907  2115  2264 D VolumeDialogController: onReceive VOLUME_CHANGED_ACTION stream=9 level=5  deltaLevel = 0 oldLevel=4
09-12 11:48:44.907  2115  2264 D VolumeDialogController: onReceive VOLUME_CHANGED_ACTION stream=3 level=5  deltaLevel = 0 oldLevel=4
09-12 11:48:44.907  2115  2115 D VivoVolumeDialogImpl: rescheduleTimeout 5000 com.android.systemui.volume.VivoVolumeDialogImpl$BaseDialog.dispatchTouchEvent:1792
09-12 11:48:44.908 31411 31689 V APM::AudioPolicyEngine: getDeviceForStrategy() strategy 0, device 2
09-12 11:48:44.909 31411 31689 I chatty  : uid=1041(audioserver) Binder:31411_3 identical 1 line
09-12 11:48:44.909 31411 31689 V APM::AudioPolicyEngine: getDeviceForStrategy() strategy 0, device 2
09-12 11:48:44.910 31411 31689 V APM_AudioPolicyManager: setStreamVolumeIndex() stream 3, device 00000002, index 5
09-12 11:48:44.911 31411 31689 V APM::AudioPolicyEngine: getDeviceForStrategy() strategy 0, device 2
09-12 11:48:44.911 31411 31689 D APM::VolumeCurve: volDetalIndexToDb deltaIndex device:0x0002 deltaIndex:0
09-12 11:48:44.911 31411 31689 D APM::VolumeCurve: VOLUME mDeviceCategory 1, mStreamType 3 vol index=[40 50 50], dB=[-35.0 -30.5 -30.5]
09-12 11:48:44.911 31411 31689 V AudioPolicyService: AudioCommandThread() adding set volume stream 3, volume 0.029854, output 13
09-12 11:48:44.911 31411 31689 V AudioPolicyService: inserting command: 2 at index 0, num commands 0
09-12 11:48:44.911 31411 31673 V AudioPolicyService: AudioCommandThread() processing set volume stream 3,                             volume 0.029854, output 13
09-12 11:48:44.911 31411 31673 V AudioPolicyService: AudioCommandThread() going to sleep
09-12 11:48:44.911 31411 31689 V APM::AudioPolicyEngine: getDeviceForStrategy() strategy 0, device 2
09-12 11:48:44.911  2499  3410 I _V_VolumeHelper: UpSlide|adjustSeekBar >>> val = 1000
09-12 11:48:44.911 31411 31689 V APM_AudioPolicyManager: setStreamVolumeIndex() stream 10, device 00000002, index 5
09-12 11:48:44.912 31411 31689 V APM::AudioPolicyEngine: getDeviceForStrategy() strategy 0, device 2
09-12 11:48:44.912 31411 31689 V APM_AudioPolicyManager: setStreamVolumeIndex() stream 9, device 00000002, index 5
09-12 11:48:44.912 31411 31689 V APM::AudioPolicyEngine: getDeviceForStrategy() strategy 0, device 2
09-12 11:48:44.913  2115  2264 I _V_VolumeDialogController:  get Delta:  50 ss.level: 49  level: 50
09-12 11:48:44.914 31411 31689 V APM::AudioPolicyEngine: getDeviceForStrategy() strategy 0, device 2
09-12 11:48:44.916 31411 31689 V APM::AudioPolicyEngine: getDeviceForStrategy() strategy 0, device 2
09-12 11:48:44.916  2115  2264 I _V_VolumeDialogController:  get Delta:  50 ss.level: 50  level: 50
09-12 11:48:44.917 31411 31689 V APM::AudioPolicyEngine: getDeviceForStrategy() strategy 0, device 2
09-12 11:48:44.924  2115  2115 D VivoVolumeDialogImpl: rescheduleTimeout 5000 com.android.systemui.volume.VivoVolumeDialogImpl$BaseDialog.dispatchTouchEvent:1792
09-12 11:48:44.845  1482  1819 D DisplayPowerController: mSettingBrightness = -1 as request 255
09-12 11:48:44.934  1482  1482 V SettingsProvider: Notifying for 0: content://settings/system/volume_music_speaker_Delta
09-12 11:48:44.935  1482  1875 D AudioService: persistVolume mStreamType:3 device:2name:volume_music_speaker index:5
09-12 11:48:44.937  1482  1482 V SettingsProvider: Notifying for 0: content://settings/system/volume_music_speaker
09-12 11:48:44.938  2115  2115 D VivoVolumeDialogImpl: updateVolumeRowH s=2
09-12 11:48:44.938  2115  2115 D VivoVolumeDialogImpl: updateVolumeRowH s=3
09-12 11:48:44.938  2115  2115 I _V_VivoVolumeDialogImpl: updateVolumeRowH(), stream: 3 level: 49 isRingVibrate: false isRinsilent: false zenMuted: false mAutomute: true ss.muted false
09-12 11:48:44.939  2115  2115 D VivoVolumeDialogImpl: updateVolumeRowH s=5
09-12 11:48:44.939  2115  2115 D VivoVolumeDialogImpl: updateVolumeRowH s=4
09-12 11:48:44.939  2115  2115 D VivoVolumeDialogImpl: updateVolumeRowH s=0
09-12 11:48:44.939  2115  2115 D VivoVolumeDialogImpl: updateVolumeRowH s=6
09-12 11:48:44.939  2115  2115 D VivoVolumeDialogImpl: updateVolumeRowH s=1
09-12 11:48:44.939  2115  2115 D VivoVolumeDialogImpl: updateVolumeRowH s=10
09-12 11:48:44.939  2115  2115 D VivoVolumeDialogImpl: STREAM_ACCESSIBILITY onProgressChanged 500 fromUser=false
09-12 11:48:44.939  2115  2115 D VivoVolumeDialogImpl: updateVolumeRowH s=11
09-12 11:48:44.940  2115  2115 D VivoVolumeDialogImpl: updateVolumeRowH s=2
09-12 11:48:44.940  2115  2115 D VivoVolumeDialogImpl: updateVolumeRowH s=3
09-12 11:48:44.940  2115  2115 I _V_VivoVolumeDialogImpl: updateVolumeRowH(), stream: 3 level: 49 isRingVibrate: false isRinsilent: false zenMuted: false mAutomute: true ss.muted false
09-12 11:48:44.941  2115  2115 D VivoVolumeDialogImpl: STREAM_MUSIC onProgressChanged 49 fromUser=false
09-12 11:48:44.941  2115  2115 D VivoVolumeDialogImpl: updateVolumeRowH s=5
09-12 11:48:44.942  2115  2115 D VivoVolumeDialogImpl: updateVolumeRowH s=4
09-12 11:48:44.942  2115  2115 D VivoVolumeDialogImpl: updateVolumeRowH s=0
09-12 11:48:44.942  2115  2115 D VivoVolumeDialogImpl: updateVolumeRowH s=6
09-12 11:48:44.942  2115  2115 D VivoVolumeDialogImpl: updateVolumeRowH s=1
09-12 11:48:44.943  2115  2115 D VivoVolumeDialogImpl: updateVolumeRowH s=10
09-12 11:48:44.943  2115  2115 D VivoVolumeDialogImpl: STREAM_ACCESSIBILITY onProgressChanged 500 fromUser=false
09-12 11:48:44.943  2115  2115 D VivoVolumeDialogImpl: updateVolumeRowH s=11
09-12 11:48:44.957  2115  2115 D VivoVolumeDialogImpl: rescheduleTimeout 5000 com.android.systemui.volume.VivoVolumeDialogImpl$BaseDialog.dispatchTouchEvent:1792
09-12 11:48:44.958  2115  2115 D VivoVolumeDialogImpl: STREAM_MUSIC onProgressChanged 51 fromUser=true
09-12 11:48:44.958  2115  2115 I vol.Events: writeEvent touch_level_changed STREAM_MUSIC 51
09-12 11:48:44.960  2115  2264 D VolumeDialogController: onSetStreamVolume 3 level=51
09-12 11:48:44.960  1482  4564 D AudioService: setStreamVolumeDelta stream=3, index=51, flags: 0, packageName:com.android.systemui
09-12 11:48:44.961 31411 31689 V APM::AudioPolicyEngine: getDeviceForStrategy() strategy 0, device 2
09-12 11:48:44.961  1482  4564 D AudioService: setStreamVolumeDeltaZoom, streamType: 3 oldIndex:50 index: 51 pkg: com.android.systemui
09-12 11:48:44.961 31411 31689 V APM::AudioPolicyEngine: getDeviceForStrategy() strategy 0, device 2
09-12 11:48:44.962 31411 31689 I chatty  : uid=1041(audioserver) Binder:31411_3 identical 2 lines
09-12 11:48:44.962 31411 31689 V APM::AudioPolicyEngine: getDeviceForStrategy() strategy 0, device 2
09-12 11:48:44.962  1482  4564 D AudioService: setStreamVolume(stream=3, index=5, calling=com.android.systemui)
09-12 11:48:44.963 31411 31689 V APM::AudioPolicyEngine: getDeviceForStrategy() strategy 0, device 2
09-12 11:48:44.963  1482  4564 D AudioService: oldIndex = 50new Index = 50
09-12 11:48:44.963 31411 31689 V APM::AudioPolicyEngine: getDeviceForStrategy() strategy 0, device 2
09-12 11:48:44.964  1482  4564 D AudioService: onSetStreamVolume: streamType:3 stream:3 index:50 flags:0 device:2
09-12 11:48:44.964  1482  4564 D AudioService: setStreamVolume: streamType:3 index:50 flags:0 callingPackage:com.android.systemui
09-12 11:48:44.964  1482  4564 D FeatureService: setStreamVolumeHook streamType 3 index 50 device 2 by:2115
09-12 11:48:44.964  2115 17630 D VolumeDialogController.VC: volumeChanged STREAM_MUSIC 
09-12 11:48:44.964 31411 31689 D IFeatureService: SET_STREAM_VOLUME_DELTA_INDEX
09-12 11:48:44.965 31411 31689 D FeatureService_Native: FeatureService setStreamVolumeDeltaIndex index:1
09-12 11:48:44.965 31411 31689 V APM_AudioPolicyManager: setStreamVolumeDeltaIndex stream:3, index:1, device:2
09-12 11:48:44.965 31411 31689 V APM::AudioPolicyEngine: getDeviceForStrategy() strategy 0, device 2
09-12 11:48:44.966 31411 31689 D IFeatureService: SET_STREAM_VOLUME_DELTA_INDEX
09-12 11:48:44.966 31411 31689 D FeatureService_Native: FeatureService setStreamVolumeDeltaIndex index:10
09-12 11:48:44.966 31411 31689 V APM_AudioPolicyManager: setStreamVolumeDeltaIndex stream:10, index:10, device:2
09-12 11:48:44.966 31411 31689 V APM::AudioPolicyEngine: getDeviceForStrategy() strategy 0, device 2
09-12 11:48:44.967 31411 31411 D IFeatureService: SET_STREAM_VOLUME_DELTA_INDEX
09-12 11:48:44.967 31411 31411 D FeatureService_Native: FeatureService setStreamVolumeDeltaIndex index:1
09-12 11:48:44.967 31411 31411 V APM_AudioPolicyManager: setStreamVolumeDeltaIndex stream:9, index:1, device:2
09-12 11:48:44.967 31411 31411 V APM_AudioPolicyManager: setStreamVolumeIndex() stream 3, device 00000002, index 5
09-12 11:48:44.967 31411 31411 V APM::AudioPolicyEngine: getDeviceForStrategy() strategy 0, device 2
09-12 11:48:44.967 31411 31411 D APM::VolumeCurve: volDetalIndexToDb deltaIndex device:0x0002 deltaIndex:1
09-12 11:48:44.967 31411 31411 D APM::VolumeCurve: VOLUME mDeviceCategory 1, mStreamType 3 vol index=[50 51 60], dB=[-30.5 -30.0 -26.0]
09-12 11:48:44.967 31411 31411 V AudioPolicyService: AudioCommandThread() adding set volume stream 3, volume 0.031442, output 13
09-12 11:48:44.967 31411 31411 V AudioPolicyService: inserting command: 2 at index 0, num commands 0
09-12 11:48:44.967 31411 31673 V AudioPolicyService: AudioCommandThread() processing set volume stream 3,                             volume 0.031442, output 13
09-12 11:48:44.968 31411 31673 V AudioPolicyService: AudioCommandThread() going to sleep
09-12 11:48:44.968 31411 31411 V APM::AudioPolicyEngine: getDeviceForStrategy() strategy 0, device 2
09-12 11:48:44.969 31411 31411 V APM_AudioPolicyManager: setStreamVolumeIndex() stream 10, device 00000002, index 5
09-12 11:48:44.969 31411 31411 V APM::AudioPolicyEngine: getDeviceForStrategy() strategy 0, device 2
09-12 11:48:44.969 31411 31411 V APM_AudioPolicyManager: setStreamVolumeIndex() stream 9, device 00000002, index 5
09-12 11:48:44.970 31411 31411 V APM::AudioPolicyEngine: getDeviceForStrategy() strategy 0, device 2
09-12 11:48:44.971 31411 31411 V APM::AudioPolicyEngine: getDeviceForStrategy() strategy 0, device 2
09-12 11:48:44.971  2115  2264 I _V_VolumeDialogController:  get Delta:  51 ss.level: 50  level: 51
09-12 11:48:44.971 31411 31411 V APM::AudioPolicyEngine: getDeviceForStrategy() strategy 0, device 2
09-12 11:48:44.985  1482  1819 D DisplayPowerController: mSettingBrightness = -1 as request 255
09-12 11:48:44.991  2115  2115 D VivoVolumeDialogImpl: rescheduleTimeout 5000 com.android.systemui.volume.VivoVolumeDialogImpl$BaseDialog.dispatchTouchEvent:1792
09-12 11:48:45.041  1482  1482 V SettingsProvider: Notifying for 0: content://settings/system/volume_music_speaker_Delta
09-12 11:48:45.048  1482  1875 D AudioService: persistVolume mStreamType:3 device:2name:volume_music_speaker index:5
09-12 11:48:45.298  1482  1819 D DisplayPowerController: mSettingBrightness = -1 as request 255
09-12 11:48:45.301  1482  1592 V ActivityManager: getTasks: max=1
09-12 11:48:45.234  1482  1875 I chatty  : uid=1000(system) AudioService identical 7 lines
09-12 11:48:45.297  1482  1875 D AudioService: persistVolume mStreamType:3 device:2name:volume_music_speaker index:5
09-12 11:48:45.302  1482  1597 I JEPH    : moveInterval = 881,mTotalMove=0
09-12 11:48:45.302  2115  2115 D VivoVolumeDialogImpl: rescheduleTimeout 5000 com.android.systemui.volume.VivoVolumeDialogImpl$BaseDialog.dispatchTouchEvent:1792
09-12 11:48:45.303  2115  2115 D VivoVolumeDialogImpl: rescheduleTimeout 5000 com.android.systemui.volume.VivoVolumeDialogImpl$BaseDialog.dispatchTouchEvent:1792
09-12 11:48:45.304  2115  2115 D VivoVolumeDialogImpl: onStopTrackingTouch 3   51
09-12 11:48:45.304  2115  2115 I _V_VivoVolumeDialogImpl:  {dragItem=3, drag=1, percent=0.34}
09-12 11:48:45.304  1482  1592 V WindowOrientationListener: in onTouchEndLocked. proposedRotation=1, oldProposedRotation=1
09-12 11:48:45.305  1482  2507 D DisplayPowerController: mSettingBrightness = -1 as request 255
09-12 11:48:45.305  2115  2115 I vol.Events: writeEvent touch_level_done STREAM_MUSIC 51
09-12 11:48:45.306  1482  1875 D AudioService: persistVolume mStreamType:3 device:2name:volume_music_speaker index:5
09-12 11:48:45.307  2115  2115 D VivoVolumeDialogImpl: recheckH 3
09-12 11:48:45.307  2115  2115 D VivoVolumeDialogImpl: updateVolumeRowH s=3
09-12 11:48:45.307  2115  2115 I _V_VivoVolumeDialogImpl: updateVolumeRowH(), stream: 3 level: 51 isRingVibrate: false isRinsilent: false zenMuted: false mAutomute: true ss.muted false
09-12 11:48:45.314  1482  1592 D WindowManager: updateSystemBarsLw hideNavBarSysui : true ,immersiveSticky = false ,win = Window{51015ba u0 com.google.android.videos/com.google.android.apps.play.movies.mobile.usecase.watch.WatchActivity$InitiallyLandscape}
09-12 11:48:45.317  1482  1592 W WindowManager: setVivoMultiWindowRotationFlag:change from false to false
09-12 11:48:45.324  1482  1875 D AudioService: persistVolume mStreamType:3 device:2name:volume_music_speaker index:5
09-12 11:48:45.369  1482  1875 I chatty  : uid=1000(system) AudioService identical 2 lines
09-12 11:48:45.413  1482  1875 D AudioService: persistVolume mStreamType:3 device:2name:volume_music_speaker index:5
09-12 11:48:45.462   716   716 I SurfaceFlinger: FPS(Built-in Screen): 34
09-12 11:48:45.469  1482  1875 D AudioService: persistVolume mStreamType:3 device:2name:volume_music_speaker index:5
09-12 11:48:45.484  5327  5477 D DataFormatter: Normal bytes 386662
09-12 11:48:45.727   937  1047 E ThermalEngine: vivo_thermal_parameter_config :VivoThermal:read type:1  buf: 1
09-12 11:48:45.727   937  1047 E ThermalEngine:  
09-12 11:48:46.211  1482  2507 D DisplayPowerController: mSettingBrightness = -1 as request 255
09-12 11:48:46.286  1482  1819 W InputDispatcher: window Window{34459a7 u0 VivoVolumeDialogImpl} , frame=[1621,169][2340,910] is obscured because of overlap
09-12 11:48:46.287  2115  2115 D VivoVolumeDialogImpl: rescheduleTimeout 5000 com.android.systemui.volume.VivoVolumeDialogImpl$BaseDialog.dispatchTouchEvent:1792
09-12 11:48:46.294  2115  2115 I vol.Events: writeEvent dismiss_dialog touch_outside
09-12 11:48:46.295  1482  4546 D AudioService: Volume controller visible: false
09-12 11:48:46.295  1482  1819 D DisplayPowerController: mSettingBrightness = -1 as request 255
09-12 11:48:46.296  2115  2264 I vol.Events: writeEvent active_stream_changed UNKNOWN_STREAM_-1
09-12 11:48:46.296  2115  2264 D VolumeDialogController: updateActiveStreamW -1
09-12 11:48:46.296  1482  4564 D AudioService: forceVolumeControlStream(-1)
09-12 11:48:46.297  2115  2264 D AudioManager: forceVolumeControlStream streamType:-1 by com.android.systemui
09-12 11:48:46.297  1482  2507 D DisplayPowerController: mSettingBrightness = -1 as request 255
09-12 11:48:46.297  2115  2264 D VolumeDialogController: forceVolumeControlStream -1
09-12 11:48:46.304  1482  2507 D WindowManager: updateSystemBarsLw hideNavBarSysui : true ,immersiveSticky = false ,win = Window{51015ba u0 com.google.android.videos/com.google.android.apps.play.movies.mobile.usecase.watch.WatchActivity$InitiallyLandscape}
09-12 11:48:46.388  1482  1592 V WindowOrientationListener: in onTouchEndLocked. proposedRotation=1, oldProposedRotation=1
09-12 11:48:46.388  1482  1597 I JEPH    : moveInterval = 99,mTotalMove=0
09-12 11:48:46.393  1482  1592 D WindowManager: updateSystemBarsLw hideNavBarSysui : true ,immersiveSticky = false ,win = Window{51015ba u0 com.google.android.videos/com.google.android.apps.play.movies.mobile.usecase.watch.WatchActivity$InitiallyLandscape}
09-12 11:48:46.397  1482  1592 W WindowManager: setVivoMultiWindowRotationFlag:change from false to false
09-12 11:48:46.416  1482  2507 D DisplayPowerController: mSettingBrightness = -1 as request 255
09-12 11:48:46.465   716   716 I SurfaceFlinger: FPS(Built-in Screen): 29
09-12 11:48:46.562  2115  2115 I CatcherGestureDetector: DecorView onDetached
09-12 11:48:46.572  1482  2507 V VivoBaseDisplayContent:  updateDockBackground bForceShow=false divider_bg_enable=true bShowBg=false mForceShowFlag=false isVivoDockedDividerResizing=false topStack={stackId=94 tasks=[{taskId=96 appTokens=[AppWindowToken{2d62311 token=Token{26d1738 ActivityRecord{bdbf295 u0 com.google.android.videos/com.google.android.apps.play.movies.mobile.usecase.home.RootActivity d0 s94 t96}}}, AppWindowToken{84f7dbf token=Token{d4997de ActivityRecord{c575b19 u0 com.google.android.videos/com.google.android.apps.play.movies.mobile.usecase.watch.WatchActivity$InitiallyLandscape d0 s94 t96}}}] mdr=false}]} splitScreenPrimaryStack=null topSecondaryStack=null appBounds=null
09-12 11:48:46.576  1482  2507 D WindowManager: updateSystemBarsLw hideNavBarSysui : true ,immersiveSticky = false ,win = Window{51015ba u0 com.google.android.videos/com.google.android.apps.play.movies.mobile.usecase.watch.WatchActivity$InitiallyLandscape}
09-12 11:48:46.579   716   893 W SurfaceFlinger: Attempting to destroy on removed layer: 34459a7 VivoVolumeDialogImpl#0
09-12 11:48:46.582  2115  2115 D VivoVolumeDialogImpl: updateExpandedH false
09-12 11:48:46.583  2115  2115 D VivoVolumeDialogImpl: updateExpandButtonH
09-12 11:48:46.583  2115  2115 D VivoVolumeDialogImpl: updateRowsH
09-12 11:48:46.584  2115  2115 D VivoVolumeDialogImpl: rescheduleTimeout 2000 com.android.systemui.volume.VivoVolumeDialogImpl$ExpandableDialog.updateExpanded:1608
09-12 11:48:46.585  2115  2115 D VivoVolumeDialogImpl: updateRowsH
09-12 11:48:46.586  2115  2115 D VivoVolumeDialogImpl: updateRowsH
09-12 11:48:46.587  2115  2115 D VivoVolumeDialogImpl: rescheduleTimeout 2000 com.android.systemui.volume.VivoVolumeDialogImpl.onStateChangedH:569
09-12 11:48:46.587  2115  2115 D VivoVolumeDialogImpl: updateVolumeRowH s=2
09-12 11:48:46.588  2115  2115 D VivoVolumeDialogImpl: updateVolumeRowH s=3
09-12 11:48:46.588  2115  2115 D VivoVolumeDialogImpl: updateVolumeRowH s=5
09-12 11:48:46.588  2115  2115 D VivoVolumeDialogImpl: updateVolumeRowH s=4
09-12 11:48:46.588  2115  2115 D VivoVolumeDialogImpl: updateVolumeRowH s=0
09-12 11:48:46.588  2115  2115 D VivoVolumeDialogImpl: updateVolumeRowH s=6
09-12 11:48:46.588  2115  2115 D VivoVolumeDialogImpl: updateVolumeRowH s=1
09-12 11:48:46.588  2115  2115 D VivoVolumeDialogImpl: updateVolumeRowH s=10
09-12 11:48:46.588  2115  2115 D VivoVolumeDialogImpl: updateVolumeRowH s=11
09-12 11:48:46.588  2115  2115 D VivoVolumeDialogImpl: updateVolumeRowH s=2
09-12 11:48:46.588  2115  2115 D VivoVolumeDialogImpl: updateVolumeRowH s=3
09-12 11:48:46.589  2115  2115 D VivoVolumeDialogImpl: STREAM_MUSIC onProgressChanged 51 fromUser=false
09-12 11:48:46.589  2115  2115 D VivoVolumeDialogImpl: updateVolumeRowH s=5
09-12 11:48:46.590  2115  2115 D VivoVolumeDialogImpl: updateVolumeRowH s=4
09-12 11:48:46.590  2115  2115 D VivoVolumeDialogImpl: updateVolumeRowH s=0
09-12 11:48:46.590  2115  2115 D VivoVolumeDialogImpl: updateVolumeRowH s=6
09-12 11:48:46.590  2115  2115 D VivoVolumeDialogImpl: updateVolumeRowH s=1
09-12 11:48:46.590  2115  2115 D VivoVolumeDialogImpl: updateVolumeRowH s=10
09-12 11:48:46.590  2115  2115 D VivoVolumeDialogImpl: updateVolumeRowH s=11
09-12 11:48:46.591  2115  2115 D VivoVolumeDialogImpl: recheckH ALL
09-12 11:48:46.591  2115  2115 D VivoVolumeDialogImpl: trimObsoleteH
09-12 11:48:46.591  2115  2115 D VivoVolumeDialogImpl: updateVolumeRowH s=2
09-12 11:48:46.592  2115  2115 D VivoVolumeDialogImpl: updateVolumeRowH s=3
09-12 11:48:46.592  2115  2115 D VivoVolumeDialogImpl: updateVolumeRowH s=5
09-12 11:48:46.592  2115  2115 D VivoVolumeDialogImpl: updateVolumeRowH s=4
09-12 11:48:46.592  2115  2115 D VivoVolumeDialogImpl: updateVolumeRowH s=0
09-12 11:48:46.592  2115  2115 D VivoVolumeDialogImpl: updateVolumeRowH s=6
09-12 11:48:46.592  2115  2115 D VivoVolumeDialogImpl: updateVolumeRowH s=1
09-12 11:48:46.592  2115  2115 D VivoVolumeDialogImpl: updateVolumeRowH s=10
09-12 11:48:46.592  2115  2115 D VivoVolumeDialogImpl: updateVolumeRowH s=11
09-12 11:48:46.592  2115  2115 D VivoVolumeDialogImpl: updateVolumeRowH s=2
09-12 11:48:46.592  2115  2115 D VivoVolumeDialogImpl: updateVolumeRowH s=3
09-12 11:48:46.592  2115  2115 D VivoVolumeDialogImpl: updateVolumeRowH s=5
09-12 11:48:46.592  2115  2115 D VivoVolumeDialogImpl: updateVolumeRowH s=4
09-12 11:48:46.592  2115  2115 D VivoVolumeDialogImpl: updateVolumeRowH s=0
09-12 11:48:46.593  2115  2115 D VivoVolumeDialogImpl: updateVolumeRowH s=6
09-12 11:48:46.593  2115  2115 D VivoVolumeDialogImpl: updateVolumeRowH s=1
09-12 11:48:46.593  2115  2115 D VivoVolumeDialogImpl: updateVolumeRowH s=10
09-12 11:48:46.593  1482  2507 D DisplayPowerController: mSettingBrightness = -1 as request 255
09-12 11:48:46.594  2115  2115 D VivoVolumeDialogImpl: updateVolumeRowH s=11
09-12 11:48:46.596  1482  4546 D WindowManager: updateSystemBarsLw hideNavBarSysui : true ,immersiveSticky = false ,win = Window{51015ba u0 com.google.android.videos/com.google.android.apps.play.movies.mobile.usecase.watch.WatchActivity$InitiallyLandscape}
09-12 11:48:46.618  2115  2115 I _V_StatusBar: updateNavigationWatchOutside >> watchOutside = false
09-12 11:48:46.618  2499 21178 D _V_HomeIndicatorController: UpSlide|handleNotifySystemBarColor: topClassName= com.google.android.videos/com.google.android.apps.play.movies.mobile.usecase.watch.WatchActivity$InitiallyLandscape  ,CoverColor= ff000000,isIconsDark=false,mIsIconsDark = false ,VisState= -1
09-12 11:48:46.618  2499 21178 D _V_IndicatorState: UpSlide|setIndicatorVisState: mIndicatorVisState= 20, state= -1
09-12 11:48:46.618  2499  2499 D _V_HomeIndicatorView: UpSlide|setIndicatorVisible: false
09-12 11:48:46.618  2499  2499 I _V_SideSlideHelper: UpSlide|IndicatorVisibilityChangedEvent: visible=false
09-12 11:48:46.619  1482  2507 D PlaybackState: setState position:941233
09-12 11:48:46.619  1482  2507 D MediaSessionRecord: getStateWithUpdatedPosition old statePlaybackState {state=3, position=812210, buffered position=0, speed=1.0, updated=255416770, actions=863, custom actions=[], active item id=-1, error=null} new state:PlaybackState {state=3, position=941233, buffered position=0, speed=1.0, updated=255545793, actions=863, custom actions=[], active item id=-1, error=null}
09-12 11:48:46.620  2115  2115 I _V_BarTransitions.PhoneStatusBarView: MODE_LIGHTS_OUT_TRANSPARENT -> MODE_TRANSPARENT animate=false
09-12 11:48:46.624  1482  1892 E VivoSensorTest: LIWEI Java_com_sensoroperate_VivoSensorOperationUtils_jniVivoSensorOperationUtilsInt
09-12 11:48:46.624  1482  1892 D VivoSensorTest: before Java_com_sensoroperate_VivoSensorOperationUtils_jniVivoSensorOperationUtilsInt type=201 arg_len=3
09-12 11:48:46.624  1482  1892 D VivoSensorTest_hidl: 59:VivoSensorTest(): VivoSensorTest start ID 0xc9 201 111 0
09-12 11:48:46.629   695   695 E VivoSensorTest: VivoSensorTest bbk_em_sensor_main: ID 0xc9 arg1 201 arg2 111 arg3 0
09-12 11:48:46.629   695   695 E VivoSensorTest: bbk_em_sensor_main: ID 0xc9 args 201 111 0
09-12 11:48:46.629   695   695 E VivoSensorTest: sensor_operation_utils sensor_als_get_raw_data
09-12 11:48:46.629   695   695 W VivoSensorTest: Waiting for service
09-12 11:48:46.629   695   695 W VivoSensorTest: Waiting complete
09-12 11:48:46.629   695   695 W VivoSensorTest: Creating client connection
09-12 11:48:46.630   695   695 W VivoSensorTest: Sending request payload len 52
09-12 11:48:46.631   695  7728 W VivoSensorTest: Received response; error 0, msg_id 32, size 32
09-12 11:48:46.631   695  7728 W VivoSensorTest: Received client ID 1768 result 0
09-12 11:48:46.632   695  7728 W VivoSensorTest: Received Indication; len 89
09-12 11:48:46.632   695  7728 W VivoSensorTest: Indication from client ID 1768
09-12 11:48:46.633   695  7728 W VivoSensorTest: Begin decoding event
09-12 11:48:46.633   695  7728 W VivoSensorTest: Received SUID Event with SUID 2a462eac2a9a1071 4795ecea145f6a96
09-12 11:48:46.633  1482  1482 V SettingsProvider: Notifying for 0: content://settings/system/vivo_fullscreen_flag
09-12 11:48:46.633   695  7728 W VivoSensorTest: vivo_signal_response
09-12 11:48:46.634  2499  2499 I _V_FullScreenFlagObserver: UpSlide|refreshFullScreenFlag >> mIsFullScreen = false
09-12 11:48:46.634   695  7728 W VivoSensorTest: Received SUID Event with data type 'ambient_light'
09-12 11:48:46.635   695  7728 W VivoSensorTest: Event decoding complete
09-12 11:48:46.635   695  7728 I VivoSensorTest: Indication processing completed
09-12 11:48:46.635   695   695 V VivoSensorTest: send_enable_req
09-12 11:48:46.635   695   695 W VivoSensorTest: Sending request payload len 40
09-12 11:48:46.635   695   695 I VivoSensorTest: als raw data ignore ready time....
09-12 11:48:46.635   695   695 D VivoSensorTest: vivo_send_req command_count 0/1
09-12 11:48:46.635   695   695 W VivoSensorTest: Sending request payload len 41
09-12 11:48:46.636   695  7728 W VivoSensorTest: Received response; error 0, msg_id 32, size 32
09-12 11:48:46.636   695  7728 W VivoSensorTest: Received client ID 1768 result 0
09-12 11:48:46.636   695  7728 W VivoSensorTest: Received response; error 0, msg_id 32, size 32
09-12 11:48:46.636   695  7728 W VivoSensorTest: Received client ID 1768 result 0
09-12 11:48:46.637   695  7728 W VivoSensorTest: Received Indication; len 80
09-12 11:48:46.637   695  7728 W VivoSensorTest: Indication from client ID 1768
09-12 11:48:46.637   695  7728 W VivoSensorTest: Begin decoding event
09-12 11:48:46.637   695  7728 V VivoSensorTest: Begin decoding sensor event 768
09-12 11:48:46.637   695  7728 E VivoSensorTest: SNS_STD_SENSOR_MSGID_SNS_STD_SENSOR_EVENT: Error decoding event: missing required field
09-12 11:48:46.637   695  7728 E VivoSensorTest: Error decoding Event: callback failed
09-12 11:48:46.637   695  7728 W VivoSensorTest: Event decoding complete
09-12 11:48:46.637   695  7728 E VivoSensorTest: Error decoding event list: callback failed
09-12 11:48:46.637   695  7728 I VivoSensorTest: Indication processing completed
09-12 11:48:46.637   695  7728 W VivoSensorTest: Received Indication; len 86
09-12 11:48:46.637   695  7728 W VivoSensorTest: Indication from client ID 1768
09-12 11:48:46.637   695  7728 W VivoSensorTest: Begin decoding event
09-12 11:48:46.637   695  7728 V VivoSensorTest: Begin decoding sensor event 1023
09-12 11:48:46.637   695  7728 W VivoSensorTest: vivo_signal_response
09-12 11:48:46.637   695  7728 E VivoSensorTest: VIVO_MSGID_SNS_SENSOR_GET_DATA_EVENT: received/total 1/1
09-12 11:48:46.637   695  7728 I VivoSensorTest: als_rawdata_callback lux is 116.916527 1990.000000 2031.000000 1991.000000 197.000000
09-12 11:48:46.637   695  7728 V VivoSensorTest: Done decoding sensor event
09-12 11:48:46.637   695  7728 W VivoSensorTest: Event decoding complete
09-12 11:48:46.637   695  7728 I VivoSensorTest: Indication processing completed
09-12 11:48:46.637   695   695 W VivoSensorTest: Sensors  data test completed - Exiting ret =1
09-12 11:48:46.638  1482  1892 D VivoSensorTest_hidl: 100:VivoSensorTest(): VivoSensorTest end ID 201 ret 0
09-12 11:48:46.638  1482  1892 D VivoSensorTest: after Java_com_sensoroperate_VivoSensorOperationUtils_jniVivoSensorOperationUtilsInt type=201 arg_len=3
09-12 11:48:46.638  1482  1892 D VivoSensorOperationUtils: executeCommand 0
09-12 11:48:46.638  1482  1892 D VivoProxCaliService: Get als_data _end:116.91653
09-12 11:48:46.655  2499 21178 I _V_UpSlideHelper: UpSlide|onNavBarStateChanged >> mNavBarState = WINDOW_STATE_SHOWING
09-12 11:48:46.657  7323  7323 I NavigationBarWindow[WatchActivity$InitiallyLandscape:1]: applyNavColor cost: 3ms
09-12 11:48:46.662  2499 11243 I NavigationBarWindow[RecentsActivity:1]: applyNavColor cost: 1ms
09-12 11:48:46.680  1482  4564 V VivoBaseDisplayContent:  updateDockBackground bForceShow=false divider_bg_enable=true bShowBg=false mForceShowFlag=false isVivoDockedDividerResizing=false topStack={stackId=94 tasks=[{taskId=96 appTokens=[AppWindowToken{2d62311 token=Token{26d1738 ActivityRecord{bdbf295 u0 com.google.android.videos/com.google.android.apps.play.movies.mobile.usecase.home.RootActivity d0 s94 t96}}}, AppWindowToken{84f7dbf token=Token{d4997de ActivityRecord{c575b19 u0 com.google.android.videos/com.google.android.apps.play.movies.mobile.usecase.watch.WatchActivity$InitiallyLandscape d0 s94 t96}}}] mdr=false}]} splitScreenPrimaryStack=null topSecondaryStack=null appBounds=null
09-12 11:48:46.683   716   807 E         : IProducerListener: malformed binder reply
09-12 11:48:47.138  1482  4564 V ActivityManager: getTasks: max=1
09-12 11:48:47.150  2568  7729 I _V_ScreenObserverService: VivoMultiWindowApp- onChange isFullScreen = false, isAllowActiveSpilt = true, SmartMultWindowUtils.isSplitMode() = false, isTopRunningTaskAtFreeFormStack = false, SmartMultWindowUtils.isRecentsActivityRunningTop() = false
09-12 11:48:47.150  2568  7729 I _V_ScreenObserverService: VivoMultiWindowApp- onChange isFullScreen = false stopPassive
09-12 11:48:47.152  2568  2568 I _V_PassiveMessageController: VivoMultiWindowApp- stopPassiveSmartMultiWindow: set to 0
09-12 11:48:47.144  1482  4564 I chatty  : uid=1000(system) Binder:1482_14 identical 2 lines
09-12 11:48:47.148  1482  4564 V ActivityManager: getTasks: max=1
09-12 11:48:47.156  1482  1482 V SettingsProvider: Notifying for 0: content://settings/system/vivo_smartmulitwindow_is_allowed_split
09-12 11:48:47.157  2568  2568 W ContextImpl: Calling a method in the system process without a qualified user: android.app.ContextImpl.stopService:1562 android.content.ContextWrapper.stopService:674 com.vivo.smartmultiwindow.utils.h$1.handleMessage:178 android.os.Handler.dispatchMessage:106 android.os.Looper.loop:224 
09-12 11:48:47.160  2568  2568 I _V_PassiveMessageController: VivoMultiWindowApp- stopPassiveSmartMultiWindow.
09-12 11:48:47.160  2568  2568 I _V_FloatMessageService: VivoMultiWindowApp-  FloatMessageService-onDestroy 
09-12 11:48:47.160  2568  2568 I _V_FloatMessageWindowManager: VivoMultiWindowApp- FloatMessageWindowManager--releaseAllRes
09-12 11:48:47.161  2568  2568 I _V_FloatMessageWindowManager: VivoMultiWindowApp- clearAllContainer--mTempleMsgPkgList=[]
09-12 11:48:47.161  2568  2568 I _V_FloatMessageWindowManager: VivoMultiWindowApp- FloatMessageWindowManager-releaseFloatMessageView.
09-12 11:48:47.161  2568  2568 I _V_FloatMessageWindowManager: VivoMultiWindowApp- removeFloatMessageViewFromWindow-mFloatMessageViewAdded=false, mHideWithDeleteZone=false, needAnimation=false
09-12 11:48:47.161  2568  2568 I _V_FloatMessageView: VivoMultiWindowApp- FloatMessageView-releaseRes.
09-12 11:48:47.161  2568  2568 I _V_FloatMessageWindowManager: VivoMultiWindowApp- unRegisterNotificationListener-mIsRegisterNotiListener=true
09-12 11:48:47.161  1482  2507 D NotificationListeners: Removing active service ComponentInfo{com.vivo.smartmultiwindow/com.vivo.smartmultiwindow.notification.view.b}
09-12 11:48:47.162  2568  2568 I _V_FloatMessageWindowManager: VivoMultiWindowApp- unRegisterAlwaysFullObserver
09-12 11:48:47.165  2568  2568 I _V_FloatMessageWindowManager: VivoMultiWindowApp- unRegisterIndicatorObserver
09-12 11:48:47.246   545   545 D OrientationEventListener: Orientation is:268 X:-8.908919 Y:0.23438227 Z:-4.0000863
09-12 11:48:47.444   545   545 D OrientationEventListener: Orientation is:269 X:-8.9071245 Y:0.22755909 Z:-4.000325
09-12 11:48:47.495   716   716 I SurfaceFlinger: FPS(Built-in Screen): 43
09-12 11:48:47.752   982   982 E wificond: vivo add tx_good 245192 tx_bad 16 rx_good 665102 tx_retry 44825
09-12 11:48:47.754  1482  1845 D WificondControl: vivo add pollResult txgood 245192 txbad 16 rxgood 665102 txretry 44825
09-12 11:48:47.758  1482  1845 D VivoWifiRssiMap: setFirstFetchRssi, mFirstFetchRssi:-86, rssi:-50
09-12 11:48:47.758  1482  1845 D VivoWifiRssiMap: setWifiRssi, rssi:-50
09-12 11:48:48.496  5327  5477 D DataFormatter: Normal bytes 509488
09-12 11:48:48.545   716   716 I SurfaceFlinger: FPS(Built-in Screen): 25
09-12 11:48:48.590  2115  2115 I vol.Events: writeEvent dismiss_dialog timeout
09-12 11:48:48.591  1482  4564 D AudioService: Volume controller visible: false
09-12 11:48:48.666  1482  4564 D WifiPermissionsUtil: com.google.android.gms getScanResults, ignore the location switch restrictions
09-12 11:48:48.728   937  1047 E ThermalEngine: vivo_thermal_parameter_config :VivoThermal:read type:1  buf: 1
09-12 11:48:48.728   937  1047 E ThermalEngine:  
09-12 11:48:49.121  1482  4564 D WindowManager: updateSystemBarsLw hideNavBarSysui : true ,immersiveSticky = false ,win = Window{51015ba u0 com.google.android.videos/com.google.android.apps.play.movies.mobile.usecase.watch.WatchActivity$InitiallyLandscape}
09-12 11:48:49.124  2499 21178 D _V_HomeIndicatorController: UpSlide|handleNotifySystemBarColor: topClassName= com.google.android.videos/com.google.android.apps.play.movies.mobile.usecase.watch.WatchActivity$InitiallyLandscape  ,CoverColor= ff000000,isIconsDark=false,mIsIconsDark = false ,VisState= 4
09-12 11:48:49.124  2499 21178 D _V_IndicatorState: UpSlide|setIndicatorVisState: mIndicatorVisState= 10, state= 4
09-12 11:48:49.124  2499  2499 D _V_HomeIndicatorView: UpSlide|setIndicatorVisible: false
09-12 11:48:49.124  2499  2499 I _V_SideSlideHelper: UpSlide|IndicatorVisibilityChangedEvent: visible=false
09-12 11:48:49.141  1482  4564 D WindowManager: updateSystemBarsLw hideNavBarSysui : true ,immersiveSticky = false ,win = Window{51015ba u0 com.google.android.videos/com.google.android.apps.play.movies.mobile.usecase.watch.WatchActivity$InitiallyLandscape}
09-12 11:48:49.143  1482  1482 V SettingsProvider: Notifying for 0: content://settings/system/vivo_fullscreen_flag
09-12 11:48:49.143  1482  4564 D WindowManager: updateSystemBarsLw hideNavBarSysui : true ,immersiveSticky = false ,win = Window{51015ba u0 com.google.android.videos/com.google.android.apps.play.movies.mobile.usecase.watch.WatchActivity$InitiallyLandscape}
09-12 11:48:49.143  2115  2115 I _V_StatusBar: updateNavigationWatchOutside >> watchOutside = false
09-12 11:48:49.144  2499  2499 I _V_FullScreenFlagObserver: UpSlide|refreshFullScreenFlag >> mIsFullScreen = true
09-12 11:48:49.146  1482  2507 D PlaybackState: setState position:943761
09-12 11:48:49.147  1482  2507 D MediaSessionRecord: getStateWithUpdatedPosition old statePlaybackState {state=3, position=812210, buffered position=0, speed=1.0, updated=255416770, actions=863, custom actions=[], active item id=-1, error=null} new state:PlaybackState {state=3, position=943761, buffered position=0, speed=1.0, updated=255548321, actions=863, custom actions=[], active item id=-1, error=null}
09-12 11:48:49.147  2115  2115 I _V_BarTransitions.PhoneStatusBarView: MODE_TRANSPARENT -> MODE_LIGHTS_OUT_TRANSPARENT animate=true
09-12 11:48:49.148  2499 17747 I _V_UpSlideHelper: UpSlide|onNavBarStateChanged >> mNavBarState = WINDOW_STATE_HIDING
09-12 11:48:49.151  7323  7323 I NavigationBarWindow[WatchActivity$InitiallyLandscape:1]: applyNavColor cost: 2ms
09-12 11:48:49.152  1482  1790 D WindowManager: updateSystemBarsLw hideNavBarSysui : true ,immersiveSticky = false ,win = Window{51015ba u0 com.google.android.videos/com.google.android.apps.play.movies.mobile.usecase.watch.WatchActivity$InitiallyLandscape}
09-12 11:48:49.161  1482  4564 D WindowManager: updateSystemBarsLw hideNavBarSysui : true ,immersiveSticky = false ,win = Window{51015ba u0 com.google.android.videos/com.google.android.apps.play.movies.mobile.usecase.watch.WatchActivity$InitiallyLandscape}
09-12 11:48:49.173  2499  2499 D _V_ShortcutCardContainer: ShortcutPlugin|2003|width: 860, height: 866, mSpecSize: 36
09-12 11:48:49.173  2499  2499 W StaticLayout: maxLineHeight should not be -1.  maxLines:1 lineCount:1
09-12 11:48:49.343  2749  5885 I _V_RMS-Reclaim: available=1578200KB, current watermark=716800KB, last watermark=716800KB, current stopline=800, last stopline=1000
09-12 11:48:49.343  2749  5885 I _V_RMS-Reclaim: Reclaiming took : 0ms
09-12 11:48:49.495  1482  1790 D WindowManager: updateSystemBarsLw hideNavBarSysui : true ,immersiveSticky = false ,win = Window{51015ba u0 com.google.android.videos/com.google.android.apps.play.movies.mobile.usecase.watch.WatchActivity$InitiallyLandscape}
09-12 11:48:49.503  2499 21178 I _V_UpSlideHelper: UpSlide|onNavBarStateChanged >> mNavBarState = WINDOW_STATE_HIDDEN
09-12 11:48:49.522  1482  4564 D WindowManager: updateSystemBarsLw hideNavBarSysui : true ,immersiveSticky = false ,win = Window{51015ba u0 com.google.android.videos/com.google.android.apps.play.movies.mobile.usecase.watch.WatchActivity$InitiallyLandscape}
09-12 11:48:49.533  1482  1790 D WindowManager: updateSystemBarsLw hideNavBarSysui : true ,immersiveSticky = false ,win = Window{51015ba u0 com.google.android.videos/com.google.android.apps.play.movies.mobile.usecase.watch.WatchActivity$InitiallyLandscape}
09-12 11:48:49.561   716   716 I SurfaceFlinger: FPS(Built-in Screen): 40
09-12 11:48:49.649  1482  4564 V ActivityManager: getTasks: max=1
09-12 11:48:49.656  2568  7733 I _V_ScreenObserverService: VivoMultiWindowApp- onChange isFullScreen = true, isAllowActiveSpilt = true, SmartMultWindowUtils.isSplitMode() = false, isTopRunningTaskAtFreeFormStack = false, SmartMultWindowUtils.isRecentsActivityRunningTop() = false
09-12 11:48:49.655  1482  4564 I chatty  : uid=1000(system) Binder:1482_14 identical 3 lines
09-12 11:48:49.656  1482  4564 V ActivityManager: getTasks: max=1
09-12 11:48:49.658  2568  2568 W ContextImpl: Calling a method in the system process without a qualified user: android.app.ContextImpl.startService:1550 android.content.ContextWrapper.startService:664 com.vivo.smartmultiwindow.utils.h$1.handleMessage:39 android.os.Handler.dispatchMessage:106 android.os.Looper.loop:224 
09-12 11:48:49.669  1482  4546 D WindowManager: updateSystemBarsLw hideNavBarSysui : true ,immersiveSticky = false ,win = Window{51015ba u0 com.google.android.videos/com.google.android.apps.play.movies.mobile.usecase.watch.WatchActivity$InitiallyLandscape}
09-12 11:48:49.678  2499 11243 I NavigationBarWindow[RecentsActivity:1]: applyNavColor cost: 14ms
09-12 11:48:49.679  2568  2568 I _V_FloatMessageService: VivoMultiWindowApp-  onCreate 
09-12 11:48:49.679  2568  2568 I _V_FloatMessageService: VivoMultiWindowApp- setAllowSplitSettingsKey-isRecentsHomeVisible() = false, isMiniLauncherVisible() = false, isMinimized() = false, bIsPrimaryDisplay=true, isFlipEnable=0, isFlipEvent=false, bHideIconAndList=false, GetFlipMode()=false, sCnt=210, getForceShow()=false, isSoftlockPasswordActivityShown()=false, isFullScreen=1
09-12 11:48:49.680  1482  1790 D WindowManager: updateSystemBarsLw hideNavBarSysui : true ,immersiveSticky = false ,win = Window{51015ba u0 com.google.android.videos/com.google.android.apps.play.movies.mobile.usecase.watch.WatchActivity$InitiallyLandscape}
09-12 11:48:49.680  2568  2568 I _V_FloatMessageService: VivoMultiWindowApp- setAllowSplitSettingsKey a: set (210) to 1
09-12 11:48:49.681  2568  2568 I _V_FloatMessageService: VivoMultiWindowApp-  FloatMessageService-- onStartCommand
09-12 11:48:49.681  2568  2568 I _V_FloatMessageWindowManager: VivoMultiWindowApp- initWhiteList
09-12 11:48:49.682  2568  2568 I _V_AppConfigProvider: VivoMultiWindowApp- query
09-12 11:48:49.701  2568  2568 I _V_SmartMultWindowUtils: VivoMultiWindowApp- isDoubleAppUserExistRef-mIsDoubleAppUserExist = false
09-12 11:48:49.702  2568  2568 I _V_FloatMessageWindowManager: VivoMultiWindowApp- isFirst=false
09-12 11:48:49.702  2568  2568 I _V_FloatMessageWindowManager: VivoMultiWindowApp- mScreenW=1080
09-12 11:48:49.702  2568  2568 I _V_FloatMessageWindowManager: VivoMultiWindowApp- mScreenH=2340
09-12 11:48:49.702  1482  2507 V ActivityManager: getTasks: max=1
09-12 11:48:49.703  2568  2568 I _V_FloatMessageWindowManager: VivoMultiWindowApp- initFloatMessageViewPosition-return
09-12 11:48:49.703  2568  2568 I _V_FloatMessageWindowManager: VivoMultiWindowApp- initFloatMessageViewPosition-split-mode-landscape-mSplitMsgIconOffset_x=-2
09-12 11:48:49.703  2568  2568 I _V_FloatMessageWindowManager: VivoMultiWindowApp- initFloatMessageViewPosition-split-mode-portrait-mSplitMsgIconOffset_y=-2
09-12 11:48:49.703  2568  2568 I _V_FloatMessageWindowManager: VivoMultiWindowApp- isNeedResetAbandonPkgName isFirst=false
09-12 11:48:49.704  2568  2568 I _V_FloatMessageWindowManager: VivoMultiWindowApp- registerNotificationListener-mIsRegisterNotiListener=false
09-12 11:48:49.705  2568  2568 I _V_FloatMessageWindowManager: VivoMultiWindowApp- initMItemInfoListMap.
09-12 11:48:49.705  2568  2568 I _V_FloatMessageWindowManager: VivoMultiWindowApp- initMItemInfoListMap-mItemInfoListMap.size() = 24
09-12 11:48:49.705  2568  2568 I _V_FloatMessageWindowManager: VivoMultiWindowApp- initMItemInfoListMap-mItemInfoListMap = {com.facebook.orca:1=com.vivo.smartmultiwindow.notification.view.d@5c230e1, com.facebook.orca:0=com.vivo.smartmultiwindow.notification.view.d@d998e06, com.bbm:0=com.vivo.smartmultiwindow.notification.view.d@24b7cc7, com.bbm:1=com.vivo.smartmultiwindow.notification.view.d@312f2f4, com.vkontakte.android:1=com.vivo.smartmultiwindow.notification.view.d@1cffa1d, com.vkontakte.android:0=com.vivo.smartmultiwindow.notification.view.d@3308492, com.twitter.android:0=com.vivo.smartmultiwindow.notification.view.d@ef91e63, com.tencent.mobileqq:0=com.vivo.smartmultiwindow.notification.view.d@ae64a60, com.tencent.mobileqq:1=com.vivo.smartmultiwindow.notification.view.d@4f71b19, com.twitter.android:1=com.vivo.smartmultiwindow.notification.view.d@5ce57de, com.viber.voip:0=com.vivo.smartmultiwindow.notification.view.d@b553dbf, com.viber.voip:1=com.vivo.smartmultiwindow.notification.view.d@cd5ac8c, com.facebook.katana:0=com.vivo.smartmultiwindow.notification.view.d@1d54fd5, com.facebook.katana:1=com.vivo.smartmultiwindow.notification.view.d@9e413ea, com.vivo.smartmultiwindowdemo:1=com.vivo.smartmultiwindow.notification.view.d@529f6db, com.whatsapp:1=com.vivo.smartmultiwindow.notification.view.d@4770578, jp.naver.line.android:1=com.vivo.smartmultiwindow.notification.view.d@d281451, com.android.mms:0=com.vivo.smartmultiwindow.notification.view.d@7e784b6, com.vivo.smartmultiwindowdemo:0=com.vivo.smartmultiwindow.notification.view.d@2c725b7, com.android.mms:1=com.vivo.smartmultiwindow.notification.view.d@ed30124, com.tencent.mm:0=com.vivo.smartmultiwindow.notification.view.d@8a48d, com.tencent.mm:1=com.vivo.smartmultiwindow.notification.view.d@7df3642, com.whatsapp:0=com.vivo.smartmultiwindow.notification.view.d@59e6653, jp.naver.line.android:0=com.vivo.smartmultiwindow.notification.view.d@ed10b90}
09-12 11:48:49.707  2568  2568 I _V_SmartMultWindowUtils: VivoMultiWindowApp- isDoubleAppUserExistRef-mIsDoubleAppUserExist = false
