09-12 11:48:16.567   695   695 W VivoSensorTest: Sending request payload len 52
09-12 11:48:16.569   695  7704 W VivoSensorTest: Received response; error 0, msg_id 32, size 32
09-12 11:48:16.569   695  7704 W VivoSensorTest: Received client ID 1766 result 0
09-12 11:48:16.569   695  7704 W VivoSensorTest: Received Indication; len 89
09-12 11:48:16.569   695  7704 W VivoSensorTest: Indication from client ID 1766
09-12 11:48:16.569   695  7704 W VivoSensorTest: Begin decoding event
09-12 11:48:16.570   695  7704 W VivoSensorTest: Received SUID Event with SUID 2a462eac2a9a1071 4795ecea145f6a96
09-12 11:48:16.570   695  7704 W VivoSensorTest: vivo_signal_response
09-12 11:48:16.570   695  7704 W VivoSensorTest: Received SUID Event with data type 'ambient_light'
09-12 11:48:16.570   695  7704 W VivoSensorTest: Event decoding complete
09-12 11:48:16.570   695  7704 I VivoSensorTest: Indication processing completed
09-12 11:48:16.573   695   695 V VivoSensorTest: send_enable_req
09-12 11:48:16.574   695   695 W VivoSensorTest: Sending request payload len 40
09-12 11:48:16.574   695   695 I VivoSensorTest: als raw data ignore ready time....
09-12 11:48:16.574   695   695 D VivoSensorTest: vivo_send_req command_count 0/1
09-12 11:48:16.574   695   695 W VivoSensorTest: Sending request payload len 41
09-12 11:48:16.575   695  7704 W VivoSensorTest: Received response; error 0, msg_id 32, size 32
09-12 11:48:16.575   695  7704 W VivoSensorTest: Received client ID 1766 result 0
09-12 11:48:16.576   695  7704 W VivoSensorTest: Received response; error 0, msg_id 32, size 32
09-12 11:48:16.576   695  7704 W VivoSensorTest: Received client ID 1766 result 0
09-12 11:48:16.577   695  7704 W VivoSensorTest: Received Indication; len 80
09-12 11:48:16.577   695  7704 W VivoSensorTest: Indication from client ID 1766
09-12 11:48:16.577   695  7704 W VivoSensorTest: Begin decoding event
09-12 11:48:16.577   695  7704 V VivoSensorTest: Begin decoding sensor event 768
09-12 11:48:16.577   695  7704 E VivoSensorTest: SNS_STD_SENSOR_MSGID_SNS_STD_SENSOR_EVENT: Error decoding event: missing required field
09-12 11:48:16.577   695  7704 E VivoSensorTest: Error decoding Event: callback failed
09-12 11:48:16.577   695  7704 W VivoSensorTest: Event decoding complete
09-12 11:48:16.577   695  7704 E VivoSensorTest: Error decoding event list: callback failed
09-12 11:48:16.577   695  7704 I VivoSensorTest: Indication processing completed
09-12 11:48:16.577   695  7704 W VivoSensorTest: Received Indication; len 86
09-12 11:48:16.577   695  7704 W VivoSensorTest: Indication from client ID 1766
09-12 11:48:16.577   695  7704 W VivoSensorTest: Begin decoding event
09-12 11:48:16.577   695  7704 V VivoSensorTest: Begin decoding sensor event 1023
09-12 11:48:16.577   695  7704 W VivoSensorTest: vivo_signal_response
09-12 11:48:16.577   695  7704 E VivoSensorTest: VIVO_MSGID_SNS_SENSOR_GET_DATA_EVENT: received/total 1/1
09-12 11:48:16.577   695  7704 I VivoSensorTest: als_rawdata_callback lux is 108.266663 1828.000000 1862.000000 1827.000000 180.000000
09-12 11:48:16.577   695  7704 V VivoSensorTest: Done decoding sensor event
09-12 11:48:16.577   695  7704 W VivoSensorTest: Event decoding complete
09-12 11:48:16.577   695  7704 I VivoSensorTest: Indication processing completed
09-12 11:48:16.577   695   695 W VivoSensorTest: Sensors  data test completed - Exiting ret =1
09-12 11:48:16.578  1482  1892 D VivoSensorTest_hidl: 100:VivoSensorTest(): VivoSensorTest end ID 201 ret 0
09-12 11:48:16.578  1482  1892 D VivoSensorTest: after Java_com_sensoroperate_VivoSensorOperationUtils_jniVivoSensorOperationUtilsInt type=201 arg_len=3
09-12 11:48:16.578  1482  1892 D VivoSensorOperationUtils: executeCommand 0
09-12 11:48:16.578  1482  1892 D VivoProxCaliService: Get als_data _end:108.26666
09-12 11:48:17.244  1482  4033 D DisplayPowerController: mSettingBrightness = -1 as request 255
09-12 11:48:17.452  1482  4033 D DisplayPowerController: mSettingBrightness = -1 as request 255
09-12 11:48:17.471   982   982 E wificond: vivo add tx_good 242583 tx_bad 16 rx_good 659464 tx_retry 44318
09-12 11:48:17.471  1482  1845 D WificondControl: vivo add pollResult txgood 242583 txbad 16 rxgood 659464 txretry 44318
09-12 11:48:17.472  1482  1845 D VivoWifiRssiMap: setFirstFetchRssi, mFirstFetchRssi:-86, rssi:-51
09-12 11:48:17.472  1482  1845 D VivoWifiRssiMap: setWifiRssi, rssi:-51
09-12 11:48:17.594   716   716 I SurfaceFlinger: FPS(Built-in Screen): 25
09-12 11:48:18.384  5327  5477 D DataFormatter: Normal bytes 507961
09-12 11:48:18.628   716   716 I SurfaceFlinger: FPS(Built-in Screen): 25
09-12 11:48:18.715   937  1047 E ThermalEngine: vivo_thermal_parameter_config :VivoThermal:read type:1  buf: 1
09-12 11:48:18.715   937  1047 E ThermalEngine:  
09-12 11:48:19.313  2749  5885 I _V_RMS-Reclaim: available=1602924KB, current watermark=716800KB, last watermark=716800KB, current stopline=800, last stopline=1000
09-12 11:48:19.313  2749  5885 I _V_RMS-Reclaim: Reclaiming took : 1ms
09-12 11:48:19.644   716   716 I SurfaceFlinger: FPS(Built-in Screen): 24
09-12 11:48:20.434  2464  2926 D _V_Settings/BW: ReadCodeTask:mStringNotifyCode: 0
09-12 11:48:20.435  2464  2926 D _V_Settings/BW: ReadCodeTask:mNotifyCode: 0
09-12 11:48:20.503  1482  1845 D WificondControl: vivo add pollResult txgood 242583 txbad 16 rxgood 659464 txretry 44318
09-12 11:48:20.504  1482  1845 D VivoWifiRssiMap: setFirstFetchRssi, mFirstFetchRssi:-86, rssi:-51
09-12 11:48:20.504  1482  1845 D VivoWifiRssiMap: setWifiRssi, rssi:-51
09-12 11:48:20.679   716   716 I SurfaceFlinger: FPS(Built-in Screen): 25
09-12 11:48:21.400  5327  5477 D DataFormatter: Special bytes : 0
09-12 11:48:21.717   937  1047 E ThermalEngine: vivo_thermal_parameter_config :VivoThermal:read type:1  buf: 1
09-12 11:48:21.717   937  1047 E ThermalEngine:  
09-12 11:48:21.729   716   716 I SurfaceFlinger: FPS(Built-in Screen): 25
09-12 11:48:22.150   948  1129 D vivo_daemon:vivo_bootcomplete: ---check system_pid = 1482, zygote_pid = 947, zygote64_pid = 946
09-12 11:48:20.502   982   982 E wificond: vivo add tx_good 242583 tx_bad 16 rx_good 659464 tx_retry 44318
09-12 11:48:22.307  1482  1834 D NetdConnector: RCV <- {601 limit alert globalAlert wlan0}
09-12 11:48:22.312  1482  1839 D DisplayPowerController: mSettingBrightness = -1 as request 255
09-12 11:48:22.315  1482  1839 D NtpTrustedTime: currentTimeMillis() cache hit
09-12 11:48:22.320   974 25750 E Netd    : tether checkPermission, pid:1482 uid:1000 
09-12 11:48:22.366  1482  1839 D NtpTrustedTime: currentTimeMillis() cache hit
09-12 11:48:22.370  1482  1839 D DisplayPowerController: mSettingBrightness = -1 as request 255
09-12 11:48:22.370  1482  1839 D NetdConnector: SND -> {1016 bandwidth setglobalalert 20971520}
09-12 11:48:22.372  1482  1834 D NetdConnector: RCV <- {200 1016 Bandwidth command succeeeded}
09-12 11:48:22.372  1482  1839 D NetdConnector: RMV <- {200 1016 Bandwidth command succeeeded}
09-12 11:48:22.367  1482  1839 D NtpTrustedTime: currentTimeMillis() cache hit
09-12 11:48:22.761   716   716 I SurfaceFlinger: FPS(Built-in Screen): 25
09-12 11:48:23.534   982   982 E wificond: vivo add tx_good 242960 tx_bad 16 rx_good 660284 tx_retry 44385
09-12 11:48:23.535  1482  1845 D WificondControl: vivo add pollResult txgood 242960 txbad 16 rxgood 660284 txretry 44385
09-12 11:48:23.535  1482  1845 D VivoWifiRssiMap: setFirstFetchRssi, mFirstFetchRssi:-86, rssi:-50
09-12 11:48:23.535  1482  1845 D VivoWifiRssiMap: setWifiRssi, rssi:-50
09-12 11:48:23.812   716   716 I SurfaceFlinger: FPS(Built-in Screen): 25
09-12 11:48:24.320  2749  5885 I _V_RMS-Reclaim: available=1600088KB, current watermark=716800KB, last watermark=716800KB, current stopline=800, last stopline=1000
09-12 11:48:24.321  2749  5885 I _V_RMS-Reclaim: Reclaiming took : 2ms
09-12 11:48:24.415  5327  5477 D DataFormatter: Normal bytes 395693
09-12 11:48:24.718   937  1047 E ThermalEngine: vivo_thermal_parameter_config :VivoThermal:read type:1  buf: 1
09-12 11:48:24.718   937  1047 E ThermalEngine:  
09-12 11:48:24.844   716   716 I SurfaceFlinger: FPS(Built-in Screen): 25
09-12 11:48:25.895   716   716 I SurfaceFlinger: FPS(Built-in Screen): 25
09-12 11:48:26.568  1482  1845 D WificondControl: vivo add pollResult txgood 242960 txbad 16 rxgood 660284 txretry 44385
09-12 11:48:26.568  1482  1845 D VivoWifiRssiMap: setFirstFetchRssi, mFirstFetchRssi:-86, rssi:-49
09-12 11:48:26.568  1482  1845 D VivoWifiRssiMap: setWifiRssi, rssi:-49
09-12 11:48:26.927   716   716 I SurfaceFlinger: FPS(Built-in Screen): 25
09-12 11:48:27.359  2016  5954 I _V_ABE  : test checkTempture
09-12 11:48:27.359  2016  5954 I _V_ABE  : getTemptrue
09-12 11:48:27.359  2016  5954 I _V_ABE  : path = sys/class/thermal/thermal_zone4/temp
09-12 11:48:27.364  2016  5954 I _V_ABE  : temperature = 32
09-12 11:48:27.364  2016  5954 I _V_ABE  : now tempture = 32 ; high = 65 ; highBufferTempture = 62
09-12 11:48:27.364  2016  5954 I _V_ABE  : the tempture is false
09-12 11:48:27.364  2016  5954 I _V_ABE  : setSystemSetting, HTPM = false, mHighTemptureSetting = 0
09-12 11:48:27.364  2016  5954 I _V_ABE  : do nothing
09-12 11:48:27.425  5327  5477 D DataFormatter: Normal bytes 170314
09-12 11:48:27.719   937  1047 E ThermalEngine: vivo_thermal_parameter_config :VivoThermal:read type:1  buf: 1
09-12 11:48:27.719   937  1047 E ThermalEngine:  
09-12 11:48:27.944   716   716 I SurfaceFlinger: FPS(Built-in Screen): 24
09-12 11:48:28.434  2464  2926 D _V_Settings/BW: ReadCodeTask:mStringNotifyCode: 0
09-12 11:48:28.434  2464  2926 D _V_Settings/BW: ReadCodeTask:mNotifyCode: 0
09-12 11:48:28.666  1482  4033 D WifiPermissionsUtil: com.google.android.gms getScanResults, ignore the location switch restrictions
09-12 11:48:28.977   716   716 I SurfaceFlinger: FPS(Built-in Screen): 25
09-12 11:48:29.324  2749  5885 I _V_RMS-Reclaim: available=1600488KB, current watermark=716800KB, last watermark=716800KB, current stopline=800, last stopline=1000
09-12 11:48:29.324  2749  5885 I _V_RMS-Reclaim: Reclaiming took : 1ms
09-12 11:48:26.567   982   982 E wificond: vivo add tx_good 242960 tx_bad 16 rx_good 660284 tx_retry 44385
09-12 11:48:29.598   982   982 E wificond: vivo add tx_good 243405 tx_bad 16 rx_good 661342 tx_retry 44458
09-12 11:48:29.599  1482  1845 D WificondControl: vivo add pollResult txgood 243405 txbad 16 rxgood 661342 txretry 44458
09-12 11:48:29.599  1482  1845 D VivoWifiRssiMap: setFirstFetchRssi, mFirstFetchRssi:-86, rssi:-49
09-12 11:48:29.599  1482  1845 D VivoWifiRssiMap: setWifiRssi, rssi:-49
09-12 11:48:30.028   716   716 I SurfaceFlinger: FPS(Built-in Screen): 25
09-12 11:48:30.437  5327  5477 D DataFormatter: Normal bytes 337835
09-12 11:48:30.719   937  1047 E ThermalEngine: vivo_thermal_parameter_config :VivoThermal:read type:1  buf: 1
09-12 11:48:30.719   937  1047 E ThermalEngine:  
09-12 11:48:31.061   716   716 I SurfaceFlinger: FPS(Built-in Screen): 25
09-12 11:48:31.489  1482  1820 D WindowManager: interceptKeyBeforeQueueing systemBooted = true
09-12 11:48:31.490  1482  1820 D FingerprintUnlockController2: keyCode: 25, action: 0
09-12 11:48:31.490  1482  1820 D WindowManager: interceptKeyTq keycode=25 interactive=true keyguardActive=false policyFlags=22000000
09-12 11:48:31.490  1482  1820 W WindowManager: interceptKeyBeforeQueueingForVivo isGameRunning  = false ,keyguardActive = false ,lastDoubleKey = 0 ,keyCode = 25 ,down = true ,canceled = false
09-12 11:48:31.491  1941  2755 I KeyguardUpdateMonitorCallback: keyCode: 25, action: 0
09-12 11:48:31.491  1941  2755 I FingerprintKey: keycode event, keycode:25, action:0
09-12 11:48:31.477  1482  1482 W InputReader: type=1400 audit(0.0:29492): avc: denied { read } for name="u:object_r:system_boot_reason_prop:s0" dev="tmpfs" ino=19799 scontext=u:r:system_server:s0 tcontext=u:object_r:system_boot_reason_prop:s0 tclass=file permissive=0
09-12 11:48:31.494  1482  1820 E libc    : Access denied finding property "sys.boot.reason"
09-12 11:48:31.495  1482  1820 D VivoWMPHook: checkDropKeyBeforeQueueing keyguardActive=false ,isScreenOn=true ,oneKeySwitchOn=true ,smartKeyDisable=false ,proximityOn=false ,volumeKeyDown=false
09-12 11:48:31.497  1482  1820 D VivoWMPHook: checkDropKeyBeforeQueueing isMusicActive=true ,isCallActive=false
09-12 11:48:31.497  1482  1820 D VivoWMPHook: smartquick not open.
09-12 11:48:31.497  1482  1820 D WindowManager: checkBaseRequirement inJected : false
09-12 11:48:31.497  1482  1820 D WindowManager: isPhicalHomeKey = false ,result = 1
09-12 11:48:31.497  1482  1820 D WindowManager: cancelJoviVoice mPowerKeyHandledByJovi = true
09-12 11:48:31.497  1482  1820 D WindowManager: interceptScreenshotChord downKeyTriggered=true ,upKeyTriggered=false ,powerKeyTriggered=false ,homeKeyTriggered=false
09-12 11:48:31.526  1482  1820 I WindowManager: process interceptKeyBeforeQueueing result = 1
09-12 11:48:31.527  1482  1819 D DisplayPowerController: mSettingBrightness = -1 as request 255
09-12 11:48:31.527  1482  1819 D WindowManager: interceptKeyTi keyCode=25 down=true repeatCount=0 keyguardOn=false mHomePressed=false canceled=false
09-12 11:48:31.527  1482  1819 D WindowManager: intercept win = Window{51015ba u0 com.google.android.videos/com.google.android.apps.play.movies.mobile.usecase.watch.WatchActivity$InitiallyLandscape}
09-12 11:48:31.531  1482  1819 D WindowManager: intercept attrs = {(0,0)(fillxfill) sim={adjust=pan} layoutInDisplayCutoutMode=never ty=BASE_APPLICATION fmt=TRANSLUCENT wanim=0x10302f8 sysuil=true
09-12 11:48:31.531  1482  1819 D WindowManager:   fl=KEEP_SCREEN_ON LAYOUT_IN_SCREEN LAYOUT_INSET_DECOR SPLIT_TOUCH HARDWARE_ACCELERATED TRANSLUCENT_STATUS TRANSLUCENT_NAVIGATION DRAWS_SYSTEM_BAR_BACKGROUNDS
09-12 11:48:31.531  1482  1819 D WindowManager:   pfl=FORCE_DRAW_STATUS_BAR_BACKGROUND
09-12 11:48:31.531  1482  1819 D WindowManager:   vsysui=LOW_PROFILE HIDE_NAVIGATION FULLSCREEN LAYOUT_STABLE LAYOUT_HIDE_NAVIGATION LAYOUT_FULLSCREEN IMMERSIVE homeIndicatorState=-1 keepFullScreen=0 internalFlag=0x0 preferedDisplay=0}
09-12 11:48:31.532  1482  1819 D WindowManager: interceptKeyTi delaytime = 1107
09-12 11:48:31.594  1482  1892 E VivoSensorTest: LIWEI Java_com_sensoroperate_VivoSensorOperationUtils_jniVivoSensorOperationUtilsInt
09-12 11:48:31.594  1482  1892 D VivoSensorTest: before Java_com_sensoroperate_VivoSensorOperationUtils_jniVivoSensorOperationUtilsInt type=201 arg_len=3
09-12 11:48:31.594  1482  1892 D VivoSensorTest_hidl: 59:VivoSensorTest(): VivoSensorTest start ID 0xc9 201 111 0
09-12 11:48:31.600   695   695 E VivoSensorTest: VivoSensorTest bbk_em_sensor_main: ID 0xc9 arg1 201 arg2 111 arg3 0
09-12 11:48:31.600   695   695 E VivoSensorTest: bbk_em_sensor_main: ID 0xc9 args 201 111 0
09-12 11:48:31.600   695   695 E VivoSensorTest: sensor_operation_utils sensor_als_get_raw_data
09-12 11:48:31.600   695   695 W VivoSensorTest: Waiting for service
09-12 11:48:31.600   695   695 W VivoSensorTest: Waiting complete
09-12 11:48:31.600   695   695 W VivoSensorTest: Creating client connection
09-12 11:48:31.602   695   695 W VivoSensorTest: Sending request payload len 52
09-12 11:48:31.604   695  7710 W VivoSensorTest: Received response; error 0, msg_id 32, size 32
09-12 11:48:31.604   695  7710 W VivoSensorTest: Received client ID 1767 result 0
09-12 11:48:31.604   695  7710 W VivoSensorTest: Received Indication; len 89
09-12 11:48:31.604   695  7710 W VivoSensorTest: Indication from client ID 1767
09-12 11:48:31.604   695  7710 W VivoSensorTest: Begin decoding event
09-12 11:48:31.605   695  7710 W VivoSensorTest: Received SUID Event with SUID 2a462eac2a9a1071 4795ecea145f6a96
09-12 11:48:31.605   695  7710 W VivoSensorTest: vivo_signal_response
09-12 11:48:31.605   695  7710 W VivoSensorTest: Received SUID Event with data type 'ambient_light'
09-12 11:48:31.605   695  7710 W VivoSensorTest: Event decoding complete
09-12 11:48:31.605   695   695 V VivoSensorTest: send_enable_req
09-12 11:48:31.605   695  7710 I VivoSensorTest: Indication processing completed
09-12 11:48:31.605   695   695 W VivoSensorTest: Sending request payload len 40
09-12 11:48:31.605   695   695 I VivoSensorTest: als raw data ignore ready time....
09-12 11:48:31.605   695   695 D VivoSensorTest: vivo_send_req command_count 0/1
09-12 11:48:31.605   695   695 W VivoSensorTest: Sending request payload len 41
09-12 11:48:31.607   695  7710 W VivoSensorTest: Received response; error 0, msg_id 32, size 32
09-12 11:48:31.607   695  7710 W VivoSensorTest: Received client ID 1767 result 0
09-12 11:48:31.607   695  7710 W VivoSensorTest: Received response; error 0, msg_id 32, size 32
09-12 11:48:31.607   695  7710 W VivoSensorTest: Received client ID 1767 result 0
09-12 11:48:31.609   695  7710 W VivoSensorTest: Received Indication; len 80
09-12 11:48:31.609   695  7710 W VivoSensorTest: Indication from client ID 1767
09-12 11:48:31.609   695  7710 W VivoSensorTest: Begin decoding event
09-12 11:48:31.609   695  7710 V VivoSensorTest: Begin decoding sensor event 768
09-12 11:48:31.609   695  7710 E VivoSensorTest: SNS_STD_SENSOR_MSGID_SNS_STD_SENSOR_EVENT: Error decoding event: missing required field
09-12 11:48:31.609   695  7710 E VivoSensorTest: Error decoding Event: callback failed
09-12 11:48:31.609   695  7710 W VivoSensorTest: Event decoding complete
09-12 11:48:31.609   695  7710 E VivoSensorTest: Error decoding event list: callback failed
09-12 11:48:31.609   695  7710 I VivoSensorTest: Indication processing completed
09-12 11:48:31.609   695  7710 W VivoSensorTest: Received Indication; len 86
09-12 11:48:31.609   695  7710 W VivoSensorTest: Indication from client ID 1767
09-12 11:48:31.609   695  7710 W VivoSensorTest: Begin decoding event
09-12 11:48:31.609   695  7710 V VivoSensorTest: Begin decoding sensor event 1023
09-12 11:48:31.609   695  7710 W VivoSensorTest: vivo_signal_response
09-12 11:48:31.610   695  7710 E VivoSensorTest: VIVO_MSGID_SNS_SENSOR_GET_DATA_EVENT: received/total 1/1
09-12 11:48:31.610   695  7710 I VivoSensorTest: als_rawdata_callback lux is 96.937180 1641.000000 1674.000000 1642.000000 162.000000
09-12 11:48:31.610   695  7710 V VivoSensorTest: Done decoding sensor event
09-12 11:48:31.610   695  7710 W VivoSensorTest: Event decoding complete
09-12 11:48:31.610   695  7710 I VivoSensorTest: Indication processing completed
09-12 11:48:31.611   695   695 W VivoSensorTest: Sensors  data test completed - Exiting ret =1
09-12 11:48:31.611  1482  1892 D VivoSensorTest_hidl: 100:VivoSensorTest(): VivoSensorTest end ID 201 ret 0
09-12 11:48:31.611  1482  1892 D VivoSensorTest: after Java_com_sensoroperate_VivoSensorOperationUtils_jniVivoSensorOperationUtilsInt type=201 arg_len=3
09-12 11:48:31.612  1482  1892 D VivoSensorOperationUtils: executeCommand 0
09-12 11:48:31.612  1482  1892 D VivoProxCaliService: Get als_data _end:96.93718
09-12 11:48:31.639  1482  1819 D WindowManager: interceptKeyTi keyCode=25 down=true repeatCount=0 keyguardOn=false mHomePressed=false canceled=false
09-12 11:48:31.639  1482  1819 D WindowManager: intercept win = Window{51015ba u0 com.google.android.videos/com.google.android.apps.play.movies.mobile.usecase.watch.WatchActivity$InitiallyLandscape}
09-12 11:48:31.645  1482  1819 D WindowManager: intercept attrs = {(0,0)(fillxfill) sim={adjust=pan} layoutInDisplayCutoutMode=never ty=BASE_APPLICATION fmt=TRANSLUCENT wanim=0x10302f8 sysuil=true
09-12 11:48:31.645  1482  1819 D WindowManager:   fl=KEEP_SCREEN_ON LAYOUT_IN_SCREEN LAYOUT_INSET_DECOR SPLIT_TOUCH HARDWARE_ACCELERATED TRANSLUCENT_STATUS TRANSLUCENT_NAVIGATION DRAWS_SYSTEM_BAR_BACKGROUNDS
09-12 11:48:31.645  1482  1819 D WindowManager:   pfl=FORCE_DRAW_STATUS_BAR_BACKGROUND
09-12 11:48:31.645  1482  1819 D WindowManager:   vsysui=LOW_PROFILE HIDE_NAVIGATION FULLSCREEN LAYOUT_STABLE LAYOUT_HIDE_NAVIGATION LAYOUT_FULLSCREEN IMMERSIVE homeIndicatorState=-1 keepFullScreen=0 internalFlag=0x0 preferedDisplay=0}
09-12 11:48:31.645  1482  1819 I WindowManager: process interceptKeyBeforeDispatching ,let the application handle the key.
09-12 11:48:31.670  1482  4033 D MediaSessionService: dispatchVolumeKeyEvent, pkg=com.google.android.videos, pid=7323, uid=10226, asSystem=true, event=KeyEvent { action=ACTION_DOWN, keyCode=KEYCODE_VOLUME_DOWN, scanCode=114, metaState=0, flags=0x8, repeatCount=0, eventTime=23138015, downTime=23138015, deviceId=4, source=0x101 }
09-12 11:48:31.671  1482  4033 D MediaSessionService: Adjusting com.google.android.videos/play_movies_media (userId=0) by -1. flags=4113, suggestedStream=3, preferSuggestedStream=true
09-12 11:48:31.679  1482  1482 D AudioService: adjustSuggestedStreamVolume() stream=3, flags=4113, caller=MediaSessionService, volControlStream=-1, userSelect=false
09-12 11:48:31.680  1482  4033 D WindowManager: updateSystemBarsLw hideNavBarSysui : true ,immersiveSticky = false ,win = Window{51015ba u0 com.google.android.videos/com.google.android.apps.play.movies.mobile.usecase.watch.WatchActivity$InitiallyLandscape}
09-12 11:48:31.688 31411 31689 D IFeatureService: GET_PHONE_STATE_POM
09-12 11:48:31.689  1482  1482 V AudioService: getActiveStreamType: Forcing STREAM_MUSIC stream active
09-12 11:48:31.689  1482  1482 D AudioService: Volume controller suppressed adjustment
09-12 11:48:31.689  1482  1482 D AudioService: adjustStreamVolume() stream=3, dir=-1, flags=4113, caller=MediaSessionService
09-12 11:48:31.690 31411 31689 V APM::AudioPolicyEngine: getDeviceForStrategy() strategy 0, device 2
09-12 11:48:31.690  1482  1482 D AudioService: clear the DetalIndex volume from thirdparty app index:60 minIndex:10 maxIndex:140
09-12 11:48:31.690 31411 31680 V APM::AudioPolicyEngine: getDeviceForStrategy() strategy 0, device 2
09-12 11:48:31.691 31411 31689 V APM::AudioPolicyEngine: getDeviceForStrategy() strategy 0, device 2
09-12 11:48:31.692 31411 31689 I chatty  : uid=1041(audioserver) Binder:31411_3 identical 2 lines
09-12 11:48:31.692 31411 31689 V APM::AudioPolicyEngine: getDeviceForStrategy() strategy 0, device 2
09-12 11:48:31.695  2115  2264 D VolumeDialogController: onReceive VOLUME_CHANGED_ACTION stream=10 level=6  deltaLevel = 0 oldLevel=7
09-12 11:48:31.695  2115  2264 D VolumeDialogController: onReceive VOLUME_CHANGED_ACTION stream=9 level=6  deltaLevel = 0 oldLevel=7
09-12 11:48:31.695  2115  2115 D VivoVolumeDialogImpl: updateVolumeRowH s=2
09-12 11:48:31.696  2115  2115 D VivoVolumeDialogImpl: updateVolumeRowH s=3
09-12 11:48:31.696  2115  2115 D VivoVolumeDialogImpl: updateVolumeRowH s=5
09-12 11:48:31.696  2115  2115 D VivoVolumeDialogImpl: updateVolumeRowH s=4
09-12 11:48:31.696  2115  2115 D VivoVolumeDialogImpl: updateVolumeRowH s=0
09-12 11:48:31.696  2115  2115 D VivoVolumeDialogImpl: updateVolumeRowH s=6
09-12 11:48:31.696  2499  2499 I _V_VolumeHelper: UpSlide|action: android.media.VOLUME_CHANGED_ACTION,false
09-12 11:48:31.696  2115  2115 D VivoVolumeDialogImpl: updateVolumeRowH s=1
09-12 11:48:31.696  2115  2115 D VivoVolumeDialogImpl: updateVolumeRowH s=10
09-12 11:48:31.696  2499  2499 I _V_VolumeHelper: UpSlide|action: android.media.VOLUME_CHANGED_ACTION,false
09-12 11:48:31.697  2115  2115 D VivoVolumeDialogImpl: STREAM_ACCESSIBILITY onProgressChanged 600 fromUser=false
09-12 11:48:31.697  2115  2115 D VivoVolumeDialogImpl: updateVolumeRowH s=11
09-12 11:48:31.697  2115  2115 D VivoVolumeDialogImpl: updateVolumeRowH s=2
09-12 11:48:31.697  2115  2115 D VivoVolumeDialogImpl: updateVolumeRowH s=3
09-12 11:48:31.697  2115  2115 D VivoVolumeDialogImpl: updateVolumeRowH s=5
09-12 11:48:31.697 31411 31689 V APM::AudioPolicyEngine: getDeviceForStrategy() strategy 0, device 2
09-12 11:48:31.697  2115  2115 D VivoVolumeDialogImpl: updateVolumeRowH s=4
09-12 11:48:31.697  2115  2115 D VivoVolumeDialogImpl: updateVolumeRowH s=0
09-12 11:48:31.697  2115  2115 D VivoVolumeDialogImpl: updateVolumeRowH s=6
09-12 11:48:31.697  2115  2115 D VivoVolumeDialogImpl: updateVolumeRowH s=1
09-12 11:48:31.697  2115  2115 D VivoVolumeDialogImpl: updateVolumeRowH s=10
09-12 11:48:31.698  2115  2115 D VivoVolumeDialogImpl: STREAM_ACCESSIBILITY onProgressChanged 600 fromUser=false
09-12 11:48:31.698  2115  2115 D VivoVolumeDialogImpl: updateVolumeRowH s=11
09-12 11:48:31.698 31411 31689 V APM::AudioPolicyEngine: getDeviceForStrategy() strategy 0, device 2
09-12 11:48:31.698  2115  2115 D VivoVolumeDialogImpl: updateVolumeRowH s=2
09-12 11:48:31.698  2115  2115 D VivoVolumeDialogImpl: updateVolumeRowH s=3
09-12 11:48:31.698  2115  2115 D VivoVolumeDialogImpl: updateVolumeRowH s=5
09-12 11:48:31.698  2115  2115 D VivoVolumeDialogImpl: updateVolumeRowH s=4
09-12 11:48:31.698  2115  2115 D VivoVolumeDialogImpl: updateVolumeRowH s=0
09-12 11:48:31.698  2115  2115 D VivoVolumeDialogImpl: updateVolumeRowH s=6
09-12 11:48:31.698  2115  2115 D VivoVolumeDialogImpl: updateVolumeRowH s=1
09-12 11:48:31.698  2115  2115 D VivoVolumeDialogImpl: updateVolumeRowH s=10
09-12 11:48:31.698  2115  2115 D VivoVolumeDialogImpl: updateVolumeRowH s=11
09-12 11:48:31.699  2115  2115 D VivoVolumeDialogImpl: updateVolumeRowH s=2
09-12 11:48:31.699  2115  2115 D VivoVolumeDialogImpl: updateVolumeRowH s=3
09-12 11:48:31.699  2115  2115 D VivoVolumeDialogImpl: updateVolumeRowH s=5
09-12 11:48:31.699  2115  2115 D VivoVolumeDialogImpl: updateVolumeRowH s=4
09-12 11:48:31.699  2115  2115 D VivoVolumeDialogImpl: updateVolumeRowH s=0
09-12 11:48:31.699  2115  2115 D VivoVolumeDialogImpl: updateVolumeRowH s=6
09-12 11:48:31.699  2115  2115 D VivoVolumeDialogImpl: updateVolumeRowH s=1
09-12 11:48:31.699  2115  2115 D VivoVolumeDialogImpl: updateVolumeRowH s=10
09-12 11:48:31.699  2115  2115 D VivoVolumeDialogImpl: updateVolumeRowH s=11
09-12 11:48:31.699  1482  1482 D FeatureService: adjustStreamVolumeHook, streamType: 3 index 60 device 2
09-12 11:48:31.701  2115  2264 D VolumeDialogController: onReceive VOLUME_CHANGED_ACTION stream=3 level=6  deltaLevel = 0 oldLevel=7
09-12 11:48:31.701  2499  2499 I _V_VolumeHelper: UpSlide|action: android.media.VOLUME_CHANGED_ACTION,false
09-12 11:48:31.702 31411 31689 V APM::AudioPolicyEngine: getDeviceForStrategy() strategy 0, device 2
09-12 11:48:31.702 31411 31680 V APM_AudioPolicyManager: setStreamVolumeIndex() stream 3, device 00000002, index 6
09-12 11:48:31.702 31411 31680 V APM::AudioPolicyEngine: getDeviceForStrategy() strategy 0, device 2
09-12 11:48:31.702 31411 31680 D APM::VolumeCurve: VOLUME mDeviceCategory 1, mStreamType 3 vol index=[50 60 60], dB=[-30.5 -26.0 -26.0]
09-12 11:48:31.702 31411 31680 V AudioPolicyService: AudioCommandThread() adding set volume stream 3, volume 0.050119, output 13
09-12 11:48:31.702 31411 31680 V AudioPolicyService: inserting command: 2 at index 0, num commands 0
09-12 11:48:31.702 31411 31673 V AudioPolicyService: AudioCommandThread() processing set volume stream 3,                             volume 0.050119, output 13
09-12 11:48:31.703 31411 31673 V AudioPolicyService: AudioCommandThread() going to sleep
09-12 11:48:31.703 31411 31689 V APM::AudioPolicyEngine: getDeviceForStrategy() strategy 0, device 2
09-12 11:48:31.703 31411 31680 V APM::AudioPolicyEngine: getDeviceForStrategy() strategy 0, device 2
09-12 11:48:31.703 31411 31411 V APM::AudioPolicyEngine: getDeviceForStrategy() strategy 0, device 2
09-12 11:48:31.703 31411 31680 V APM_AudioPolicyManager: setStreamVolumeIndex() stream 10, device 00000002, index 6
09-12 11:48:31.704 31411 31680 V APM::AudioPolicyEngine: getDeviceForStrategy() strategy 0, device 2
09-12 11:48:31.704 31411 31689 V APM::AudioPolicyEngine: getDeviceForStrategy() strategy 0, device 2
09-12 11:48:31.704 31411 31680 V APM_AudioPolicyManager: setStreamVolumeIndex() stream 9, device 00000002, index 6
09-12 11:48:31.704 31411 31679 V APM::AudioPolicyEngine: getDeviceForStrategy() strategy 0, device 2
09-12 11:48:31.705 31411 31680 V APM::AudioPolicyEngine: getDeviceForStrategy() strategy 0, device 2
09-12 11:48:31.705  1482  1482 D AudioService: adjustStreamVolume, adjustVolume: true new_index: 60 oldIndex: 70 flags: 4113 isMuteAdjust:false step:10 mSafeMediaVolumeState:3
09-12 11:48:31.705  2499  3410 I _V_VolumeHelper: UpSlide|adjustSeekBar >>> val = 1200
09-12 11:48:31.706 31411 31411 V APM::AudioPolicyEngine: getDeviceForStrategy() strategy 0, device 2
09-12 11:48:31.706  2115  3143 D VolumeDialogController.VC: volumeChanged STREAM_MUSIC SHOW_UI,VIBRATE,FROM_KEY
09-12 11:48:31.707  2115  2264 I _V_VolumeDialogController:  get Delta:  60 ss.level: 70  level: 60
09-12 11:48:31.707 31411 31411 V APM::AudioPolicyEngine: getDeviceForStrategy() strategy 0, device 2
09-12 11:48:31.707  2115  2264 I vol.Events: writeEvent level_changed STREAM_MUSIC 60
09-12 11:48:31.707 31411 31689 V APM::AudioPolicyEngine: getDeviceForStrategy() strategy 0, device 2
09-12 11:48:31.707  2499  3410 I _V_VolumeHelper: UpSlide|adjustSeekBar >>> val = 1200
09-12 11:48:31.708  2115  2264 I vol.Events: writeEvent active_stream_changed STREAM_MUSIC
09-12 11:48:31.708  2115  2264 D VolumeDialogController: updateActiveStreamW 3
09-12 11:48:31.708 31411 31689 V APM::AudioPolicyEngine: getDeviceForStrategy() strategy 0, device 2
09-12 11:48:31.708  2499  3410 I _V_VolumeHelper: UpSlide|adjustSeekBar >>> val = 1200
09-12 11:48:31.709  2115  2115 D VivoVolumeDialogImpl: updateVolumeRowH s=2
09-12 11:48:31.709  1482  4033 D AudioService: forceVolumeControlStream(-1)
09-12 11:48:31.710  2115  2264 D AudioManager: forceVolumeControlStream streamType:-1 by com.android.systemui
09-12 11:48:31.710  2115  2264 D VolumeDialogController: forceVolumeControlStream -1
09-12 11:48:31.710  2115  2115 D VivoVolumeDialogImpl: updateVolumeRowH s=3
09-12 11:48:31.710  2115  2115 D VivoVolumeDialogImpl: STREAM_MUSIC onProgressChanged 60 fromUser=false
09-12 11:48:31.710  2115  2115 D VivoVolumeDialogImpl: updateVolumeRowH s=5
09-12 11:48:31.710  2115  2115 D VivoVolumeDialogImpl: updateVolumeRowH s=4
09-12 11:48:31.710  2115  2115 D VivoVolumeDialogImpl: updateVolumeRowH s=0
09-12 11:48:31.710 31411 31689 V APM::AudioPolicyEngine: getDeviceForStrategy() strategy 0, device 2
09-12 11:48:31.710  2115  2115 D VivoVolumeDialogImpl: updateVolumeRowH s=6
09-12 11:48:31.710  2115  2115 D VivoVolumeDialogImpl: updateVolumeRowH s=1
09-12 11:48:31.711 31411 31689 V APM::AudioPolicyEngine: getDeviceForStrategy() strategy 0, device 2
09-12 11:48:31.711  2115  2115 D VivoVolumeDialogImpl: updateVolumeRowH s=10
09-12 11:48:31.711  2115  2115 D VivoVolumeDialogImpl: updateVolumeRowH s=11
09-12 11:48:31.711  2115  2115 D VivoVolumeDialogImpl: updateVolumeRowH s=2
09-12 11:48:31.711  2115  2115 D VivoVolumeDialogImpl: updateVolumeRowH s=3
09-12 11:48:31.711 31411 31689 V APM::AudioPolicyEngine: getDeviceForStrategy() strategy 0, device 2
09-12 11:48:31.712  2115  2115 D VivoVolumeDialogImpl: STREAM_MUSIC onProgressChanged 60 fromUser=false
09-12 11:48:31.712  2115  2115 D VivoVolumeDialogImpl: updateVolumeRowH s=5
09-12 11:48:31.712  2115  2115 D VivoVolumeDialogImpl: updateVolumeRowH s=4
09-12 11:48:31.712  2115  2115 D VivoVolumeDialogImpl: updateVolumeRowH s=0
09-12 11:48:31.712  2115  2115 D VivoVolumeDialogImpl: updateVolumeRowH s=6
09-12 11:48:31.712  2115  2115 D VivoVolumeDialogImpl: updateVolumeRowH s=1
09-12 11:48:31.712  2115  2115 D VivoVolumeDialogImpl: updateVolumeRowH s=10
09-12 11:48:31.712  2115  2115 D VivoVolumeDialogImpl: updateVolumeRowH s=11
09-12 11:48:31.712  2115  2264 I _V_VolumeDialogController:  get Delta:  60 ss.level: 60  level: 60
09-12 11:48:31.713 31411 31689 V APM::AudioPolicyEngine: getDeviceForStrategy() strategy 0, device 2
09-12 11:48:31.714  2115  2115 D VivoVolumeDialogImpl: updateRowsH
09-12 11:48:31.714  2115  2264 I vol.Events: writeEvent key STREAM_MUSIC 60
09-12 11:48:31.714  2115  2115 D VivoVolumeDialogImpl: updateRowsH
09-12 11:48:31.715  2115  2115 D VivoVolumeDialogImpl: rescheduleTimeout 2000 com.android.systemui.volume.VivoVolumeDialogImpl.onStateChangedH:569
09-12 11:48:31.715  2115  2115 D VivoVolumeDialogImpl: updateVolumeRowH s=2
09-12 11:48:31.715  2115  2115 D VivoVolumeDialogImpl: updateVolumeRowH s=3
09-12 11:48:31.715  2115  2115 I _V_VivoVolumeDialogImpl: updateVolumeRowH(), stream: 3 level: 60 isRingVibrate: false isRinsilent: false zenMuted: false mAutomute: true ss.muted false
09-12 11:48:31.715  2115  2115 D VivoVolumeDialogImpl: updateVolumeRowH s=5
09-12 11:48:31.715  2115  2115 D VivoVolumeDialogImpl: updateVolumeRowH s=4
09-12 11:48:31.715  2115  2115 D VivoVolumeDialogImpl: updateVolumeRowH s=0
09-12 11:48:31.715  2115  2115 D VivoVolumeDialogImpl: updateVolumeRowH s=6
09-12 11:48:31.716  2115  2115 D VivoVolumeDialogImpl: updateVolumeRowH s=1
09-12 11:48:31.716  2115  2115 D VivoVolumeDialogImpl: updateVolumeRowH s=10
09-12 11:48:31.716  2115  2115 D VivoVolumeDialogImpl: updateVolumeRowH s=11
09-12 11:48:31.716  2115  2115 D VivoVolumeDialogImpl: updateVolumeRowH s=2
09-12 11:48:31.716  2115  2115 D VivoVolumeDialogImpl: updateVolumeRowH s=3
09-12 11:48:31.716  2115  2115 I _V_VivoVolumeDialogImpl: updateVolumeRowH(), stream: 3 level: 60 isRingVibrate: false isRinsilent: false zenMuted: false mAutomute: true ss.muted false
09-12 11:48:31.716  2115  2115 D VivoVolumeDialogImpl: updateVolumeRowH s=5
09-12 11:48:31.716  2115  2115 D VivoVolumeDialogImpl: updateVolumeRowH s=4
09-12 11:48:31.716  2115  2115 D VivoVolumeDialogImpl: updateVolumeRowH s=0
09-12 11:48:31.716  2115  2115 D VivoVolumeDialogImpl: updateVolumeRowH s=6
09-12 11:48:31.716  2115  2115 D VivoVolumeDialogImpl: updateVolumeRowH s=1
09-12 11:48:31.716  2115  2115 D VivoVolumeDialogImpl: updateVolumeRowH s=10
09-12 11:48:31.716  2115  2115 D VivoVolumeDialogImpl: updateVolumeRowH s=11
09-12 11:48:31.717  2115  2115 D VivoVolumeDialogImpl: showH r=touch_outside
09-12 11:48:31.717  2115  2115 D VivoVolumeDialogImpl: rescheduleTimeout 2000 com.android.systemui.volume.VivoVolumeDialogImpl.showH:406
09-12 11:48:31.718  1482  4033 D DisplayPowerController: mSettingBrightness = -1 as request 255
09-12 11:48:31.723  1482  4546 W WindowManager: Failed looking up window callers=com.android.server.wm.VivoBaseWindowManagerService.adjustDisplayIdForWindow:703 com.android.server.wm.WindowManagerService.addWindow:1407 com.android.server.wm.Session.addToDisplay:208 
09-12 11:48:31.737  2115  2115 I vol.Events: writeEvent show_dialog volume_changed keyguard=false
09-12 11:48:31.737  1482  4546 D AudioService: Volume controller visible: true
09-12 11:48:31.738  2115  2115 I CatcherGestureDetector: DecorView onAttached
09-12 11:48:31.738  2115  2115 I CatcherGestureDetector: window type filtered
09-12 11:48:31.747  1482  4546 D WindowManager: updateSystemBarsLw hideNavBarSysui : true ,immersiveSticky = false ,win = Window{51015ba u0 com.google.android.videos/com.google.android.apps.play.movies.mobile.usecase.watch.WatchActivity$InitiallyLandscape}
09-12 11:48:31.755   716  3621 E         : IProducerListener: malformed binder reply
09-12 11:48:31.762  1482  4546 D WindowManager: updateSystemBarsLw hideNavBarSysui : true ,immersiveSticky = false ,win = Window{51015ba u0 com.google.android.videos/com.google.android.apps.play.movies.mobile.usecase.watch.WatchActivity$InitiallyLandscape}
09-12 11:48:31.790  1482  1790 D WindowManager: updateSystemBarsLw hideNavBarSysui : true ,immersiveSticky = false ,win = Window{51015ba u0 com.google.android.videos/com.google.android.apps.play.movies.mobile.usecase.watch.WatchActivity$InitiallyLandscape}
09-12 11:48:31.804  1482  1790 E system_server: No package ID ff found for ID 0xffffffff.
09-12 11:48:31.808  1482  1790 D WindowManager: updateSystemBarsLw hideNavBarSysui : true ,immersiveSticky = false ,win = Window{51015ba u0 com.google.android.videos/com.google.android.apps.play.movies.mobile.usecase.watch.WatchActivity$InitiallyLandscape}
09-12 11:48:31.992  1482  1819 D DisplayPowerController: mSettingBrightness = -1 as request 255
09-12 11:48:31.993  1482  1819 D WindowManager: interceptKeyTi keyCode=25 down=true repeatCount=1 keyguardOn=false mHomePressed=false canceled=false
09-12 11:48:31.993  1482  1819 D WindowManager: intercept win = Window{51015ba u0 com.google.android.videos/com.google.android.apps.play.movies.mobile.usecase.watch.WatchActivity$InitiallyLandscape}
09-12 11:48:32.003  1482  1819 D WindowManager: intercept attrs = {(0,0)(fillxfill) sim={adjust=pan} layoutInDisplayCutoutMode=never ty=BASE_APPLICATION fmt=TRANSLUCENT wanim=0x10302f8
09-12 11:48:32.003  1482  1819 D WindowManager:   fl=KEEP_SCREEN_ON LAYOUT_IN_SCREEN LAYOUT_INSET_DECOR SPLIT_TOUCH HARDWARE_ACCELERATED TRANSLUCENT_STATUS TRANSLUCENT_NAVIGATION DRAWS_SYSTEM_BAR_BACKGROUNDS
09-12 11:48:32.003  1482  1819 D WindowManager:   pfl=FORCE_DRAW_STATUS_BAR_BACKGROUND
09-12 11:48:32.003  1482  1819 D WindowManager:   vsysui=LOW_PROFILE HIDE_NAVIGATION FULLSCREEN LAYOUT_STABLE LAYOUT_HIDE_NAVIGATION LAYOUT_FULLSCREEN IMMERSIVE homeIndicatorState=-1 keepFullScreen=0 internalFlag=0x0 preferedDisplay=0}
09-12 11:48:32.004  1482  1819 I WindowManager: process interceptKeyBeforeDispatching ,let the application handle the key.
09-12 11:48:32.010  1482  4546 D MediaSessionService: dispatchVolumeKeyEvent, pkg=com.google.android.videos, pid=7323, uid=10226, asSystem=true, event=KeyEvent { action=ACTION_DOWN, keyCode=KEYCODE_VOLUME_DOWN, scanCode=114, metaState=0, flags=0x88, repeatCount=1, eventTime=23138516, downTime=23138015, deviceId=4, source=0x101 }
09-12 11:48:32.011  1482  4546 D MediaSessionService: Adjusting com.google.android.videos/play_movies_media (userId=0) by -1. flags=4113, suggestedStream=3, preferSuggestedStream=true
09-12 11:48:32.012  1482  1482 D AudioService: adjustSuggestedStreamVolume() stream=3, flags=4113, caller=MediaSessionService, volControlStream=-1, userSelect=false
09-12 11:48:32.015 31411 31689 D IFeatureService: GET_PHONE_STATE_POM
09-12 11:48:32.016  1482  1482 V AudioService: getActiveStreamType: Forcing STREAM_MUSIC stream active
09-12 11:48:32.016  1482  1482 D AudioService: Volume controller suppressed adjustment
09-12 11:48:32.017  1482  1482 D AudioService: adjustStreamVolume() stream=3, dir=-1, flags=4113, caller=MediaSessionService
09-12 11:48:32.017 31411 31689 V APM::AudioPolicyEngine: getDeviceForStrategy() strategy 0, device 2
09-12 11:48:32.017  1482  1482 D AudioService: clear the DetalIndex volume from thirdparty app index:50 minIndex:10 maxIndex:140
09-12 11:48:32.018 31411 31689 V APM::AudioPolicyEngine: getDeviceForStrategy() strategy 0, device 2
09-12 11:48:32.019 31411 31689 I chatty  : uid=1041(audioserver) Binder:31411_3 identical 3 lines
09-12 11:48:32.020 31411 31689 V APM::AudioPolicyEngine: getDeviceForStrategy() strategy 0, device 2
09-12 11:48:32.023  2115  2264 D VolumeDialogController: onReceive VOLUME_CHANGED_ACTION stream=10 level=5  deltaLevel = 0 oldLevel=6
09-12 11:48:32.026  2499  2499 I _V_VolumeHelper: UpSlide|action: android.media.VOLUME_CHANGED_ACTION,false
09-12 11:48:32.026 31411 31689 V APM::AudioPolicyEngine: getDeviceForStrategy() strategy 0, device 2
09-12 11:48:32.027 31411 31689 V APM::AudioPolicyEngine: getDeviceForStrategy() strategy 0, device 2
09-12 11:48:32.028  1482  4546 D WindowManager: updateSystemBarsLw hideNavBarSysui : true ,immersiveSticky = false ,win = Window{51015ba u0 com.google.android.videos/com.google.android.apps.play.movies.mobile.usecase.watch.WatchActivity$InitiallyLandscape}
09-12 11:48:32.028 31411 31689 V APM::AudioPolicyEngine: getDeviceForStrategy() strategy 0, device 2
09-12 11:48:32.029  2115  2264 D VolumeDialogController: onReceive VOLUME_CHANGED_ACTION stream=9 level=5  deltaLevel = 0 oldLevel=6
09-12 11:48:32.029  2499  3410 I _V_VolumeHelper: UpSlide|adjustSeekBar >>> val = 1000
09-12 11:48:32.030  2499  2499 I _V_VolumeHelper: UpSlide|action: android.media.VOLUME_CHANGED_ACTION,false
09-12 11:48:32.031  1482  1482 D FeatureService: adjustStreamVolumeHook, streamType: 3 index 50 device 2
09-12 11:48:32.031 31411 31411 V APM::AudioPolicyEngine: getDeviceForStrategy() strategy 0, device 2
09-12 11:48:32.032 31411 31689 V APM::AudioPolicyEngine: getDeviceForStrategy() strategy 0, device 2
09-12 11:48:32.032  2115  2264 D VolumeDialogController: onReceive VOLUME_CHANGED_ACTION stream=3 level=5  deltaLevel = 0 oldLevel=6
09-12 11:48:32.032 31411 31411 V APM::AudioPolicyEngine: getDeviceForStrategy() strategy 0, device 2
09-12 11:48:32.032 31411 31689 V APM_AudioPolicyManager: setStreamVolumeIndex() stream 3, device 00000002, index 5
09-12 11:48:32.032  2499  3410 I _V_VolumeHelper: UpSlide|adjustSeekBar >>> val = 1000
09-12 11:48:32.032 31411 31689 V APM::AudioPolicyEngine: getDeviceForStrategy() strategy 0, device 2
09-12 11:48:32.033  2499  3410 D _V_VolumeHelper: UpSlide|adjustSeekBar, not refresh
09-12 11:48:32.033 31411 31689 D APM::VolumeCurve: VOLUME mDeviceCategory 1, mStreamType 3 vol index=[40 50 50], dB=[-35.0 -30.5 -30.5]
09-12 11:48:32.033 31411 31689 V AudioPolicyService: AudioCommandThread() adding set volume stream 3, volume 0.029854, output 13
09-12 11:48:32.033 31411 31689 V AudioPolicyService: inserting command: 2 at index 0, num commands 0
09-12 11:48:32.033 31411 31673 V AudioPolicyService: AudioCommandThread() processing set volume stream 3,                             volume 0.029854, output 13
09-12 11:48:32.033 31411 31673 V AudioPolicyService: AudioCommandThread() going to sleep
09-12 11:48:32.034  2499  2499 I _V_VolumeHelper: UpSlide|action: android.media.VOLUME_CHANGED_ACTION,false
09-12 11:48:32.034 31411 31680 V APM::AudioPolicyEngine: getDeviceForStrategy() strategy 0, device 2
09-12 11:48:32.035 31411 31689 V APM::AudioPolicyEngine: getDeviceForStrategy() strategy 0, device 2
09-12 11:48:32.035 31411 31411 V APM::AudioPolicyEngine: getDeviceForStrategy() strategy 0, device 2
09-12 11:48:32.036 31411 31689 V APM_AudioPolicyManager: setStreamVolumeIndex() stream 10, device 00000002, index 5
09-12 11:48:32.036 31411 31680 V APM::AudioPolicyEngine: getDeviceForStrategy() strategy 0, device 2
09-12 11:48:32.036  1482  1482 D AudioService: adjustStreamVolume, adjustVolume: true new_index: 50 oldIndex: 60 flags: 4113 isMuteAdjust:false step:10 mSafeMediaVolumeState:3
09-12 11:48:32.036 31411 31689 V APM::AudioPolicyEngine: getDeviceForStrategy() strategy 0, device 2
09-12 11:48:32.036 31411 31689 V APM_AudioPolicyManager: setStreamVolumeIndex() stream 9, device 00000002, index 5
09-12 11:48:32.037  2115  3143 D VolumeDialogController.VC: volumeChanged STREAM_MUSIC SHOW_UI,VIBRATE,FROM_KEY
09-12 11:48:32.037 31411 31680 V APM::AudioPolicyEngine: getDeviceForStrategy() strategy 0, device 2
09-12 11:48:32.037 31411 31680 V APM::AudioPolicyEngine: getDeviceForStrategy() strategy 0, device 2
09-12 11:48:32.037  2115  2264 I _V_VolumeDialogController:  get Delta:  50 ss.level: 60  level: 50
09-12 11:48:32.037  2115  2264 I vol.Events: writeEvent level_changed STREAM_MUSIC 50
09-12 11:48:32.038 31411 31680 V APM::AudioPolicyEngine: getDeviceForStrategy() strategy 0, device 2
09-12 11:48:32.038  2499  3410 I _V_VolumeHelper: UpSlide|adjustSeekBar >>> val = 1000
09-12 11:48:32.038 31411 31680 V APM::AudioPolicyEngine: getDeviceForStrategy() strategy 0, device 2
09-12 11:48:32.038 31411 31689 V APM::AudioPolicyEngine: getDeviceForStrategy() strategy 0, device 2
09-12 11:48:32.039 31411 31689 V APM::AudioPolicyEngine: getDeviceForStrategy() strategy 0, device 2
09-12 11:48:32.040  2115  2264 I _V_VolumeDialogController:  get Delta:  50 ss.level: 50  level: 50
09-12 11:48:32.040 31411 31689 V APM::AudioPolicyEngine: getDeviceForStrategy() strategy 0, device 2
09-12 11:48:32.040  2115  2115 D VivoVolumeDialogImpl: showH r=touch_outside
09-12 11:48:32.041  1482  1819 D WindowManager: interceptKeyTi keyCode=25 down=true repeatCount=2 keyguardOn=false mHomePressed=false canceled=false
09-12 11:48:32.041  2115  2115 D VivoVolumeDialogImpl: rescheduleTimeout 2000 com.android.systemui.volume.VivoVolumeDialogImpl.showH:406
09-12 11:48:32.041  1482  1819 D WindowManager: intercept win = Window{51015ba u0 com.google.android.videos/com.google.android.apps.play.movies.mobile.usecase.watch.WatchActivity$InitiallyLandscape}
09-12 11:48:32.042  1482  4033 D DisplayPowerController: mSettingBrightness = -1 as request 255
09-12 11:48:32.043  2115  2115 I vol.Events: writeEvent show_dialog volume_changed keyguard=false
09-12 11:48:32.044  1482  2507 D AudioService: Volume controller visible: true
09-12 11:48:32.046  1482  1819 D WindowManager: intercept attrs = {(0,0)(fillxfill) sim={adjust=pan} layoutInDisplayCutoutMode=never ty=BASE_APPLICATION fmt=TRANSLUCENT wanim=0x10302f8
09-12 11:48:32.046  1482  1819 D WindowManager:   fl=KEEP_SCREEN_ON LAYOUT_IN_SCREEN LAYOUT_INSET_DECOR SPLIT_TOUCH HARDWARE_ACCELERATED TRANSLUCENT_STATUS TRANSLUCENT_NAVIGATION DRAWS_SYSTEM_BAR_BACKGROUNDS
09-12 11:48:32.046  1482  1819 D WindowManager:   pfl=FORCE_DRAW_STATUS_BAR_BACKGROUND
09-12 11:48:32.046  1482  1819 D WindowManager:   vsysui=LOW_PROFILE HIDE_NAVIGATION FULLSCREEN LAYOUT_STABLE LAYOUT_HIDE_NAVIGATION LAYOUT_FULLSCREEN IMMERSIVE homeIndicatorState=-1 keepFullScreen=0 internalFlag=0x0 preferedDisplay=0}
09-12 11:48:32.046  1482  1819 I WindowManager: process interceptKeyBeforeDispatching ,let the application handle the key.
09-12 11:48:32.066  1482  4546 D MediaSessionService: dispatchVolumeKeyEvent, pkg=com.google.android.videos, pid=7323, uid=10226, asSystem=true, event=KeyEvent { action=ACTION_DOWN, keyCode=KEYCODE_VOLUME_DOWN, scanCode=114, metaState=0, flags=0x8, repeatCount=2, eventTime=23138567, downTime=23138015, deviceId=4, source=0x101 }
09-12 11:48:32.067  1482  4546 D MediaSessionService: Adjusting com.google.android.videos/play_movies_media (userId=0) by -1. flags=4113, suggestedStream=3, preferSuggestedStream=true
09-12 11:48:32.067  1482  1482 D AudioService: adjustSuggestedStreamVolume() stream=3, flags=4113, caller=MediaSessionService, volControlStream=-1, userSelect=false
09-12 11:48:32.068  2115  2115 D VivoVolumeDialogImpl: updateVolumeRowH s=2
09-12 11:48:32.069  2115  2115 D VivoVolumeDialogImpl: updateVolumeRowH s=3
09-12 11:48:32.069  2115  2115 I _V_VivoVolumeDialogImpl: updateVolumeRowH(), stream: 3 level: 50 isRingVibrate: false isRinsilent: false zenMuted: false mAutomute: true ss.muted false
09-12 11:48:32.069 31411 31689 D IFeatureService: GET_PHONE_STATE_POM
09-12 11:48:32.069  2115  2115 D VivoVolumeDialogImpl: STREAM_MUSIC onProgressChanged 50 fromUser=false
09-12 11:48:32.069  2115  2115 D VivoVolumeDialogImpl: updateVolumeRowH s=5
09-12 11:48:32.069  2115  2115 D VivoVolumeDialogImpl: updateVolumeRowH s=4
09-12 11:48:32.069  2115  2115 D VivoVolumeDialogImpl: updateVolumeRowH s=0
09-12 11:48:32.069  2115  2115 D VivoVolumeDialogImpl: updateVolumeRowH s=6
09-12 11:48:32.069  2115  2115 D VivoVolumeDialogImpl: updateVolumeRowH s=1
09-12 11:48:32.069  1482  1482 V AudioService: getActiveStreamType: Forcing STREAM_MUSIC stream active
09-12 11:48:32.070  2115  2115 D VivoVolumeDialogImpl: updateVolumeRowH s=10
09-12 11:48:32.070  2115  2115 D VivoVolumeDialogImpl: STREAM_ACCESSIBILITY onProgressChanged 500 fromUser=false
09-12 11:48:32.070  2115  2115 D VivoVolumeDialogImpl: updateVolumeRowH s=11
09-12 11:48:32.070  1482  1482 D AudioService: Volume controller suppressed adjustment
09-12 11:48:32.070  2115  2115 D VivoVolumeDialogImpl: updateVolumeRowH s=2
09-12 11:48:32.070  1482  1482 D AudioService: adjustStreamVolume() stream=3, dir=-1, flags=4113, caller=MediaSessionService
09-12 11:48:32.070  2115  2115 D VivoVolumeDialogImpl: updateVolumeRowH s=3
09-12 11:48:32.070  2115  2115 I _V_VivoVolumeDialogImpl: updateVolumeRowH(), stream: 3 level: 50 isRingVibrate: false isRinsilent: false zenMuted: false mAutomute: true ss.muted false
09-12 11:48:32.070 31411 31689 V APM::AudioPolicyEngine: getDeviceForStrategy() strategy 0, device 2
09-12 11:48:32.070  2115  2115 D VivoVolumeDialogImpl: STREAM_MUSIC onProgressChanged 50 fromUser=false
09-12 11:48:32.070  2115  2115 D VivoVolumeDialogImpl: updateVolumeRowH s=5
09-12 11:48:32.070  2115  2115 D VivoVolumeDialogImpl: updateVolumeRowH s=4
09-12 11:48:32.070  2115  2115 D VivoVolumeDialogImpl: updateVolumeRowH s=0
09-12 11:48:32.070  2115  2115 D VivoVolumeDialogImpl: updateVolumeRowH s=6
09-12 11:48:32.070  2115  2115 D VivoVolumeDialogImpl: updateVolumeRowH s=1
09-12 11:48:32.070  2115  2115 D VivoVolumeDialogImpl: updateVolumeRowH s=10
09-12 11:48:32.071  2115  2115 D VivoVolumeDialogImpl: STREAM_ACCESSIBILITY onProgressChanged 500 fromUser=false
09-12 11:48:32.071  2115  2115 D VivoVolumeDialogImpl: updateVolumeRowH s=11
09-12 11:48:32.071  1482  1482 D AudioService: clear the DetalIndex volume from thirdparty app index:40 minIndex:10 maxIndex:140
09-12 11:48:32.071 31411 31689 V APM::AudioPolicyEngine: getDeviceForStrategy() strategy 0, device 2
09-12 11:48:32.072 31411 31689 I chatty  : uid=1041(audioserver) Binder:31411_3 identical 3 lines
09-12 11:48:32.073 31411 31689 V APM::AudioPolicyEngine: getDeviceForStrategy() strategy 0, device 2
09-12 11:48:32.075  2499  2499 I _V_VolumeHelper: UpSlide|action: android.media.VOLUME_CHANGED_ACTION,false
09-12 11:48:32.075  2115  2264 D VolumeDialogController: onReceive VOLUME_CHANGED_ACTION stream=10 level=4  deltaLevel = 0 oldLevel=5
09-12 11:48:32.076  1482  4546 D WindowManager: updateSystemBarsLw hideNavBarSysui : true ,immersiveSticky = false ,win = Window{51015ba u0 com.google.android.videos/com.google.android.apps.play.movies.mobile.usecase.watch.WatchActivity$InitiallyLandscape}
09-12 11:48:32.076 31411 31689 V APM::AudioPolicyEngine: getDeviceForStrategy() strategy 0, device 2
09-12 11:48:32.077 31411 31689 V APM::AudioPolicyEngine: getDeviceForStrategy() strategy 0, device 2
09-12 11:48:32.077  2115  2264 D VolumeDialogController: onReceive VOLUME_CHANGED_ACTION stream=9 level=4  deltaLevel = 0 oldLevel=5
09-12 11:48:32.077 31411 31689 V APM::AudioPolicyEngine: getDeviceForStrategy() strategy 0, device 2
09-12 11:48:32.079  2499  3410 I _V_VolumeHelper: UpSlide|adjustSeekBar >>> val = 800
