09-12 11:47:03.906  2568  2568 I _V_FloatMessageService: VivoMultiWindowApp- SetAllowSplitKeyRunnable: set (208) to 1
09-12 11:47:03.907  1482  1482 V SettingsProvider: Notifying for 0: content://settings/system/vivo_smartmulitwindow_is_allowed_split
09-12 11:47:03.911  2568  2693 D VivoTheme: load old package name start
09-12 11:47:03.995   716   716 I SurfaceFlinger: FPS(Built-in Screen): 49
09-12 11:47:04.098   545   545 D OrientationEventListener: Orientation is:268 X:-8.501326 Y:0.25604886 Z:-4.8766856
09-12 11:47:04.221  2749  5885 I _V_RMS-Reclaim: available=1618284KB, current watermark=716800KB, last watermark=716800KB, current stopline=800, last stopline=1000
09-12 11:47:04.222  2749  5885 I _V_RMS-Reclaim: Reclaiming took : 1ms
09-12 11:47:04.672  1482  4033 D DisplayPowerController: mSettingBrightness = -1 as request 255
09-12 11:47:04.695   545   545 D OrientationEventListener: Orientation is:269 X:-9.283716 Y:0.22851674 Z:-3.03311
09-12 11:47:04.727   982   982 E wificond: vivo add tx_good 235770 tx_bad 16 rx_good 643627 tx_retry 42771
09-12 11:47:04.728  1482  1845 D WificondControl: vivo add pollResult txgood 235770 txbad 16 rxgood 643627 txretry 42771
09-12 11:47:04.728  1482  1845 D VivoWifiRssiMap: setFirstFetchRssi, mFirstFetchRssi:-86, rssi:-45
09-12 11:47:04.728  1482  1845 D VivoWifiRssiMap: setWifiRssi, rssi:-45
09-12 11:47:04.877  1482  4033 D DisplayPowerController: mSettingBrightness = -1 as request 255
09-12 11:47:05.027   716   716 I SurfaceFlinger: FPS(Built-in Screen): 29
09-12 11:47:06.028   716   716 I SurfaceFlinger: FPS(Built-in Screen): 24
09-12 11:47:06.158  5327  5477 D DataFormatter: Normal bytes 826485
09-12 11:47:06.688   937  1047 E ThermalEngine: vivo_thermal_parameter_config :VivoThermal:read type:1  buf: 1
09-12 11:47:06.688   937  1047 E ThermalEngine:  
09-12 11:47:06.706  1482  2652 I VNOILBS : VNOILBS mScreenOn=true level=50 mCriticalBatteryLevel=3 mNotificationLowBatteryStates=false mNotificationChargeStates=false status=2
09-12 11:47:06.709  1482  1482 D FeatureService: onReceive action android.intent.action.BATTERY_CHANGED
09-12 11:47:06.709  1482  1610 D VivoUsbDeviceManager: updateVivoUsbNotification, mConnected=true ,mCurrentFunctions=4
09-12 11:47:06.709  1482  1482 D BrightnessChangeTracker: Received android.intent.action.BATTERY_CHANGED
09-12 11:47:06.710  2115  2115 D KeyguardUpdateMonitor: received broadcast android.intent.action.BATTERY_CHANGED
09-12 11:47:06.711  2499  2499 I _V_SwitcherUpdateMonitor: UpSlide|receive broadcast, action = android.intent.action.BATTERY_CHANGED
09-12 11:47:06.711  2115  2115 I _V_BatteryController: status = 2, mLastStatus = 2, mPluggedIn = true, mLastPluggedIn = true
09-12 11:47:06.711  2115  2115 I _V_BatteryController: mLevel = 50, mLastLevel = 50, chargeMode = 0, mCharging = true
09-12 11:47:06.711  2115  2115 I _V_KeyguardWatcher: action = android.intent.action.BATTERY_CHANGED
09-12 11:47:06.711  2115  2115 I _V_PowerUI: buckets   .....20 .. 15 .. 3| level          50 --> 50| status         2 --> 2| plugType       1 --> 1| invalidCharger 0 --> 0| bucket         1 --> 1| plugged        true --> true
09-12 11:47:06.712  2115  2115 D KeyguardUpdateMonitor: handleBatteryUpdate
09-12 11:47:06.712  2115  2115 I _V_Keyguard.ChargeEventManager: handleChargingModeChanged, CurrentEngineState = 0, engineState = 0
09-12 11:47:06.712  1482  4169 V LocSvc_HIDL_Subscription_jni: battery_level_update
09-12 11:47:06.713  2531  2531 D QtiCarrierConfigHelper: WARNING, no carrier configs on phone Id: 0
09-12 11:47:06.713  2464  2464 I _V_GameModeManager: Receive Intent { act=android.intent.action.BATTERY_CHANGED flg=0x60000010 (has extras) }
09-12 11:47:06.714  2464  2464 I _V_WarningMessage: receiver: action isandroid.intent.action.BATTERY_CHANGED mBatteryPowerConnetDialog=true mShowChargerOverVoltageDialog=true
09-12 11:47:06.714  2464  2464 D _V_DeviceListener: ++onReceive++:android.intent.action.BATTERY_CHANGED
09-12 11:47:06.715  2464  2464 D _V_DeviceListener: onReceiveandroid.intent.action.BATTERY_CHANGED
09-12 11:47:06.715  2464  2464 I _V_UsbDeviceManagerService: mUsbReceiver action:android.intent.action.BATTERY_CHANGED mConnected:false mLastConnected:false
09-12 11:47:06.715  2464  2464 I _V_UsbDeviceManagerService: mUsbReceiver ACTION_BATTERY_CHANGED plugType:1 mRomVersion:9.0 isSysBootCompleted:true mLastBatteryPlug:true mBatteryPlug:true
09-12 11:47:06.718  1482  4169 V LocSvc_HIDL_Subscription_jni: [battery_level_update][931] [HC] =>> [HS]
09-12 11:47:06.719   668   668 V LocSvc_HIDL_IzatSubscription: [batteryLevelUpdate][772] [HS] <<<<= [HC]
09-12 11:47:06.720  1482  2652 I VNOILBS : VNOILBS mScreenOn=true level=50 mCriticalBatteryLevel=3 mNotificationLowBatteryStates=false mNotificationChargeStates=false status=2
09-12 11:47:06.721  1482  4169 V LocSvc_HIDL_Subscription_jni: Exit Result 0
09-12 11:47:06.726  2499  2499 I _V_SwitcherUpdateMonitor: UpSlide|receive broadcast, action = android.intent.action.BATTERY_CHANGED
09-12 11:47:06.728  2115  2115 D KeyguardUpdateMonitor: received broadcast android.intent.action.BATTERY_CHANGED
09-12 11:47:06.729  2115  2115 I _V_BatteryController: status = 2, mLastStatus = 2, mPluggedIn = true, mLastPluggedIn = true
09-12 11:47:06.729  2115  2115 I _V_BatteryController: mLevel = 50, mLastLevel = 50, chargeMode = 0, mCharging = true
09-12 11:47:06.729  2115  2115 D KeyguardUpdateMonitor: handleBatteryUpdate
09-12 11:47:06.729  2464  2464 I _V_GameModeManager: Receive Intent { act=android.intent.action.BATTERY_CHANGED flg=0x60000010 (has extras) }
09-12 11:47:06.729  2464  2464 I _V_WarningMessage: receiver: action isandroid.intent.action.BATTERY_CHANGED mBatteryPowerConnetDialog=true mShowChargerOverVoltageDialog=true
09-12 11:47:06.729  2464  2464 D _V_DeviceListener: ++onReceive++:android.intent.action.BATTERY_CHANGED
09-12 11:47:06.729  2464  2464 D _V_DeviceListener: onReceiveandroid.intent.action.BATTERY_CHANGED
09-12 11:47:06.729  1482  4169 V LocSvc_HIDL_Subscription_jni: battery_level_update
09-12 11:47:06.729  2115  2115 I _V_KeyguardWatcher: action = android.intent.action.BATTERY_CHANGED
09-12 11:47:06.730  2464  2464 I _V_UsbDeviceManagerService: mUsbReceiver action:android.intent.action.BATTERY_CHANGED mConnected:false mLastConnected:false
09-12 11:47:06.730  2464  2464 I _V_UsbDeviceManagerService: mUsbReceiver ACTION_BATTERY_CHANGED plugType:1 mRomVersion:9.0 isSysBootCompleted:true mLastBatteryPlug:true mBatteryPlug:true
09-12 11:47:06.730  2115  2115 I _V_PowerUI: buckets   .....20 .. 15 .. 3| level          50 --> 50| status         2 --> 2| plugType       1 --> 1| invalidCharger 0 --> 0| bucket         1 --> 1| plugged        true --> true
09-12 11:47:06.730  2115  2115 I _V_Keyguard.ChargeEventManager: handleChargingModeChanged, CurrentEngineState = 0, engineState = 0
09-12 11:47:06.730  1482  4169 V LocSvc_HIDL_Subscription_jni: [battery_level_update][931] [HC] =>> [HS]
09-12 11:47:06.730   668   668 V LocSvc_HIDL_IzatSubscription: [batteryLevelUpdate][772] [HS] <<<<= [HC]
09-12 11:47:06.730  2531  2531 D QtiCarrierConfigHelper: WARNING, no carrier configs on phone Id: 0
09-12 11:47:06.730  1482  4169 V LocSvc_HIDL_Subscription_jni: Exit Result 0
09-12 11:47:06.736  1482  1482 D FeatureService: onReceive action android.intent.action.BATTERY_CHANGED
09-12 11:47:06.726  1482  2652 I chatty  : uid=1000(system) HwBinder:1482_5 identical 1 line
09-12 11:47:06.736  1482  2652 I VNOILBS : VNOILBS mScreenOn=true level=50 mCriticalBatteryLevel=3 mNotificationLowBatteryStates=false mNotificationChargeStates=false status=2
09-12 11:47:06.736  1482  1610 D VivoUsbDeviceManager: updateVivoUsbNotification, mConnected=true ,mCurrentFunctions=4
09-12 11:47:06.736  1482  1482 D BrightnessChangeTracker: Received android.intent.action.BATTERY_CHANGED
09-12 11:47:06.737  2499  2499 I _V_SwitcherUpdateMonitor: UpSlide|receive broadcast, action = android.intent.action.BATTERY_CHANGED
09-12 11:47:06.738  2115  2115 D KeyguardUpdateMonitor: received broadcast android.intent.action.BATTERY_CHANGED
09-12 11:47:06.738  2115  2115 I _V_BatteryController: status = 2, mLastStatus = 2, mPluggedIn = true, mLastPluggedIn = true
09-12 11:47:06.738  2115  2115 I _V_BatteryController: mLevel = 50, mLastLevel = 50, chargeMode = 0, mCharging = true
09-12 11:47:06.738  2115  2115 I _V_KeyguardWatcher: action = android.intent.action.BATTERY_CHANGED
09-12 11:47:06.738  2115  2115 D KeyguardUpdateMonitor: handleBatteryUpdate
09-12 11:47:06.739  2115  2115 I _V_Keyguard.ChargeEventManager: handleChargingModeChanged, CurrentEngineState = 0, engineState = 0
09-12 11:47:06.739  1482  4169 V LocSvc_HIDL_Subscription_jni: battery_level_update
09-12 11:47:06.739  2115  2115 I _V_PowerUI: buckets   .....20 .. 15 .. 3| level          50 --> 50| status         2 --> 2| plugType       1 --> 1| invalidCharger 0 --> 0| bucket         1 --> 1| plugged        true --> true
09-12 11:47:06.739  1482  4169 V LocSvc_HIDL_Subscription_jni: [battery_level_update][931] [HC] =>> [HS]
09-12 11:47:06.739  2531  2531 D QtiCarrierConfigHelper: WARNING, no carrier configs on phone Id: 0
09-12 11:47:06.739   668   668 V LocSvc_HIDL_IzatSubscription: [batteryLevelUpdate][772] [HS] <<<<= [HC]
09-12 11:47:06.739  1482  4169 V LocSvc_HIDL_Subscription_jni: Exit Result 0
09-12 11:47:06.740  2464  2464 I _V_GameModeManager: Receive Intent { act=android.intent.action.BATTERY_CHANGED flg=0x60000010 (has extras) }
09-12 11:47:06.740  2464  2464 I _V_WarningMessage: receiver: action isandroid.intent.action.BATTERY_CHANGED mBatteryPowerConnetDialog=true mShowChargerOverVoltageDialog=true
09-12 11:47:06.740  2464  2464 D _V_DeviceListener: ++onReceive++:android.intent.action.BATTERY_CHANGED
09-12 11:47:06.741  2464  2464 D _V_DeviceListener: onReceiveandroid.intent.action.BATTERY_CHANGED
09-12 11:47:06.741  2464  2464 I _V_UsbDeviceManagerService: mUsbReceiver action:android.intent.action.BATTERY_CHANGED mConnected:false mLastConnected:false
09-12 11:47:06.741  2464  2464 I _V_UsbDeviceManagerService: mUsbReceiver ACTION_BATTERY_CHANGED plugType:1 mRomVersion:9.0 isSysBootCompleted:true mLastBatteryPlug:true mBatteryPlug:true
09-12 11:47:06.746  1482  2652 I VNOILBS : VNOILBS mScreenOn=true level=50 mCriticalBatteryLevel=3 mNotificationLowBatteryStates=false mNotificationChargeStates=false status=2
09-12 11:47:06.746  1482  1482 D FeatureService: onReceive action android.intent.action.BATTERY_CHANGED
09-12 11:47:06.747  1482  1610 D VivoUsbDeviceManager: updateVivoUsbNotification, mConnected=true ,mCurrentFunctions=4
09-12 11:47:06.747  1482  1482 D BrightnessChangeTracker: Received android.intent.action.BATTERY_CHANGED
09-12 11:47:06.748  2499  2499 I _V_SwitcherUpdateMonitor: UpSlide|receive broadcast, action = android.intent.action.BATTERY_CHANGED
09-12 11:47:06.749  2115  2115 D KeyguardUpdateMonitor: received broadcast android.intent.action.BATTERY_CHANGED
09-12 11:47:06.749  2115  2115 I _V_BatteryController: status = 2, mLastStatus = 2, mPluggedIn = true, mLastPluggedIn = true
09-12 11:47:06.749  2115  2115 I _V_BatteryController: mLevel = 50, mLastLevel = 50, chargeMode = 0, mCharging = true
09-12 11:47:06.749  2115  2115 D KeyguardUpdateMonitor: handleBatteryUpdate
09-12 11:47:06.750  2115  2115 I _V_KeyguardWatcher: action = android.intent.action.BATTERY_CHANGED
09-12 11:47:06.750  2115  2115 I _V_PowerUI: buckets   .....20 .. 15 .. 3| level          50 --> 50| status         2 --> 2| plugType       1 --> 1| invalidCharger 0 --> 0| bucket         1 --> 1| plugged        true --> true
09-12 11:47:06.750  2115  2115 I _V_Keyguard.ChargeEventManager: handleChargingModeChanged, CurrentEngineState = 0, engineState = 0
09-12 11:47:06.751  1482  4169 V LocSvc_HIDL_Subscription_jni: battery_level_update
09-12 11:47:06.751  2464  2464 I _V_GameModeManager: Receive Intent { act=android.intent.action.BATTERY_CHANGED flg=0x60000010 (has extras) }
09-12 11:47:06.751  2464  2464 I _V_WarningMessage: receiver: action isandroid.intent.action.BATTERY_CHANGED mBatteryPowerConnetDialog=true mShowChargerOverVoltageDialog=true
09-12 11:47:06.751  2464  2464 D _V_DeviceListener: ++onReceive++:android.intent.action.BATTERY_CHANGED
09-12 11:47:06.751  2464  2464 D _V_DeviceListener: onReceiveandroid.intent.action.BATTERY_CHANGED
09-12 11:47:06.751  2531  2531 D QtiCarrierConfigHelper: WARNING, no carrier configs on phone Id: 0
09-12 11:47:06.751  2464  2464 I _V_UsbDeviceManagerService: mUsbReceiver action:android.intent.action.BATTERY_CHANGED mConnected:false mLastConnected:false
09-12 11:47:06.751  2464  2464 I _V_UsbDeviceManagerService: mUsbReceiver ACTION_BATTERY_CHANGED plugType:1 mRomVersion:9.0 isSysBootCompleted:true mLastBatteryPlug:true mBatteryPlug:true
09-12 11:47:06.751  1482  4169 V LocSvc_HIDL_Subscription_jni: [battery_level_update][931] [HC] =>> [HS]
09-12 11:47:06.751   668   668 V LocSvc_HIDL_IzatSubscription: [batteryLevelUpdate][772] [HS] <<<<= [HC]
09-12 11:47:06.751  1482  4169 V LocSvc_HIDL_Subscription_jni: Exit Result 0
09-12 11:47:06.752  1482  1482 D FeatureService: onReceive action android.intent.action.BATTERY_CHANGED
09-12 11:47:06.752  1482  1482 D FeatureService: onReceive action android.intent.action.BATTERY_CHANGED
09-12 11:47:06.753  2499  2499 I _V_SwitcherUpdateMonitor: UpSlide|receive broadcast, action = android.intent.action.BATTERY_CHANGED
09-12 11:47:06.753  2115  2115 D KeyguardUpdateMonitor: received broadcast android.intent.action.BATTERY_CHANGED
09-12 11:47:06.752  1482  1482 I chatty  : uid=1000 system_server identical 1 line
09-12 11:47:06.752  1482  1482 D BrightnessChangeTracker: Received android.intent.action.BATTERY_CHANGED
09-12 11:47:06.754  1482  1610 D VivoUsbDeviceManager: updateVivoUsbNotification, mConnected=true ,mCurrentFunctions=4
09-12 11:47:06.754  2115  2115 I _V_BatteryController: status = 2, mLastStatus = 2, mPluggedIn = true, mLastPluggedIn = true
09-12 11:47:06.754  2115  2115 I _V_BatteryController: mLevel = 50, mLastLevel = 50, chargeMode = 0, mCharging = true
09-12 11:47:06.754  2115  2115 D KeyguardUpdateMonitor: handleBatteryUpdate
09-12 11:47:06.755  2115  2115 I _V_KeyguardWatcher: action = android.intent.action.BATTERY_CHANGED
09-12 11:47:06.755  1482  4169 V LocSvc_HIDL_Subscription_jni: battery_level_update
09-12 11:47:06.755  2115  2115 I _V_PowerUI: buckets   .....20 .. 15 .. 3| level          50 --> 50| status         2 --> 2| plugType       1 --> 1| invalidCharger 0 --> 0| bucket         1 --> 1| plugged        true --> true
09-12 11:47:06.755  2115  2115 I _V_Keyguard.ChargeEventManager: handleChargingModeChanged, CurrentEngineState = 0, engineState = 0
09-12 11:47:06.755  2464  2464 I _V_GameModeManager: Receive Intent { act=android.intent.action.BATTERY_CHANGED flg=0x60000010 (has extras) }
09-12 11:47:06.755  1482  4169 V LocSvc_HIDL_Subscription_jni: [battery_level_update][931] [HC] =>> [HS]
09-12 11:47:06.755  2464  2464 I _V_WarningMessage: receiver: action isandroid.intent.action.BATTERY_CHANGED mBatteryPowerConnetDialog=true mShowChargerOverVoltageDialog=true
09-12 11:47:06.755   668   668 V LocSvc_HIDL_IzatSubscription: [batteryLevelUpdate][772] [HS] <<<<= [HC]
09-12 11:47:06.755  2464  2464 D _V_DeviceListener: ++onReceive++:android.intent.action.BATTERY_CHANGED
09-12 11:47:06.755  1482  4169 V LocSvc_HIDL_Subscription_jni: Exit Result 0
09-12 11:47:06.755  2464  2464 D _V_DeviceListener: onReceiveandroid.intent.action.BATTERY_CHANGED
09-12 11:47:06.755  2464  2464 I _V_UsbDeviceManagerService: mUsbReceiver action:android.intent.action.BATTERY_CHANGED mConnected:false mLastConnected:false
09-12 11:47:06.755  2464  2464 I _V_UsbDeviceManagerService: mUsbReceiver ACTION_BATTERY_CHANGED plugType:1 mRomVersion:9.0 isSysBootCompleted:true mLastBatteryPlug:true mBatteryPlug:true
09-12 11:47:06.757  2531  2531 D QtiCarrierConfigHelper: WARNING, no carrier configs on phone Id: 0
09-12 11:47:06.759  1482  2652 I VNOILBS : VNOILBS mScreenOn=true level=50 mCriticalBatteryLevel=3 mNotificationLowBatteryStates=false mNotificationChargeStates=false status=2
09-12 11:47:06.761  1482  1482 D FeatureService: onReceive action android.intent.action.BATTERY_CHANGED
09-12 11:47:06.761  2499  2499 I _V_SwitcherUpdateMonitor: UpSlide|receive broadcast, action = android.intent.action.BATTERY_CHANGED
09-12 11:47:06.762  1482  1482 D BrightnessChangeTracker: Received android.intent.action.BATTERY_CHANGED
09-12 11:47:06.762  2115  2115 D KeyguardUpdateMonitor: received broadcast android.intent.action.BATTERY_CHANGED
09-12 11:47:06.762  1482  1610 D VivoUsbDeviceManager: updateVivoUsbNotification, mConnected=true ,mCurrentFunctions=4
09-12 11:47:06.762  2115  2115 I _V_BatteryController: status = 2, mLastStatus = 2, mPluggedIn = true, mLastPluggedIn = true
09-12 11:47:06.762  2115  2115 I _V_BatteryController: mLevel = 50, mLastLevel = 50, chargeMode = 0, mCharging = true
09-12 11:47:06.762  2115  2115 D KeyguardUpdateMonitor: handleBatteryUpdate
09-12 11:47:06.763  2531  2531 D QtiCarrierConfigHelper: WARNING, no carrier configs on phone Id: 0
09-12 11:47:06.763  2464  2464 I _V_GameModeManager: Receive Intent { act=android.intent.action.BATTERY_CHANGED flg=0x60000010 (has extras) }
09-12 11:47:06.763  2464  2464 I _V_WarningMessage: receiver: action isandroid.intent.action.BATTERY_CHANGED mBatteryPowerConnetDialog=true mShowChargerOverVoltageDialog=true
09-12 11:47:06.764  1482  4169 V LocSvc_HIDL_Subscription_jni: battery_level_update
09-12 11:47:06.764  2464  2464 D _V_DeviceListener: ++onReceive++:android.intent.action.BATTERY_CHANGED
09-12 11:47:06.764  2464  2464 D _V_DeviceListener: onReceiveandroid.intent.action.BATTERY_CHANGED
09-12 11:47:06.764  2464  2464 I _V_UsbDeviceManagerService: mUsbReceiver action:android.intent.action.BATTERY_CHANGED mConnected:false mLastConnected:false
09-12 11:47:06.764  2464  2464 I _V_UsbDeviceManagerService: mUsbReceiver ACTION_BATTERY_CHANGED plugType:1 mRomVersion:9.0 isSysBootCompleted:true mLastBatteryPlug:true mBatteryPlug:true
09-12 11:47:06.764  1482  4169 V LocSvc_HIDL_Subscription_jni: [battery_level_update][931] [HC] =>> [HS]
09-12 11:47:06.764   668   668 V LocSvc_HIDL_IzatSubscription: [batteryLevelUpdate][772] [HS] <<<<= [HC]
09-12 11:47:06.764  1482  4169 V LocSvc_HIDL_Subscription_jni: Exit Result 0
09-12 11:47:06.764  2115  2115 I _V_KeyguardWatcher: action = android.intent.action.BATTERY_CHANGED
09-12 11:47:06.764  2115  2115 I _V_PowerUI: buckets   .....20 .. 15 .. 3| level          50 --> 50| status         2 --> 2| plugType       1 --> 1| invalidCharger 0 --> 0| bucket         1 --> 1| plugged        true --> true
09-12 11:47:06.764  2115  2115 I _V_Keyguard.ChargeEventManager: handleChargingModeChanged, CurrentEngineState = 0, engineState = 0
09-12 11:47:06.769  1482  2652 I VNOILBS : VNOILBS mScreenOn=true level=50 mCriticalBatteryLevel=3 mNotificationLowBatteryStates=false mNotificationChargeStates=false status=2
09-12 11:47:06.770  1482  1482 D FeatureService: onReceive action android.intent.action.BATTERY_CHANGED
09-12 11:47:06.770  2499  2499 I _V_SwitcherUpdateMonitor: UpSlide|receive broadcast, action = android.intent.action.BATTERY_CHANGED
09-12 11:47:06.770  1482  1482 D BrightnessChangeTracker: Received android.intent.action.BATTERY_CHANGED
09-12 11:47:06.770  1482  1610 D VivoUsbDeviceManager: updateVivoUsbNotification, mConnected=true ,mCurrentFunctions=4
09-12 11:47:06.771  2115  2115 D KeyguardUpdateMonitor: received broadcast android.intent.action.BATTERY_CHANGED
09-12 11:47:06.771  2115  2115 I _V_BatteryController: status = 2, mLastStatus = 2, mPluggedIn = true, mLastPluggedIn = true
09-12 11:47:06.771  2464  2464 I _V_GameModeManager: Receive Intent { act=android.intent.action.BATTERY_CHANGED flg=0x60000010 (has extras) }
09-12 11:47:06.771  2115  2115 I _V_BatteryController: mLevel = 50, mLastLevel = 50, chargeMode = 0, mCharging = true
09-12 11:47:06.771  2115  2115 I _V_KeyguardWatcher: action = android.intent.action.BATTERY_CHANGED
09-12 11:47:06.771  2464  2464 I _V_WarningMessage: receiver: action isandroid.intent.action.BATTERY_CHANGED mBatteryPowerConnetDialog=true mShowChargerOverVoltageDialog=true
09-12 11:47:06.771  2115  2115 I _V_PowerUI: buckets   .....20 .. 15 .. 3| level          50 --> 50| status         2 --> 2| plugType       1 --> 1| invalidCharger 0 --> 0| bucket         1 --> 1| plugged        true --> true
09-12 11:47:06.771  2115  2115 D KeyguardUpdateMonitor: handleBatteryUpdate
09-12 11:47:06.771  2464  2464 D _V_DeviceListener: ++onReceive++:android.intent.action.BATTERY_CHANGED
09-12 11:47:06.771  2464  2464 D _V_DeviceListener: onReceiveandroid.intent.action.BATTERY_CHANGED
09-12 11:47:06.771  2464  2464 I _V_UsbDeviceManagerService: mUsbReceiver action:android.intent.action.BATTERY_CHANGED mConnected:false mLastConnected:false
09-12 11:47:06.771  2464  2464 I _V_UsbDeviceManagerService: mUsbReceiver ACTION_BATTERY_CHANGED plugType:1 mRomVersion:9.0 isSysBootCompleted:true mLastBatteryPlug:true mBatteryPlug:true
09-12 11:47:06.772  1482  4169 V LocSvc_HIDL_Subscription_jni: battery_level_update
09-12 11:47:06.772  2115  2115 I _V_Keyguard.ChargeEventManager: handleChargingModeChanged, CurrentEngineState = 0, engineState = 0
09-12 11:47:06.772  2531  2531 D QtiCarrierConfigHelper: WARNING, no carrier configs on phone Id: 0
09-12 11:47:06.772  1482  4169 V LocSvc_HIDL_Subscription_jni: [battery_level_update][931] [HC] =>> [HS]
09-12 11:47:06.772   668   668 V LocSvc_HIDL_IzatSubscription: [batteryLevelUpdate][772] [HS] <<<<= [HC]
09-12 11:47:06.773  1482  4169 V LocSvc_HIDL_Subscription_jni: Exit Result 0
09-12 11:47:07.060   716   716 I SurfaceFlinger: FPS(Built-in Screen): 25
09-12 11:47:07.351  7323  7558 D Linux   : [Posix_connect Debug]Process com.google.android.videos :443 
09-12 11:47:07.667  1482  4033 D DisplayPowerController: mSettingBrightness = -1 as request 255
09-12 11:47:07.723  1482  1834 D NetdConnector: RCV <- {601 limit alert globalAlert wlan0}
09-12 11:47:07.725  1482  1839 D DisplayPowerController: mSettingBrightness = -1 as request 255
09-12 11:47:07.729  1482  1839 D NtpTrustedTime: currentTimeMillis() cache hit
09-12 11:47:07.737   974 25750 E Netd    : tether checkPermission, pid:1482 uid:1000 
09-12 11:47:07.746   982   982 E wificond: vivo add tx_good 236589 tx_bad 16 rx_good 645405 tx_retry 42861
09-12 11:47:07.747  1482  1845 D WificondControl: vivo add pollResult txgood 236589 txbad 16 rxgood 645405 txretry 42861
09-12 11:47:07.747  1482  1845 D VivoWifiRssiMap: setFirstFetchRssi, mFirstFetchRssi:-86, rssi:-47
09-12 11:47:07.747  1482  1845 D VivoWifiRssiMap: setWifiRssi, rssi:-47
09-12 11:47:07.785  1482  1839 D NtpTrustedTime: currentTimeMillis() cache hit
09-12 11:47:07.789  1482  1839 D DisplayPowerController: mSettingBrightness = -1 as request 255
09-12 11:47:07.790  1482  1839 D NetdConnector: SND -> {1015 bandwidth setglobalalert 20971520}
09-12 11:47:07.791  1482  1834 D NetdConnector: RCV <- {200 1015 Bandwidth command succeeeded}
09-12 11:47:07.792  1482  1839 D NetdConnector: RMV <- {200 1015 Bandwidth command succeeeded}
09-12 11:47:07.882  1482  4033 D DisplayPowerController: mSettingBrightness = -1 as request 255
09-12 11:47:07.883  1482  2652 I VNOILBS : VNOILBS mScreenOn=true level=50 mCriticalBatteryLevel=3 mNotificationLowBatteryStates=false mNotificationChargeStates=false status=2
09-12 11:47:07.786  1482  1839 D NtpTrustedTime: currentTimeMillis() cache hit
09-12 11:47:07.885  1482  1482 D FeatureService: onReceive action android.intent.action.BATTERY_CHANGED
09-12 11:47:07.886  1482  1482 D BrightnessChangeTracker: Received android.intent.action.BATTERY_CHANGED
09-12 11:47:07.886  2499  2499 I _V_SwitcherUpdateMonitor: UpSlide|receive broadcast, action = android.intent.action.BATTERY_CHANGED
09-12 11:47:07.887  2115  2115 D KeyguardUpdateMonitor: received broadcast android.intent.action.BATTERY_CHANGED
09-12 11:47:07.887  2115  2115 I _V_BatteryController: status = 2, mLastStatus = 2, mPluggedIn = true, mLastPluggedIn = true
09-12 11:47:07.887  2115  2115 I _V_BatteryController: mLevel = 50, mLastLevel = 50, chargeMode = 0, mCharging = true
09-12 11:47:07.887  1482  1610 D VivoUsbDeviceManager: updateVivoUsbNotification, mConnected=true ,mCurrentFunctions=4
09-12 11:47:07.887  2464  2464 I _V_GameModeManager: Receive Intent { act=android.intent.action.BATTERY_CHANGED flg=0x60000010 (has extras) }
09-12 11:47:07.888  2115  2115 I _V_KeyguardWatcher: action = android.intent.action.BATTERY_CHANGED
09-12 11:47:07.888  2115  2115 D KeyguardUpdateMonitor: handleBatteryUpdate
09-12 11:47:07.888  2464  2464 I _V_WarningMessage: receiver: action isandroid.intent.action.BATTERY_CHANGED mBatteryPowerConnetDialog=true mShowChargerOverVoltageDialog=true
09-12 11:47:07.888  2464  2464 D _V_DeviceListener: ++onReceive++:android.intent.action.BATTERY_CHANGED
09-12 11:47:07.888  2115  2115 I _V_Keyguard.ChargeEventManager: handleChargingModeChanged, CurrentEngineState = 0, engineState = 0
09-12 11:47:07.888  2464  2464 D _V_DeviceListener: onReceiveandroid.intent.action.BATTERY_CHANGED
09-12 11:47:07.889  2464  2464 I _V_UsbDeviceManagerService: mUsbReceiver action:android.intent.action.BATTERY_CHANGED mConnected:false mLastConnected:false
09-12 11:47:07.889  2464  2464 I _V_UsbDeviceManagerService: mUsbReceiver ACTION_BATTERY_CHANGED plugType:1 mRomVersion:9.0 isSysBootCompleted:true mLastBatteryPlug:true mBatteryPlug:true
09-12 11:47:07.890  2115  2115 I _V_PowerUI: buckets   .....20 .. 15 .. 3| level          50 --> 50| status         2 --> 2| plugType       1 --> 1| invalidCharger 0 --> 0| bucket         1 --> 1| plugged        true --> true
09-12 11:47:07.891  1482  4169 V LocSvc_HIDL_Subscription_jni: battery_level_update
09-12 11:47:07.892  1482  4169 V LocSvc_HIDL_Subscription_jni: [battery_level_update][931] [HC] =>> [HS]
09-12 11:47:07.892   668   668 V LocSvc_HIDL_IzatSubscription: [batteryLevelUpdate][772] [HS] <<<<= [HC]
09-12 11:47:07.892  2531  2531 D QtiCarrierConfigHelper: WARNING, no carrier configs on phone Id: 0
09-12 11:47:07.892  1482  4169 V LocSvc_HIDL_Subscription_jni: Exit Result 0
09-12 11:47:08.110   716   716 I SurfaceFlinger: FPS(Built-in Screen): 25
09-12 11:47:08.431  2464  2926 D _V_Settings/BW: ReadCodeTask:mStringNotifyCode: 0
09-12 11:47:08.431  2464  2926 D _V_Settings/BW: ReadCodeTask:mNotifyCode: 0
09-12 11:47:08.666  1482  4033 D WifiPermissionsUtil: com.google.android.gms getScanResults, ignore the location switch restrictions
09-12 11:47:09.145   716   716 I SurfaceFlinger: FPS(Built-in Screen): 25
09-12 11:47:09.167  5327  5477 D DataFormatter: Normal bytes 870980
09-12 11:47:09.223  2749  5885 I _V_RMS-Reclaim: available=1609884KB, current watermark=716800KB, last watermark=716800KB, current stopline=800, last stopline=1000
09-12 11:47:09.223  2749  5885 I _V_RMS-Reclaim: Reclaiming took : 2ms
09-12 11:47:09.689   937  1047 E ThermalEngine: vivo_thermal_parameter_config :VivoThermal:read type:1  buf: 1
09-12 11:47:09.689   937  1047 E ThermalEngine:  
09-12 11:47:10.193   716   716 I SurfaceFlinger: FPS(Built-in Screen): 25
09-12 11:47:10.659  1482  4033 D DisplayPowerController: mSettingBrightness = -1 as request 255
09-12 11:47:10.765   982   982 E wificond: vivo add tx_good 236940 tx_bad 16 rx_good 646126 tx_retry 42911
09-12 11:47:10.766  1482  1845 D WificondControl: vivo add pollResult txgood 236940 txbad 16 rxgood 646126 txretry 42911
09-12 11:47:10.766  1482  1845 D VivoWifiRssiMap: setFirstFetchRssi, mFirstFetchRssi:-86, rssi:-46
09-12 11:47:10.766  1482  1845 D VivoWifiRssiMap: setWifiRssi, rssi:-46
09-12 11:47:10.865  1482  4033 D DisplayPowerController: mSettingBrightness = -1 as request 255
09-12 11:47:11.228   716   716 I SurfaceFlinger: FPS(Built-in Screen): 26
09-12 11:47:12.177  5327  5477 D DataFormatter: Normal bytes 163094
09-12 11:47:12.278   716   716 I SurfaceFlinger: FPS(Built-in Screen): 25
09-12 11:47:12.690   937  1047 E ThermalEngine: vivo_thermal_parameter_config :VivoThermal:read type:1  buf: 1
09-12 11:47:12.690   937  1047 E ThermalEngine:  
09-12 11:47:13.328   716   716 I SurfaceFlinger: FPS(Built-in Screen): 25
09-12 11:47:13.792   982   982 E wificond: vivo add tx_good 237314 tx_bad 16 rx_good 647022 tx_retry 43041
09-12 11:47:13.793  1482  1845 D WificondControl: vivo add pollResult txgood 237314 txbad 16 rxgood 647022 txretry 43041
09-12 11:47:13.793  1482  1845 D VivoWifiRssiMap: setFirstFetchRssi, mFirstFetchRssi:-86, rssi:-49
09-12 11:47:13.793  1482  1845 D VivoWifiRssiMap: setWifiRssi, rssi:-49
09-12 11:47:14.228  2749  5885 I _V_RMS-Reclaim: available=1610420KB, current watermark=716800KB, last watermark=716800KB, current stopline=800, last stopline=1000
09-12 11:47:14.228  2749  5885 I _V_RMS-Reclaim: Reclaiming took : 1ms
09-12 11:47:14.360   716   716 I SurfaceFlinger: FPS(Built-in Screen): 25
09-12 11:47:14.589   979  1120 E storaged: getDiskStats failed with result NOT_SUPPORTED and size 0
09-12 11:47:15.186  5327  5477 D DataFormatter: Normal bytes 407701
09-12 11:47:15.411   716   716 I SurfaceFlinger: FPS(Built-in Screen): 25
09-12 11:47:15.692  1482  4033 D DisplayPowerController: mSettingBrightness = -1 as request 255
09-12 11:47:15.693   937  1047 E ThermalEngine: vivo_thermal_parameter_config :VivoThermal:read type:1  buf: 1
09-12 11:47:15.693   937  1047 E ThermalEngine:  
09-12 11:47:16.432  2464  2926 D _V_Settings/BW: ReadCodeTask:mStringNotifyCode: 0
09-12 11:47:16.433  2464  2926 D _V_Settings/BW: ReadCodeTask:mNotifyCode: 0
09-12 11:47:16.445   716   716 I SurfaceFlinger: FPS(Built-in Screen): 25
09-12 11:47:16.453  1482  1892 E VivoSensorTest: LIWEI Java_com_sensoroperate_VivoSensorOperationUtils_jniVivoSensorOperationUtilsInt
09-12 11:47:16.454  1482  1892 D VivoSensorTest: before Java_com_sensoroperate_VivoSensorOperationUtils_jniVivoSensorOperationUtilsInt type=201 arg_len=3
09-12 11:47:16.454  1482  1892 D VivoSensorTest_hidl: 59:VivoSensorTest(): VivoSensorTest start ID 0xc9 201 111 0
09-12 11:47:16.459   695   695 E VivoSensorTest: VivoSensorTest bbk_em_sensor_main: ID 0xc9 arg1 201 arg2 111 arg3 0
09-12 11:47:16.459   695   695 E VivoSensorTest: bbk_em_sensor_main: ID 0xc9 args 201 111 0
09-12 11:47:16.459   695   695 E VivoSensorTest: sensor_operation_utils sensor_als_get_raw_data
09-12 11:47:16.459   695   695 W VivoSensorTest: Waiting for service
09-12 11:47:16.459   695   695 W VivoSensorTest: Waiting complete
09-12 11:47:16.459   695   695 W VivoSensorTest: Creating client connection
09-12 11:47:16.461   695   695 W VivoSensorTest: Sending request payload len 52
09-12 11:47:16.462   695  7667 W VivoSensorTest: Received response; error 0, msg_id 32, size 32
09-12 11:47:16.462   695  7667 W VivoSensorTest: Received client ID 1762 result 0
09-12 11:47:16.463   695  7667 W VivoSensorTest: Received Indication; len 89
09-12 11:47:16.463   695  7667 W VivoSensorTest: Indication from client ID 1762
09-12 11:47:16.463   695  7667 W VivoSensorTest: Begin decoding event
09-12 11:47:16.463   695  7667 W VivoSensorTest: Received SUID Event with SUID 2a462eac2a9a1071 4795ecea145f6a96
09-12 11:47:16.463   695  7667 W VivoSensorTest: vivo_signal_response
09-12 11:47:16.463   695  7667 W VivoSensorTest: Received SUID Event with data type 'ambient_light'
09-12 11:47:16.463   695  7667 W VivoSensorTest: Event decoding complete
09-12 11:47:16.463   695  7667 I VivoSensorTest: Indication processing completed
09-12 11:47:16.463   695   695 V VivoSensorTest: send_enable_req
09-12 11:47:16.464   695   695 W VivoSensorTest: Sending request payload len 40
09-12 11:47:16.464   695   695 I VivoSensorTest: als raw data ignore ready time....
09-12 11:47:16.464   695   695 D VivoSensorTest: vivo_send_req command_count 0/1
09-12 11:47:16.464   695   695 W VivoSensorTest: Sending request payload len 41
09-12 11:47:16.464   695  7667 W VivoSensorTest: Received response; error 0, msg_id 32, size 32
09-12 11:47:16.464   695  7667 W VivoSensorTest: Received client ID 1762 result 0
09-12 11:47:16.465   695  7667 W VivoSensorTest: Received response; error 0, msg_id 32, size 32
09-12 11:47:16.465   695  7667 W VivoSensorTest: Received client ID 1762 result 0
09-12 11:47:16.466   695  7667 W VivoSensorTest: Received Indication; len 80
09-12 11:47:16.466   695  7667 W VivoSensorTest: Indication from client ID 1762
09-12 11:47:16.466   695  7667 W VivoSensorTest: Begin decoding event
09-12 11:47:16.466   695  7667 V VivoSensorTest: Begin decoding sensor event 768
09-12 11:47:16.466   695  7667 E VivoSensorTest: SNS_STD_SENSOR_MSGID_SNS_STD_SENSOR_EVENT: Error decoding event: missing required field
09-12 11:47:16.466   695  7667 E VivoSensorTest: Error decoding Event: callback failed
09-12 11:47:16.466   695  7667 W VivoSensorTest: Event decoding complete
09-12 11:47:16.466   695  7667 E VivoSensorTest: Error decoding event list: callback failed
09-12 11:47:16.466   695  7667 I VivoSensorTest: Indication processing completed
09-12 11:47:16.467   695  7667 W VivoSensorTest: Received Indication; len 86
09-12 11:47:16.467   695  7667 W VivoSensorTest: Indication from client ID 1762
09-12 11:47:16.467   695  7667 W VivoSensorTest: Begin decoding event
09-12 11:47:16.467   695  7667 V VivoSensorTest: Begin decoding sensor event 1023
09-12 11:47:16.467   695  7667 W VivoSensorTest: vivo_signal_response
09-12 11:47:16.467   695  7667 E VivoSensorTest: VIVO_MSGID_SNS_SENSOR_GET_DATA_EVENT: received/total 1/1
09-12 11:47:16.467   695  7667 I VivoSensorTest: als_rawdata_callback lux is 105.396477 1674.000000 1705.000000 1673.000000 160.000000
09-12 11:47:16.467   695  7667 V VivoSensorTest: Done decoding sensor event
09-12 11:47:16.467   695  7667 W VivoSensorTest: Event decoding complete
09-12 11:47:16.467   695  7667 I VivoSensorTest: Indication processing completed
09-12 11:47:16.468   695   695 W VivoSensorTest: Sensors  data test completed - Exiting ret =1
09-12 11:47:16.468  1482  1892 D VivoSensorTest_hidl: 100:VivoSensorTest(): VivoSensorTest end ID 201 ret 0
09-12 11:47:16.468  1482  1892 D VivoSensorTest: after Java_com_sensoroperate_VivoSensorOperationUtils_jniVivoSensorOperationUtilsInt type=201 arg_len=3
09-12 11:47:15.900  1482  4033 D DisplayPowerController: mSettingBrightness = -1 as request 255
09-12 11:47:16.468  1482  1892 D VivoSensorOperationUtils: executeCommand 0
09-12 11:47:16.468  1482  1892 D VivoProxCaliService: Get als_data _end:105.39648
09-12 11:47:16.820   982   982 E wificond: vivo add tx_good 237314 tx_bad 16 rx_good 647023 tx_retry 43041
09-12 11:47:16.822  1482  1845 D WificondControl: vivo add pollResult txgood 237314 txbad 16 rxgood 647023 txretry 43041
09-12 11:47:16.822  1482  1845 D VivoWifiRssiMap: setFirstFetchRssi, mFirstFetchRssi:-86, rssi:-49
09-12 11:47:16.822  1482  1845 D VivoWifiRssiMap: setWifiRssi, rssi:-49
09-12 11:47:16.844  1482  4033 D DisplayPowerController: mSettingBrightness = -1 as request 255
09-12 11:47:16.935  2531  2552 W System  : A resource failed to call close. 
09-12 11:47:17.494   716   716 I SurfaceFlinger: FPS(Built-in Screen): 25
09-12 11:47:17.048  1482  4033 D DisplayPowerController: mSettingBrightness = -1 as request 255
09-12 11:47:17.796  1482  1918 I FaceDetectService: check memory data
09-12 11:47:17.797  1482  1918 W FaceDetectService: runPSFaceDetectServiceShellCommand cmd : C3hRlYPOEvgPzZrz1SmVTJHSWB944sL0Nu/oHYw2mGVavmWkUi9Lh7CyVetSzfPUd04GFq7uN650JgRo6PXrFGNcNlBn42m3eZEjbg96KAH1lQjx2WTi6qwXhmQceJOS/9OrW01kJaCvCrHcANSXFbkUqVSQvj5GYThf0uE3aOuGP7ZqQJnohKl+7mGYX9R6l6NU88Qylk4ujqkUdIo5Xz37csLZfUI/B5Fjf0GSLOzpd6kmGQrve4WvfqpeLpKsVyTLTWhcBLJuwu3I5ULPVa8iaqm4ZlnHTE/d+39C95Voa6QfDhuW4YmgbLGlM8RJbc2WvwMYGeLNndHt+nugsg==?face_detect
09-12 11:47:17.857  7670  7670 W ps      : type=1400 audit(0.0:29281): avc: denied { sys_ptrace } for capability=19 scontext=u:r:vivo_daemon:s0 tcontext=u:r:vivo_daemon:s0 tclass=capability permissive=0
09-12 11:47:17.877  7670  7670 I chatty  : uid=0(root) ps identical 3 lines
09-12 11:47:17.877  7670  7670 W ps      : type=1400 audit(0.0:29285): avc: denied { sys_ptrace } for capability=19 scontext=u:r:vivo_daemon:s0 tcontext=u:r:vivo_daemon:s0 tclass=capability permissive=0
09-12 11:47:17.939   948  5693 D vivo_daemon:VvDmSrv: [1000:1482] apply, return 0, v3.1.0
09-12 11:47:17.939   948  5693 D vivo_daemon:VvDmSrv: normal termination, exit status = 0
09-12 11:47:17.965  1482  1918 I FaceDetectService: check memory data
09-12 11:47:17.966  1482  1918 D FaceDetectService: current usage:1468
09-12 11:47:18.197  5327  5477 D DataFormatter: Normal bytes 534265
09-12 11:47:18.528   716   716 I SurfaceFlinger: FPS(Built-in Screen): 25
09-12 11:47:18.696   937  1047 E ThermalEngine: vivo_thermal_parameter_config :VivoThermal:read type:1  buf: 1
09-12 11:47:18.696   937  1047 E ThermalEngine:  
09-12 11:47:18.958 31411 31680 V APM_AudioPolicyManager: AudioPolicyManager:setRecordSilenced(uid:99003, silenced:1)
09-12 11:47:18.958 31411 31680 V AudioFlinger: AudioFlinger::setRecordSilenced(uid:99003, silenced:1)
09-12 11:47:19.144 31411 31680 V APM_AudioPolicyManager: AudioPolicyManager:setRecordSilenced(uid:10196, silenced:1)
09-12 11:47:19.144 31411 31680 V AudioFlinger: AudioFlinger::setRecordSilenced(uid:10196, silenced:1)
09-12 11:47:19.236  2749  5885 I _V_RMS-Reclaim: available=1606852KB, current watermark=716800KB, last watermark=716800KB, current stopline=800, last stopline=1000
09-12 11:47:19.238  2749  5885 I _V_RMS-Reclaim: Reclaiming took : 4ms
09-12 11:47:19.391 31411 31680 V APM_AudioPolicyManager: AudioPolicyManager:setRecordSilenced(uid:10032, silenced:1)
09-12 11:47:19.391 31411 31680 V AudioFlinger: AudioFlinger::setRecordSilenced(uid:10032, silenced:1)
09-12 11:47:19.578   716   716 I SurfaceFlinger: FPS(Built-in Screen): 25
09-12 11:47:19.674 31411 31680 V APM_AudioPolicyManager: AudioPolicyManager:setRecordSilenced(uid:10043, silenced:1)
09-12 11:47:19.674 31411 31680 V AudioFlinger: AudioFlinger::setRecordSilenced(uid:10043, silenced:1)
09-12 11:47:19.857   982   982 E wificond: vivo add tx_good 237773 tx_bad 16 rx_good 648138 tx_retry 43107
09-12 11:47:19.858  1482  1845 D WificondControl: vivo add pollResult txgood 237773 txbad 16 rxgood 648138 txretry 43107
09-12 11:47:19.859  1482  1845 D VivoWifiRssiMap: setFirstFetchRssi, mFirstFetchRssi:-86, rssi:-53
09-12 11:47:19.859  1482  1845 D VivoWifiRssiMap: setWifiRssi, rssi:-53
09-12 11:47:20.611   716   716 I SurfaceFlinger: FPS(Built-in Screen): 25
09-12 11:47:21.210  5327  5477 D DataFormatter: Special bytes : 0
09-12 11:47:21.628   716   716 I SurfaceFlinger: FPS(Built-in Screen): 24
09-12 11:47:21.697   937  1047 E ThermalEngine: vivo_thermal_parameter_config :VivoThermal:read type:1  buf: 1
09-12 11:47:21.697   937  1047 E ThermalEngine:  
09-12 11:47:21.811 31411 31680 V APM_AudioPolicyManager: AudioPolicyManager:setRecordSilenced(uid:10203, silenced:1)
09-12 11:47:21.812 31411 31680 V AudioFlinger: AudioFlinger::setRecordSilenced(uid:10203, silenced:1)
09-12 11:47:21.827 31411 31680 V APM_AudioPolicyManager: AudioPolicyManager:setRecordSilenced(uid:10029, silenced:1)
09-12 11:47:21.827 31411 31680 V AudioFlinger: AudioFlinger::setRecordSilenced(uid:10029, silenced:1)
09-12 11:47:21.870  1482  4033 D DisplayPowerController: mSettingBrightness = -1 as request 255
09-12 11:47:22.465 31411 31680 V APM_AudioPolicyManager: AudioPolicyManager:setRecordSilenced(uid:10049, silenced:1)
09-12 11:47:22.465 31411 31680 V AudioFlinger: AudioFlinger::setRecordSilenced(uid:10049, silenced:1)
09-12 11:47:22.661   716   716 I SurfaceFlinger: FPS(Built-in Screen): 25
09-12 11:47:22.077  1482  4033 D DisplayPowerController: mSettingBrightness = -1 as request 255
09-12 11:47:22.886   982   982 E wificond: vivo add tx_good 238084 tx_bad 16 rx_good 648959 tx_retry 43144
09-12 11:47:22.888  1482  1845 D WificondControl: vivo add pollResult txgood 238084 txbad 16 rxgood 648959 txretry 43144
09-12 11:47:22.888  1482  1845 D VivoWifiRssiMap: setFirstFetchRssi, mFirstFetchRssi:-86, rssi:-48
09-12 11:47:22.888  1482  1845 D VivoWifiRssiMap: setWifiRssi, rssi:-48
09-12 11:47:23.247  7142  7674 D Linux   : [Posix_connect Debug]Process com.vivo.browser :80 
09-12 11:47:23.662   716   716 I SurfaceFlinger: FPS(Built-in Screen): 24
09-12 11:47:24.216  5327  5477 D DataFormatter: Normal bytes 393309
09-12 11:47:24.244  2749  5885 I _V_RMS-Reclaim: available=1605296KB, current watermark=716800KB, last watermark=716800KB, current stopline=800, last stopline=1000
09-12 11:47:24.244  2749  5885 I _V_RMS-Reclaim: Reclaiming took : 2ms
09-12 11:47:24.431  2464  2926 D _V_Settings/BW: ReadCodeTask:mStringNotifyCode: 0
09-12 11:47:24.431  2464  2926 D _V_Settings/BW: ReadCodeTask:mNotifyCode: 0
09-12 11:47:24.462  1482  1619 D DisplayPowerController: mSettingBrightness = -1 as request 255
09-12 11:47:24.698   937  1047 E ThermalEngine: vivo_thermal_parameter_config :VivoThermal:read type:1  buf: 1
09-12 11:47:24.698   937  1047 E ThermalEngine:  
09-12 11:47:24.711   716   716 I SurfaceFlinger: FPS(Built-in Screen): 25
09-12 11:47:25.222 31411 31680 V APM_AudioPolicyManager: AudioPolicyManager:setRecordSilenced(uid:10146, silenced:1)
09-12 11:47:25.222 31411 31680 V AudioFlinger: AudioFlinger::setRecordSilenced(uid:10146, silenced:1)
09-12 11:47:25.744   716   716 I SurfaceFlinger: FPS(Built-in Screen): 25
09-12 11:47:25.790  7361  7378 I Finsky  : [654] joi.run(3): Stats for Executor: BlockingExecutor jpy@66531ad[Running, pool size = 2, active threads = 0, queued tasks = 0, completed tasks = 16]
09-12 11:47:25.791  7361  7378 I Finsky  : [654] joi.run(3): Stats for Executor: LightweightExecutor jpy@7070ce2[Running, pool size = 4, active threads = 0, queued tasks = 0, completed tasks = 66]
09-12 11:47:25.919   982   982 E wificond: vivo add tx_good 238089 tx_bad 16 rx_good 648963 tx_retry 43146
09-12 11:47:25.920  1482  1845 D WificondControl: vivo add pollResult txgood 238089 txbad 16 rxgood 648963 txretry 43146
09-12 11:47:25.920  1482  1845 D VivoWifiRssiMap: setFirstFetchRssi, mFirstFetchRssi:-86, rssi:-50
09-12 11:47:25.920  1482  1845 D VivoWifiRssiMap: setWifiRssi, rssi:-50
09-12 11:47:26.014  7361  7378 I Finsky  : [654] joi.run(3): Stats for Executor: bgExecutor jpy@cb98873[Running, pool size = 4, active threads = 0, queued tasks = 0, completed tasks = 42]
09-12 11:47:26.149 31411 31680 V APM_AudioPolicyManager: AudioPolicyManager:setRecordSilenced(uid:10185, silenced:1)
09-12 11:47:26.149 31411 31680 V AudioFlinger: AudioFlinger::setRecordSilenced(uid:10185, silenced:1)
09-12 11:47:26.149 31411 31680 V APM_AudioPolicyManager: AudioPolicyManager:setRecordSilenced(uid:10171, silenced:1)
09-12 11:47:26.149 31411 31680 V AudioFlinger: AudioFlinger::setRecordSilenced(uid:10171, silenced:1)
09-12 11:47:26.150 31411 31680 V APM_AudioPolicyManager: AudioPolicyManager:setRecordSilenced(uid:10131, silenced:1)
09-12 11:47:26.150 31411 31680 V AudioFlinger: AudioFlinger::setRecordSilenced(uid:10131, silenced:1)
09-12 11:47:26.530 31411 31689 V APM_AudioPolicyManager: AudioPolicyManager:setRecordSilenced(uid:10063, silenced:1)
09-12 11:47:26.530 31411 31689 V AudioFlinger: AudioFlinger::setRecordSilenced(uid:10063, silenced:1)
09-12 11:47:26.590  1482  1808 V AlarmAlign: mAlarmBatches = 59, triggerList = 1
09-12 11:47:26.591  1482  1808 D DisplayPowerController: mSettingBrightness = -1 as request 255
09-12 11:47:26.594  1482  1808 V AlarmAlign: setLocked to kernel, type = 2, when = 255575508, curTime = 255465768
09-12 11:47:26.594  1482  1808 V AlarmAlign: setLocked to kernel, type = 3, when = 255499175, curTime = 255465768
09-12 11:47:26.595  1482  1482 V AlarmAlign: setLocked to kernel, type = 2, when = 255470766, curTime = 255465769
09-12 11:47:26.597  1482  1482 D DisplayPowerController: mSettingBrightness = -1 as request 255
09-12 11:47:26.795   716   716 I SurfaceFlinger: FPS(Built-in Screen): 25
09-12 11:47:26.891  1482  4033 D DisplayPowerController: mSettingBrightness = -1 as request 255
09-12 11:47:27.221  5327  5477 D DataFormatter: Special bytes : 37
09-12 11:47:27.359  2016  5954 I _V_ABE  : test checkTempture
09-12 11:47:27.359  2016  5954 I _V_ABE  : getTemptrue
09-12 11:47:27.359  2016  5954 I _V_ABE  : path = sys/class/thermal/thermal_zone4/temp
09-12 11:47:27.363  2016  5954 I _V_ABE  : temperature = 32
09-12 11:47:27.363  2016  5954 I _V_ABE  : now tempture = 32 ; high = 65 ; highBufferTempture = 62
09-12 11:47:27.363  2016  5954 I _V_ABE  : the tempture is false
09-12 11:47:27.363  2016  5954 I _V_ABE  : setSystemSetting, HTPM = false, mHighTemptureSetting = 0
09-12 11:47:27.363  2016  5954 I _V_ABE  : do nothing
09-12 11:47:27.698   937  1047 E ThermalEngine: vivo_thermal_parameter_config :VivoThermal:read type:1  buf: 1
09-12 11:47:27.698   937  1047 E ThermalEngine:  
09-12 11:47:27.827   716   716 I SurfaceFlinger: FPS(Built-in Screen): 25
09-12 11:47:28.666  1482  4033 D WifiPermissionsUtil: com.google.android.gms getScanResults, ignore the location switch restrictions
09-12 11:47:28.877   716   716 I SurfaceFlinger: FPS(Built-in Screen): 25
09-12 11:47:27.097  1482  4033 D DisplayPowerController: mSettingBrightness = -1 as request 255
09-12 11:47:28.948   982   982 E wificond: vivo add tx_good 238527 tx_bad 16 rx_good 650023 tx_retry 43245
09-12 11:47:28.950  1482  1845 D WificondControl: vivo add pollResult txgood 238527 txbad 16 rxgood 650023 txretry 43245
09-12 11:47:28.951  1482  1845 D VivoWifiRssiMap: setFirstFetchRssi, mFirstFetchRssi:-86, rssi:-54
09-12 11:47:28.951  1482  1845 D VivoWifiRssiMap: setWifiRssi, rssi:-54
09-12 11:47:29.249  2749  5885 I _V_RMS-Reclaim: available=1605304KB, current watermark=716800KB, last watermark=716800KB, current stopline=800, last stopline=1000
09-12 11:47:29.249  2749  5885 I _V_RMS-Reclaim: Reclaiming took : 1ms
09-12 11:47:29.879   716   716 I SurfaceFlinger: FPS(Built-in Screen): 24
09-12 11:47:30.226  5327  5477 D DataFormatter: Normal bytes 506807
09-12 11:47:30.464  1482  1619 D DisplayPowerController: mSettingBrightness = -1 as request 255
09-12 11:47:30.699   937  1047 E ThermalEngine: vivo_thermal_parameter_config :VivoThermal:read type:1  buf: 1
09-12 11:47:30.699   937  1047 E ThermalEngine:  
09-12 11:47:30.928   716   716 I SurfaceFlinger: FPS(Built-in Screen): 25
09-12 11:47:31.470  1482  1892 E VivoSensorTest: LIWEI Java_com_sensoroperate_VivoSensorOperationUtils_jniVivoSensorOperationUtilsInt
09-12 11:47:31.471  1482  1892 D VivoSensorTest: before Java_com_sensoroperate_VivoSensorOperationUtils_jniVivoSensorOperationUtilsInt type=201 arg_len=3
09-12 11:47:31.471  1482  1892 D VivoSensorTest_hidl: 59:VivoSensorTest(): VivoSensorTest start ID 0xc9 201 111 0
09-12 11:47:31.476   695   695 E VivoSensorTest: VivoSensorTest bbk_em_sensor_main: ID 0xc9 arg1 201 arg2 111 arg3 0
09-12 11:47:31.476   695   695 E VivoSensorTest: bbk_em_sensor_main: ID 0xc9 args 201 111 0
09-12 11:47:31.476   695   695 E VivoSensorTest: sensor_operation_utils sensor_als_get_raw_data
09-12 11:47:31.476   695   695 W VivoSensorTest: Waiting for service
09-12 11:47:31.477   695   695 W VivoSensorTest: Waiting complete
09-12 11:47:31.477   695   695 W VivoSensorTest: Creating client connection
09-12 11:47:31.479   695   695 W VivoSensorTest: Sending request payload len 52
09-12 11:47:31.482   695  7678 W VivoSensorTest: Received response; error 0, msg_id 32, size 32
09-12 11:47:31.482   695  7678 W VivoSensorTest: Received client ID 1763 result 0
09-12 11:47:31.482   695  7678 W VivoSensorTest: Received Indication; len 89
09-12 11:47:31.482   695  7678 W VivoSensorTest: Indication from client ID 1763
09-12 11:47:31.482   695  7678 W VivoSensorTest: Begin decoding event
09-12 11:47:31.482   695  7678 W VivoSensorTest: Received SUID Event with SUID 2a462eac2a9a1071 4795ecea145f6a96
09-12 11:47:31.482   695  7678 W VivoSensorTest: vivo_signal_response
09-12 11:47:31.483   695  7678 W VivoSensorTest: Received SUID Event with data type 'ambient_light'
09-12 11:47:31.483   695  7678 W VivoSensorTest: Event decoding complete
09-12 11:47:31.483   695  7678 I VivoSensorTest: Indication processing completed
09-12 11:47:31.483   695   695 V VivoSensorTest: send_enable_req
09-12 11:47:31.483   695   695 W VivoSensorTest: Sending request payload len 40
09-12 11:47:31.483   695   695 I VivoSensorTest: als raw data ignore ready time....
09-12 11:47:31.483   695   695 D VivoSensorTest: vivo_send_req command_count 0/1
09-12 11:47:31.483   695   695 W VivoSensorTest: Sending request payload len 41
09-12 11:47:31.485   695  7678 W VivoSensorTest: Received response; error 0, msg_id 32, size 32
09-12 11:47:31.485   695  7678 W VivoSensorTest: Received client ID 1763 result 0
09-12 11:47:31.485   695  7678 W VivoSensorTest: Received response; error 0, msg_id 32, size 32
09-12 11:47:31.485   695  7678 W VivoSensorTest: Received client ID 1763 result 0
09-12 11:47:31.486   695  7678 W VivoSensorTest: Received Indication; len 80
09-12 11:47:31.486   695  7678 W VivoSensorTest: Indication from client ID 1763
09-12 11:47:31.486   695  7678 W VivoSensorTest: Begin decoding event
09-12 11:47:31.486   695  7678 V VivoSensorTest: Begin decoding sensor event 768
09-12 11:47:31.486   695  7678 E VivoSensorTest: SNS_STD_SENSOR_MSGID_SNS_STD_SENSOR_EVENT: Error decoding event: missing required field
09-12 11:47:31.486   695  7678 E VivoSensorTest: Error decoding Event: callback failed
09-12 11:47:31.486   695  7678 W VivoSensorTest: Event decoding complete
09-12 11:47:31.486   695  7678 E VivoSensorTest: Error decoding event list: callback failed
09-12 11:47:31.486   695  7678 I VivoSensorTest: Indication processing completed
09-12 11:47:31.486   695  7678 W VivoSensorTest: Received Indication; len 86
09-12 11:47:31.486   695  7678 W VivoSensorTest: Indication from client ID 1763
09-12 11:47:31.486   695  7678 W VivoSensorTest: Begin decoding event
09-12 11:47:31.486   695  7678 V VivoSensorTest: Begin decoding sensor event 1023
