09-04 13:36:04.326 21437 21437 E EventLogger: 	at com.android.okhttp.okio.RealBufferedSource$1.read(RealBufferedSource.java:371)
09-04 13:36:04.326 21437 21437 E EventLogger: 	at com.google.android.exoplayer2.upstream.DefaultHttpDataSource.readInternal(DefaultHttpDataSource.java:696)
09-04 13:36:04.326 21437 21437 E EventLogger: 	at com.google.android.exoplayer2.upstream.DefaultHttpDataSource.read(DefaultHttpDataSource.java:360)
09-04 13:36:04.326 21437 21437 E EventLogger: 	... 14 more
09-04 13:36:04.326 21437 21437 E EventLogger: Caused by: java.net.SocketException: socket is closed
09-04 13:36:04.326 21437 21437 E EventLogger: 	at com.android.org.conscrypt.ConscryptFileDescriptorSocket$SSLInputStream.read(ConscryptFileDescriptorSocket.java:551)
09-04 13:36:04.326 21437 21437 E EventLogger: 	at com.android.okhttp.okio.Okio$2.read(Okio.java:136)
09-04 13:36:04.326 21437 21437 E EventLogger: 	at com.android.okhttp.okio.AsyncTimeout$2.read(AsyncTimeout.java:211)
09-04 13:36:04.326 21437 21437 E EventLogger: 	... 19 more
09-04 13:36:04.466  1060  1060 E wificond: vivo add tx_good 238046 tx_bad 0 rx_good 2198740 tx_retry 12264
09-04 13:36:04.467  1488  1856 D WificondControl: vivo add pollResult txgood 238046 txbad 0 rxgood 2198740 txretry 12264
09-04 13:36:04.467  1488  1856 D VivoWifiRssiMap: setFirstFetchRssi, mFirstFetchRssi:-49, rssi:-51
09-04 13:36:04.468  1488  1856 D VivoWifiRssiMap: setWifiRssi, rssi:-51
09-04 13:36:04.838  2741  5336 I RMS-Reclaim: available=1792336KB, current watermark=716800KB, last watermark=716800KB, current stopline=800, last stopline=1000
09-04 13:36:04.839  2741  5336 I RMS-Reclaim: Reclaiming took : 2ms
09-04 13:36:05.249   718   718 I SurfaceFlinger: FPS(Built-in Screen): 27
09-04 13:36:05.922 12824 12914 D DataFormatter: Normal bytes 94137
09-04 13:36:05.993  1488  1909 E VivoSensorTest: LIWEI Java_com_sensoroperate_VivoSensorOperationUtils_jniVivoSensorOperationUtilsInt
09-04 13:36:05.993  1488  1909 D VivoSensorTest: before Java_com_sensoroperate_VivoSensorOperationUtils_jniVivoSensorOperationUtilsInt type=201 arg_len=3
09-04 13:36:05.993  1488  1909 D VivoSensorTest_hidl: 59:VivoSensorTest(): VivoSensorTest start ID 0xc9 201 111 0
09-04 13:36:05.997   694   694 E VivoSensorTest: VivoSensorTest bbk_em_sensor_main: ID 0xc9 arg1 201 arg2 111 arg3 0
09-04 13:36:05.997   694   694 E VivoSensorTest: bbk_em_sensor_main: ID 0xc9 args 201 111 0
09-04 13:36:05.997   694   694 E VivoSensorTest: sensor_operation_utils sensor_als_get_raw_data
09-04 13:36:05.997   694   694 W VivoSensorTest: Waiting for service
09-04 13:36:05.997   694   694 W VivoSensorTest: Waiting complete
09-04 13:36:05.997   694   694 W VivoSensorTest: Creating client connection
09-04 13:36:05.999   694   694 W VivoSensorTest: Sending request payload len 52
09-04 13:36:06.002   694 24473 W VivoSensorTest: Received response; error 0, msg_id 32, size 32
09-04 13:36:06.002   694 24473 W VivoSensorTest: Received client ID 1579 result 0
09-04 13:36:06.004   694 24473 W VivoSensorTest: Received Indication; len 89
09-04 13:36:06.004   694 24473 W VivoSensorTest: Indication from client ID 1579
09-04 13:36:06.004   694 24473 W VivoSensorTest: Begin decoding event
09-04 13:36:06.004   694 24473 W VivoSensorTest: Received SUID Event with SUID 2a462eac2a9a1071 4795ecea145f6a96
09-04 13:36:06.004   694 24473 W VivoSensorTest: vivo_signal_response
09-04 13:36:06.004   694 24473 W VivoSensorTest: Received SUID Event with data type 'ambient_light'
09-04 13:36:06.004   694 24473 W VivoSensorTest: Event decoding complete
09-04 13:36:06.004   694 24473 I VivoSensorTest: Indication processing completed
09-04 13:36:06.004   694   694 V VivoSensorTest: send_enable_req
09-04 13:36:06.004   694   694 W VivoSensorTest: Sending request payload len 40
09-04 13:36:06.004   694   694 I VivoSensorTest: als raw data ignore ready time....
09-04 13:36:06.004   694   694 D VivoSensorTest: vivo_send_req command_count 0/1
09-04 13:36:06.004   694   694 W VivoSensorTest: Sending request payload len 41
09-04 13:36:06.006   694 24473 W VivoSensorTest: Received response; error 0, msg_id 32, size 32
09-04 13:36:06.006   694 24473 W VivoSensorTest: Received client ID 1579 result 0
09-04 13:36:06.006   694 24473 W VivoSensorTest: Received response; error 0, msg_id 32, size 32
09-04 13:36:06.006   694 24473 W VivoSensorTest: Received client ID 1579 result 0
09-04 13:36:06.007   694 24473 W VivoSensorTest: Received Indication; len 80
09-04 13:36:06.007   694 24473 W VivoSensorTest: Indication from client ID 1579
09-04 13:36:06.007   694 24473 W VivoSensorTest: Begin decoding event
09-04 13:36:06.007   694 24473 V VivoSensorTest: Begin decoding sensor event 768
09-04 13:36:06.007   694 24473 E VivoSensorTest: SNS_STD_SENSOR_MSGID_SNS_STD_SENSOR_EVENT: Error decoding event: missing required field
09-04 13:36:06.007   694 24473 E VivoSensorTest: Error decoding Event: callback failed
09-04 13:36:06.007   694 24473 W VivoSensorTest: Event decoding complete
09-04 13:36:06.007   694 24473 E VivoSensorTest: Error decoding event list: callback failed
09-04 13:36:06.007   694 24473 I VivoSensorTest: Indication processing completed
09-04 13:36:06.010   694 24473 W VivoSensorTest: Received Indication; len 86
09-04 13:36:06.010   694 24473 W VivoSensorTest: Indication from client ID 1579
09-04 13:36:06.010   694 24473 W VivoSensorTest: Begin decoding event
09-04 13:36:06.010   694 24473 V VivoSensorTest: Begin decoding sensor event 1023
09-04 13:36:06.010   694 24473 W VivoSensorTest: vivo_signal_response
09-04 13:36:06.010   694 24473 E VivoSensorTest: VIVO_MSGID_SNS_SENSOR_GET_DATA_EVENT: received/total 1/1
09-04 13:36:06.010   694 24473 I VivoSensorTest: als_rawdata_callback lux is 757.009827 2234.000000 2282.000000 2240.000000 101.000000
09-04 13:36:06.010   694 24473 V VivoSensorTest: Done decoding sensor event
09-04 13:36:06.010   694 24473 W VivoSensorTest: Event decoding complete
09-04 13:36:06.010   694 24473 I VivoSensorTest: Indication processing completed
09-04 13:36:06.011   694   694 W VivoSensorTest: Sensors  data test completed - Exiting ret =1
09-04 13:36:06.011  1488  1909 D VivoSensorTest_hidl: 100:VivoSensorTest(): VivoSensorTest end ID 201 ret 0
09-04 13:36:06.012  1488  1909 D VivoSensorTest: after Java_com_sensoroperate_VivoSensorOperationUtils_jniVivoSensorOperationUtilsInt type=201 arg_len=3
09-04 13:36:06.012  1488  1909 D VivoSensorOperationUtils: executeCommand 0
09-04 13:36:06.012  1488  1909 D VivoProxCaliService: Get als_data _end:757.0098
09-04 13:36:06.255   718   718 I SurfaceFlinger: FPS(Built-in Screen): 24
09-04 13:36:06.983   935  1058 E ThermalEngine: vivo_thermal_parameter_config :VivoThermal:read type:1  buf: 1
09-04 13:36:06.983   935  1058 E ThermalEngine:  
09-04 13:36:07.299   718   718 I SurfaceFlinger: FPS(Built-in Screen): 25
09-04 13:36:07.496  1060  1060 E wificond: vivo add tx_good 238280 tx_bad 0 rx_good 2198975 tx_retry 12275
09-04 13:36:07.497  1488  1856 D WificondControl: vivo add pollResult txgood 238280 txbad 0 rxgood 2198975 txretry 12275
09-04 13:36:07.499  1488  1856 D VivoWifiRssiMap: setFirstFetchRssi, mFirstFetchRssi:-49, rssi:-51
09-04 13:36:07.499  1488  1856 D VivoWifiRssiMap: setWifiRssi, rssi:-51
09-04 13:36:08.331   718   718 I SurfaceFlinger: FPS(Built-in Screen): 27
09-04 13:36:08.649 32746   358 D _V_IOInfoPolicyHandler: doTaskOnce
09-04 13:36:08.932 12824 12914 D DataFormatter: Normal bytes 28740
09-04 13:36:09.036  1044  1083 E storaged: getDiskStats failed with result NOT_SUPPORTED and size 0
09-04 13:36:09.382   718   718 I SurfaceFlinger: FPS(Built-in Screen): 27
09-04 13:36:09.653 32746   358 D _V_IOInfoPolicyHandler: iowait 0.0 litter than riskThreshold 30
09-04 13:36:09.653 32746   358 D _V_IOInfoPolicyHandler: g xxx c
09-04 13:36:09.841  2741  5336 I RMS-Reclaim: available=1791752KB, current watermark=716800KB, last watermark=716800KB, current stopline=800, last stopline=1000
09-04 13:36:09.841  2741  5336 I RMS-Reclaim: Reclaiming took : 0ms
09-04 13:36:09.984   935  1058 E ThermalEngine: vivo_thermal_parameter_config :VivoThermal:read type:1  buf: 1
09-04 13:36:09.984   935  1058 E ThermalEngine:  
09-04 13:36:10.413   718   718 I SurfaceFlinger: FPS(Built-in Screen): 26
09-04 13:36:10.519  1060  1060 E wificond: vivo add tx_good 238406 tx_bad 0 rx_good 2199102 tx_retry 12284
09-04 13:36:10.521  1488  1856 D WificondControl: vivo add pollResult txgood 238406 txbad 0 rxgood 2199102 txretry 12284
09-04 13:36:10.521  1488  1856 D VivoWifiRssiMap: setFirstFetchRssi, mFirstFetchRssi:-49, rssi:-54
09-04 13:36:10.521  1488  1856 D VivoWifiRssiMap: setWifiRssi, rssi:-54
09-04 13:36:11.415   718   718 I SurfaceFlinger: FPS(Built-in Screen): 25
09-04 13:36:11.915  2497  2991 D _V_Settings/BW: ReadCodeTask:mStringNotifyCode: 0
09-04 13:36:11.915  2497  2991 D _V_Settings/BW: ReadCodeTask:mNotifyCode: 0
09-04 13:36:11.940 12824 12914 D DataFormatter: Normal bytes 95449
09-04 13:36:12.465   718   718 I SurfaceFlinger: FPS(Built-in Screen): 26
09-04 13:36:12.985   935  1058 E ThermalEngine: vivo_thermal_parameter_config :VivoThermal:read type:1  buf: 1
09-04 13:36:12.985   935  1058 E ThermalEngine:  
09-04 13:36:13.497   718   718 I SurfaceFlinger: FPS(Built-in Screen): 25
09-04 13:36:13.538  1060  1060 E wificond: vivo add tx_good 238567 tx_bad 0 rx_good 2199264 tx_retry 12296
09-04 13:36:13.539  1488  1856 D WificondControl: vivo add pollResult txgood 238567 txbad 0 rxgood 2199264 txretry 12296
09-04 13:36:13.539  1488  1856 D VivoWifiRssiMap: setFirstFetchRssi, mFirstFetchRssi:-49, rssi:-55
09-04 13:36:13.539  1488  1856 D VivoWifiRssiMap: setWifiRssi, rssi:-55
09-04 13:36:14.041  1488  1826 V AlarmAlign: mAlarmBatches = 59, triggerList = 1
09-04 13:36:14.042  1488  1826 V AlarmAlign: setLocked to kernel, type = 2, when = 68012173, curTime = 67980001
09-04 13:36:14.043  1488  1488 V AlarmAlign: setLocked to kernel, type = 2, when = 68012173, curTime = 67980002
09-04 13:36:14.498   718   718 I SurfaceFlinger: FPS(Built-in Screen): 24
09-04 13:36:14.844  2741  5336 I RMS-Reclaim: available=1791692KB, current watermark=716800KB, last watermark=716800KB, current stopline=800, last stopline=1000
09-04 13:36:14.844  2741  5336 I RMS-Reclaim: Reclaiming took : 2ms
09-04 13:36:14.948 12824 12914 D DataFormatter: Normal bytes 52714
09-04 13:36:15.548   718   718 I SurfaceFlinger: FPS(Built-in Screen): 26
09-04 13:36:15.986   935  1058 E ThermalEngine: vivo_thermal_parameter_config :VivoThermal:read type:1  buf: 1
09-04 13:36:15.986   935  1058 E ThermalEngine:  
09-04 13:36:16.558  1060  1060 E wificond: vivo add tx_good 238684 tx_bad 0 rx_good 2199391 tx_retry 12306
09-04 13:36:16.560  1488  1856 D WificondControl: vivo add pollResult txgood 238684 txbad 0 rxgood 2199391 txretry 12306
09-04 13:36:16.560  1488  1856 D VivoWifiRssiMap: setFirstFetchRssi, mFirstFetchRssi:-49, rssi:-54
09-04 13:36:16.560  1488  1856 D VivoWifiRssiMap: setWifiRssi, rssi:-54
09-04 13:36:16.580   718   718 I SurfaceFlinger: FPS(Built-in Screen): 26
09-04 13:36:17.631   718   718 I SurfaceFlinger: FPS(Built-in Screen): 26
09-04 13:36:17.959 12824 12914 D DataFormatter: Normal bytes 76199
09-04 13:36:18.664   718   718 I SurfaceFlinger: FPS(Built-in Screen): 25
09-04 13:36:18.987   935  1058 E ThermalEngine: vivo_thermal_parameter_config :VivoThermal:read type:1  buf: 1
09-04 13:36:18.987   935  1058 E ThermalEngine:  
09-04 13:36:19.595  1060  1060 E wificond: vivo add tx_good 238727 tx_bad 0 rx_good 2199435 tx_retry 12311
09-04 13:36:19.595  1488  1856 D WificondControl: vivo add pollResult txgood 238727 txbad 0 rxgood 2199435 txretry 12311
09-04 13:36:19.596  1488  1856 D VivoWifiRssiMap: setFirstFetchRssi, mFirstFetchRssi:-49, rssi:-52
09-04 13:36:19.596  1488  1856 D VivoWifiRssiMap: setWifiRssi, rssi:-52
09-04 13:36:19.714   718   718 I SurfaceFlinger: FPS(Built-in Screen): 26
09-04 13:36:19.845  2741  5336 I RMS-Reclaim: available=1789748KB, current watermark=716800KB, last watermark=716800KB, current stopline=800, last stopline=1000
09-04 13:36:19.846  2741  5336 I RMS-Reclaim: Reclaiming took : 2ms
09-04 13:36:19.911  2497  2991 D _V_Settings/BW: ReadCodeTask:mStringNotifyCode: 0
09-04 13:36:19.911  2497  2991 D _V_Settings/BW: ReadCodeTask:mNotifyCode: 0
09-04 13:36:20.747   718   718 I SurfaceFlinger: FPS(Built-in Screen): 27
09-04 13:36:20.972 12824 12914 D DataFormatter: Normal bytes 47695
09-04 13:36:21.014  1488  1909 E VivoSensorTest: LIWEI Java_com_sensoroperate_VivoSensorOperationUtils_jniVivoSensorOperationUtilsInt
09-04 13:36:21.014  1488  1909 D VivoSensorTest: before Java_com_sensoroperate_VivoSensorOperationUtils_jniVivoSensorOperationUtilsInt type=201 arg_len=3
09-04 13:36:21.014  1488  1909 D VivoSensorTest_hidl: 59:VivoSensorTest(): VivoSensorTest start ID 0xc9 201 111 0
09-04 13:36:21.020   694   694 E VivoSensorTest: VivoSensorTest bbk_em_sensor_main: ID 0xc9 arg1 201 arg2 111 arg3 0
09-04 13:36:21.021   694   694 E VivoSensorTest: bbk_em_sensor_main: ID 0xc9 args 201 111 0
09-04 13:36:21.021   694   694 E VivoSensorTest: sensor_operation_utils sensor_als_get_raw_data
09-04 13:36:21.021   694   694 W VivoSensorTest: Waiting for service
09-04 13:36:21.021   694   694 W VivoSensorTest: Waiting complete
09-04 13:36:21.021   694   694 W VivoSensorTest: Creating client connection
09-04 13:36:21.023   694   694 W VivoSensorTest: Sending request payload len 52
09-04 13:36:21.026   694 24479 W VivoSensorTest: Received response; error 0, msg_id 32, size 32
09-04 13:36:21.026   694 24479 W VivoSensorTest: Received client ID 1580 result 0
09-04 13:36:21.027   694 24479 W VivoSensorTest: Received Indication; len 89
09-04 13:36:21.027   694 24479 W VivoSensorTest: Indication from client ID 1580
09-04 13:36:21.027   694 24479 W VivoSensorTest: Begin decoding event
09-04 13:36:21.027   694 24479 W VivoSensorTest: Received SUID Event with SUID 2a462eac2a9a1071 4795ecea145f6a96
09-04 13:36:21.027   694 24479 W VivoSensorTest: vivo_signal_response
09-04 13:36:21.027   694 24479 W VivoSensorTest: Received SUID Event with data type 'ambient_light'
09-04 13:36:21.027   694 24479 W VivoSensorTest: Event decoding complete
09-04 13:36:21.027   694 24479 I VivoSensorTest: Indication processing completed
09-04 13:36:21.027   694   694 V VivoSensorTest: send_enable_req
09-04 13:36:21.027   694   694 W VivoSensorTest: Sending request payload len 40
09-04 13:36:21.027   694   694 I VivoSensorTest: als raw data ignore ready time....
09-04 13:36:21.027   694   694 D VivoSensorTest: vivo_send_req command_count 0/1
09-04 13:36:21.027   694   694 W VivoSensorTest: Sending request payload len 41
09-04 13:36:21.029   694 24479 W VivoSensorTest: Received response; error 0, msg_id 32, size 32
09-04 13:36:21.029   694 24479 W VivoSensorTest: Received client ID 1580 result 0
09-04 13:36:21.029   694 24479 W VivoSensorTest: Received response; error 0, msg_id 32, size 32
09-04 13:36:21.029   694 24479 W VivoSensorTest: Received client ID 1580 result 0
09-04 13:36:21.031   694 24479 W VivoSensorTest: Received Indication; len 80
09-04 13:36:21.032   694 24479 W VivoSensorTest: Indication from client ID 1580
09-04 13:36:21.032   694 24479 W VivoSensorTest: Begin decoding event
09-04 13:36:21.032   694 24479 V VivoSensorTest: Begin decoding sensor event 768
09-04 13:36:21.032   694 24479 E VivoSensorTest: SNS_STD_SENSOR_MSGID_SNS_STD_SENSOR_EVENT: Error decoding event: missing required field
09-04 13:36:21.032   694 24479 E VivoSensorTest: Error decoding Event: callback failed
09-04 13:36:21.032   694 24479 W VivoSensorTest: Event decoding complete
09-04 13:36:21.032   694 24479 E VivoSensorTest: Error decoding event list: callback failed
09-04 13:36:21.032   694 24479 I VivoSensorTest: Indication processing completed
09-04 13:36:21.043   694 24479 W VivoSensorTest: Received Indication; len 86
09-04 13:36:21.043   694 24479 W VivoSensorTest: Indication from client ID 1580
09-04 13:36:21.043   694 24479 W VivoSensorTest: Begin decoding event
09-04 13:36:21.043   694 24479 V VivoSensorTest: Begin decoding sensor event 1023
09-04 13:36:21.043   694 24479 W VivoSensorTest: vivo_signal_response
09-04 13:36:21.043   694 24479 E VivoSensorTest: VIVO_MSGID_SNS_SENSOR_GET_DATA_EVENT: received/total 1/1
09-04 13:36:21.043   694 24479 I VivoSensorTest: als_rawdata_callback lux is 763.284607 2250.000000 2302.000000 2260.000000 103.000000
09-04 13:36:21.043   694 24479 V VivoSensorTest: Done decoding sensor event
09-04 13:36:21.043   694 24479 W VivoSensorTest: Event decoding complete
09-04 13:36:21.044   694 24479 I VivoSensorTest: Indication processing completed
09-04 13:36:21.046   694   694 W VivoSensorTest: Sensors  data test completed - Exiting ret =1
09-04 13:36:21.047  1488  1909 D VivoSensorTest_hidl: 100:VivoSensorTest(): VivoSensorTest end ID 201 ret 0
09-04 13:36:21.047  1488  1909 D VivoSensorTest: after Java_com_sensoroperate_VivoSensorOperationUtils_jniVivoSensorOperationUtilsInt type=201 arg_len=3
09-04 13:36:21.047  1488  1909 D VivoSensorOperationUtils: executeCommand 0
09-04 13:36:21.047  1488  1909 D VivoProxCaliService: Get als_data _end:763.2846
09-04 13:36:21.797   718   718 I SurfaceFlinger: FPS(Built-in Screen): 26
09-04 13:36:21.989   935  1058 E ThermalEngine: vivo_thermal_parameter_config :VivoThermal:read type:1  buf: 1
09-04 13:36:21.989   935  1058 E ThermalEngine:  
09-04 13:36:22.641  1060  1060 E wificond: vivo add tx_good 238900 tx_bad 0 rx_good 2199609 tx_retry 12343
09-04 13:36:22.642  1488  1856 D WificondControl: vivo add pollResult txgood 238900 txbad 0 rxgood 2199609 txretry 12343
09-04 13:36:22.642  1488  1856 D VivoWifiRssiMap: setFirstFetchRssi, mFirstFetchRssi:-49, rssi:-54
09-04 13:36:22.642  1488  1856 D VivoWifiRssiMap: setWifiRssi, rssi:-54
09-04 13:36:22.831   718   718 I SurfaceFlinger: FPS(Built-in Screen): 26
09-04 13:36:23.881   718   718 I SurfaceFlinger: FPS(Built-in Screen): 26
09-04 13:36:23.981 12824 12914 D DataFormatter: Normal bytes 67756
09-04 13:36:24.849  2741  5336 I RMS-Reclaim: available=1788156KB, current watermark=716800KB, last watermark=716800KB, current stopline=800, last stopline=1000
09-04 13:36:24.851  2741  5336 I RMS-Reclaim: Reclaiming took : 3ms
09-04 13:36:24.914   718   718 I SurfaceFlinger: FPS(Built-in Screen): 25
09-04 13:36:24.990   935  1058 E ThermalEngine: vivo_thermal_parameter_config :VivoThermal:read type:1  buf: 1
09-04 13:36:24.990   935  1058 E ThermalEngine:  
09-04 13:36:25.675  1060  1060 E wificond: vivo add tx_good 238972 tx_bad 0 rx_good 2199682 tx_retry 12348
09-04 13:36:25.676  1488  1856 D WificondControl: vivo add pollResult txgood 238972 txbad 0 rxgood 2199682 txretry 12348
09-04 13:36:25.676  1488  1856 D VivoWifiRssiMap: setFirstFetchRssi, mFirstFetchRssi:-49, rssi:-53
09-04 13:36:25.676  1488  1856 D VivoWifiRssiMap: setWifiRssi, rssi:-53
09-04 13:36:25.964   718   718 I SurfaceFlinger: FPS(Built-in Screen): 25
09-04 13:36:26.992 12824 12914 D DataFormatter: Normal bytes 25708
09-04 13:36:26.995   718   718 I SurfaceFlinger: FPS(Built-in Screen): 25
09-04 13:36:27.595 24482 24482 W ps      : type=1400 audit(0.0:28155): avc: denied { getattr } for path="/proc/1" dev="proc" ino=109011 scontext=u:r:system_app:s0 tcontext=u:r:init:s0 tclass=dir permissive=0
09-04 13:36:27.595 24482 24482 W ps      : type=1400 audit(0.0:28156): avc: denied { getattr } for path="/proc/2" dev="proc" ino=109012 scontext=u:r:system_app:s0 tcontext=u:r:kernel:s0 tclass=dir permissive=0
09-04 13:36:27.595 24482 24482 W ps      : type=1400 audit(0.0:28157): avc: denied { getattr } for path="/proc/3" dev="proc" ino=109013 scontext=u:r:system_app:s0 tcontext=u:r:kernel:s0 tclass=dir permissive=0
09-04 13:36:27.595 24482 24482 W ps      : type=1400 audit(0.0:28158): avc: denied { getattr } for path="/proc/5" dev="proc" ino=109015 scontext=u:r:system_app:s0 tcontext=u:r:kernel:s0 tclass=dir permissive=0
09-04 13:36:27.595 24482 24482 W ps      : type=1400 audit(0.0:28159): avc: denied { getattr } for path="/proc/7" dev="proc" ino=109017 scontext=u:r:system_app:s0 tcontext=u:r:kernel:s0 tclass=dir permissive=0
09-04 13:36:27.595 24482 24482 W ps      : type=1400 audit(0.0:28160): avc: denied { getattr } for path="/proc/8" dev="proc" ino=109018 scontext=u:r:system_app:s0 tcontext=u:r:kernel:s0 tclass=dir permissive=0
09-04 13:36:27.595 24482 24482 W ps      : type=1400 audit(0.0:28161): avc: denied { getattr } for path="/proc/9" dev="proc" ino=109019 scontext=u:r:system_app:s0 tcontext=u:r:kernel:s0 tclass=dir permissive=0
09-04 13:36:27.595 24482 24482 W ps      : type=1400 audit(0.0:28162): avc: denied { getattr } for path="/proc/10" dev="proc" ino=109020 scontext=u:r:system_app:s0 tcontext=u:r:kernel:s0 tclass=dir permissive=0
09-04 13:36:27.913  2497  2991 D _V_Settings/BW: ReadCodeTask:mStringNotifyCode: 0
09-04 13:36:27.914  2497  2991 D _V_Settings/BW: ReadCodeTask:mNotifyCode: 0
09-04 13:36:27.991   935  1058 E ThermalEngine: vivo_thermal_parameter_config :VivoThermal:read type:1  buf: 1
09-04 13:36:27.991   935  1058 E ThermalEngine:  
09-04 13:36:27.997   718   718 I SurfaceFlinger: FPS(Built-in Screen): 25
09-04 13:36:28.701  1060  1060 E wificond: vivo add tx_good 239115 tx_bad 0 rx_good 2199823 tx_retry 12384
09-04 13:36:28.702  1488  1856 D WificondControl: vivo add pollResult txgood 239115 txbad 0 rxgood 2199823 txretry 12384
09-04 13:36:28.702  1488  1856 D VivoWifiRssiMap: setFirstFetchRssi, mFirstFetchRssi:-49, rssi:-54
09-04 13:36:28.703  1488  1856 D VivoWifiRssiMap: setWifiRssi, rssi:-54
09-04 13:36:29.048   718   718 I SurfaceFlinger: FPS(Built-in Screen): 26
09-04 13:36:29.857  2741  5336 I RMS-Reclaim: available=1785396KB, current watermark=716800KB, last watermark=716800KB, current stopline=800, last stopline=1000
09-04 13:36:29.858  2741  5336 I RMS-Reclaim: Reclaiming took : 2ms
09-04 13:36:30.001 12824 12914 D DataFormatter: Normal bytes 74286
09-04 13:36:30.080   718   718 I SurfaceFlinger: FPS(Built-in Screen): 25
09-04 13:36:30.992   935  1058 E ThermalEngine: vivo_thermal_parameter_config :VivoThermal:read type:1  buf: 1
09-04 13:36:30.992   935  1058 E ThermalEngine:  
09-04 13:36:31.082   718   718 I SurfaceFlinger: FPS(Built-in Screen): 24
09-04 13:36:31.743  1060  1060 E wificond: vivo add tx_good 239153 tx_bad 0 rx_good 2199862 tx_retry 12392
09-04 13:36:31.744  1488  1856 D WificondControl: vivo add pollResult txgood 239153 txbad 0 rxgood 2199862 txretry 12392
09-04 13:36:31.745  1488  1856 D VivoWifiRssiMap: setFirstFetchRssi, mFirstFetchRssi:-49, rssi:-53
09-04 13:36:31.745  1488  1856 D VivoWifiRssiMap: setWifiRssi, rssi:-53
09-04 13:36:32.099   718   718 I SurfaceFlinger: FPS(Built-in Screen): 26
09-04 13:36:33.012 12824 12914 D DataFormatter: Normal bytes 189
09-04 13:36:33.149   718   718 I SurfaceFlinger: FPS(Built-in Screen): 25
09-04 13:36:33.993   935  1058 E ThermalEngine: vivo_thermal_parameter_config :VivoThermal:read type:1  buf: 1
09-04 13:36:33.993   935  1058 E ThermalEngine:  
09-04 13:36:34.182   718   718 I SurfaceFlinger: FPS(Built-in Screen): 26
09-04 13:36:34.546   961   961 D vivo_daemon:VvDmSrv: [10108:2511] apply, return 0, v3.1.0
09-04 13:36:34.546   961   961 D vivo_daemon:VvDmSrv: normal termination, exit status = 0
09-04 13:36:34.770  1060  1060 E wificond: vivo add tx_good 239155 tx_bad 0 rx_good 2199865 tx_retry 12392
09-04 13:36:34.771  1488  1856 D WificondControl: vivo add pollResult txgood 239155 txbad 0 rxgood 2199865 txretry 12392
09-04 13:36:34.771  1488  1856 D VivoWifiRssiMap: setFirstFetchRssi, mFirstFetchRssi:-49, rssi:-53
09-04 13:36:34.771  1488  1856 D VivoWifiRssiMap: setWifiRssi, rssi:-53
09-04 13:36:34.859  2741  5336 I RMS-Reclaim: available=1785604KB, current watermark=716800KB, last watermark=716800KB, current stopline=800, last stopline=1000
09-04 13:36:34.860  2741  5336 I RMS-Reclaim: Reclaiming took : 1ms
09-04 13:36:35.231   718   718 I SurfaceFlinger: FPS(Built-in Screen): 27
09-04 13:36:35.911  2497  2991 D _V_Settings/BW: ReadCodeTask:mStringNotifyCode: 0
09-04 13:36:35.911  2497  2991 D _V_Settings/BW: ReadCodeTask:mNotifyCode: 0
09-04 13:36:36.026 12824 12914 D DataFormatter: Normal bytes 44538
09-04 13:36:36.063  1488  1909 E VivoSensorTest: LIWEI Java_com_sensoroperate_VivoSensorOperationUtils_jniVivoSensorOperationUtilsInt
09-04 13:36:36.063  1488  1909 D VivoSensorTest: before Java_com_sensoroperate_VivoSensorOperationUtils_jniVivoSensorOperationUtilsInt type=201 arg_len=3
09-04 13:36:36.063  1488  1909 D VivoSensorTest_hidl: 59:VivoSensorTest(): VivoSensorTest start ID 0xc9 201 111 0
09-04 13:36:36.068   694   694 E VivoSensorTest: VivoSensorTest bbk_em_sensor_main: ID 0xc9 arg1 201 arg2 111 arg3 0
09-04 13:36:36.068   694   694 E VivoSensorTest: bbk_em_sensor_main: ID 0xc9 args 201 111 0
09-04 13:36:36.068   694   694 E VivoSensorTest: sensor_operation_utils sensor_als_get_raw_data
09-04 13:36:36.068   694   694 W VivoSensorTest: Waiting for service
09-04 13:36:36.068   694   694 W VivoSensorTest: Waiting complete
09-04 13:36:36.068   694   694 W VivoSensorTest: Creating client connection
09-04 13:36:36.071   694   694 W VivoSensorTest: Sending request payload len 52
09-04 13:36:36.074   694 24488 W VivoSensorTest: Received response; error 0, msg_id 32, size 32
09-04 13:36:36.074   694 24488 W VivoSensorTest: Received client ID 1581 result 0
09-04 13:36:36.074   694 24488 W VivoSensorTest: Received Indication; len 89
09-04 13:36:36.074   694 24488 W VivoSensorTest: Indication from client ID 1581
09-04 13:36:36.074   694 24488 W VivoSensorTest: Begin decoding event
09-04 13:36:36.074   694 24488 W VivoSensorTest: Received SUID Event with SUID 2a462eac2a9a1071 4795ecea145f6a96
09-04 13:36:36.074   694 24488 W VivoSensorTest: vivo_signal_response
09-04 13:36:36.074   694 24488 W VivoSensorTest: Received SUID Event with data type 'ambient_light'
09-04 13:36:36.074   694 24488 W VivoSensorTest: Event decoding complete
09-04 13:36:36.074   694 24488 I VivoSensorTest: Indication processing completed
09-04 13:36:36.074   694   694 V VivoSensorTest: send_enable_req
09-04 13:36:36.074   694   694 W VivoSensorTest: Sending request payload len 40
09-04 13:36:36.075   694   694 I VivoSensorTest: als raw data ignore ready time....
09-04 13:36:36.075   694   694 D VivoSensorTest: vivo_send_req command_count 0/1
09-04 13:36:36.075   694   694 W VivoSensorTest: Sending request payload len 41
09-04 13:36:36.077   694 24488 W VivoSensorTest: Received response; error 0, msg_id 32, size 32
09-04 13:36:36.077   694 24488 W VivoSensorTest: Received client ID 1581 result 0
09-04 13:36:36.077   694 24488 W VivoSensorTest: Received response; error 0, msg_id 32, size 32
09-04 13:36:36.077   694 24488 W VivoSensorTest: Received client ID 1581 result 0
09-04 13:36:36.077   694 24488 W VivoSensorTest: Received Indication; len 80
09-04 13:36:36.077   694 24488 W VivoSensorTest: Indication from client ID 1581
09-04 13:36:36.077   694 24488 W VivoSensorTest: Begin decoding event
09-04 13:36:36.077   694 24488 V VivoSensorTest: Begin decoding sensor event 768
09-04 13:36:36.077   694 24488 E VivoSensorTest: SNS_STD_SENSOR_MSGID_SNS_STD_SENSOR_EVENT: Error decoding event: missing required field
09-04 13:36:36.077   694 24488 E VivoSensorTest: Error decoding Event: callback failed
09-04 13:36:36.077   694 24488 W VivoSensorTest: Event decoding complete
09-04 13:36:36.077   694 24488 E VivoSensorTest: Error decoding event list: callback failed
09-04 13:36:36.077   694 24488 I VivoSensorTest: Indication processing completed
09-04 13:36:36.079   694 24488 W VivoSensorTest: Received Indication; len 86
09-04 13:36:36.079   694 24488 W VivoSensorTest: Indication from client ID 1581
09-04 13:36:36.079   694 24488 W VivoSensorTest: Begin decoding event
09-04 13:36:36.079   694 24488 V VivoSensorTest: Begin decoding sensor event 1023
09-04 13:36:36.079   694 24488 W VivoSensorTest: vivo_signal_response
09-04 13:36:36.079   694 24488 E VivoSensorTest: VIVO_MSGID_SNS_SENSOR_GET_DATA_EVENT: received/total 1/1
09-04 13:36:36.079   694 24488 I VivoSensorTest: als_rawdata_callback lux is 769.783508 2269.000000 2322.000000 2279.000000 105.000000
09-04 13:36:36.079   694 24488 V VivoSensorTest: Done decoding sensor event
09-04 13:36:36.079   694 24488 W VivoSensorTest: Event decoding complete
09-04 13:36:36.079   694 24488 I VivoSensorTest: Indication processing completed
09-04 13:36:36.081   694   694 W VivoSensorTest: Sensors  data test completed - Exiting ret =1
09-04 13:36:36.081  1488  1909 D VivoSensorTest_hidl: 100:VivoSensorTest(): VivoSensorTest end ID 201 ret 0
09-04 13:36:36.082  1488  1909 D VivoSensorTest: after Java_com_sensoroperate_VivoSensorOperationUtils_jniVivoSensorOperationUtilsInt type=201 arg_len=3
09-04 13:36:36.083  1488  1909 D VivoSensorOperationUtils: executeCommand 0
09-04 13:36:36.083  1488  1909 D VivoProxCaliService: Get als_data _end:769.7835
09-04 13:36:36.263   718   718 I SurfaceFlinger: FPS(Built-in Screen): 26
09-04 13:36:36.995   935  1058 E ThermalEngine: vivo_thermal_parameter_config :VivoThermal:read type:1  buf: 1
09-04 13:36:36.995   935  1058 E ThermalEngine:  
09-04 13:36:37.314   718   718 I SurfaceFlinger: FPS(Built-in Screen): 27
09-04 13:36:37.803  1060  1060 E wificond: vivo add tx_good 239297 tx_bad 0 rx_good 2200008 tx_retry 12407
09-04 13:36:37.806  1488  1856 D WificondControl: vivo add pollResult txgood 239297 txbad 0 rxgood 2200008 txretry 12407
09-04 13:36:37.807  1488  1856 D VivoWifiRssiMap: setFirstFetchRssi, mFirstFetchRssi:-49, rssi:-53
09-04 13:36:37.807  1488  1856 D VivoWifiRssiMap: setWifiRssi, rssi:-53
09-04 13:36:38.315   718   718 I SurfaceFlinger: FPS(Built-in Screen): 25
09-04 13:36:39.032 12824 12914 D DataFormatter: Normal bytes 58349
09-04 13:36:39.348   718   718 I SurfaceFlinger: FPS(Built-in Screen): 25
09-04 13:36:39.862  2741  5336 I RMS-Reclaim: available=1786576KB, current watermark=716800KB, last watermark=716800KB, current stopline=800, last stopline=1000
09-04 13:36:39.862  2741  5336 I RMS-Reclaim: Reclaiming took : 1ms
09-04 13:36:39.995   935  1058 E ThermalEngine: vivo_thermal_parameter_config :VivoThermal:read type:1  buf: 1
09-04 13:36:39.995   935  1058 E ThermalEngine:  
09-04 13:36:40.349   718   718 I SurfaceFlinger: FPS(Built-in Screen): 24
09-04 13:36:40.838  1060  1060 E wificond: vivo add tx_good 239445 tx_bad 0 rx_good 2200157 tx_retry 12422
09-04 13:36:40.840  1488  1856 D WificondControl: vivo add pollResult txgood 239445 txbad 0 rxgood 2200157 txretry 12422
09-04 13:36:40.841  1488  1856 D VivoWifiRssiMap: setFirstFetchRssi, mFirstFetchRssi:-49, rssi:-54
09-04 13:36:40.841  1488  1856 D VivoWifiRssiMap: setWifiRssi, rssi:-54
09-04 13:36:41.397   718   718 I SurfaceFlinger: FPS(Built-in Screen): 26
09-04 13:36:41.750 21437 24364 D Linux   : [Posix_connect Debug]Process com.google.android.exoplayer2.demo :443 
09-04 13:36:42.044 12824 12914 D DataFormatter: Normal bytes 102917
09-04 13:36:42.432   718   718 I SurfaceFlinger: FPS(Built-in Screen): 26
09-04 13:36:42.996   935  1058 E ThermalEngine: vivo_thermal_parameter_config :VivoThermal:read type:1  buf: 1
09-04 13:36:42.996   935  1058 E ThermalEngine:  
09-04 13:36:43.480   718   718 I SurfaceFlinger: FPS(Built-in Screen): 26
09-04 13:36:43.868  1060  1060 E wificond: vivo add tx_good 242054 tx_bad 0 rx_good 2204128 tx_retry 12569
09-04 13:36:43.873  1488  1856 D WificondControl: vivo add pollResult txgood 242054 txbad 0 rxgood 2204128 txretry 12569
09-04 13:36:43.873  1488  1856 D VivoWifiRssiMap: setFirstFetchRssi, mFirstFetchRssi:-49, rssi:-56
09-04 13:36:43.875  1488  1856 D VivoWifiRssiMap: setWifiRssi, rssi:-56
09-04 13:36:43.911  2497  2991 D _V_Settings/BW: ReadCodeTask:mStringNotifyCode: 0
09-04 13:36:43.911  2497  2991 D _V_Settings/BW: ReadCodeTask:mNotifyCode: 0
09-04 13:36:44.350   961  1157 D vivo_daemon:vivo_bootcomplete: ---check system_pid = 1488, zygote_pid = 958, zygote64_pid = 957
09-04 13:36:44.521   718   718 I SurfaceFlinger: FPS(Built-in Screen): 25
09-04 13:36:44.685  1488  1849 D NetdConnector: RCV <- {601 limit alert globalAlert wlan0}
09-04 13:36:44.697  1488  1851 D NtpTrustedTime: currentTimeMillis() cache hit
09-04 13:36:44.707  1033  2821 E Netd    : tether checkPermission, pid:1488 uid:1000 
09-04 13:36:44.752  1488  1851 D NtpTrustedTime: currentTimeMillis() cache hit
09-04 13:36:44.757  1488  1851 D NetdConnector: SND -> {474 bandwidth setglobalalert 20971520}
09-04 13:36:44.758  1488  1849 D NetdConnector: RCV <- {200 474 Bandwidth command succeeeded}
09-04 13:36:44.759  1488  1851 D NetdConnector: RMV <- {200 474 Bandwidth command succeeeded}
09-04 13:36:44.753  1488  1851 D NtpTrustedTime: currentTimeMillis() cache hit
09-04 13:36:44.869  2741  5336 I RMS-Reclaim: available=1783328KB, current watermark=716800KB, last watermark=716800KB, current stopline=800, last stopline=1000
09-04 13:36:44.870  2741  5336 I RMS-Reclaim: Reclaiming took : 2ms
09-04 13:36:45.057 12824 12914 D DataFormatter: Normal bytes 2733643
09-04 13:36:45.567   718   718 I SurfaceFlinger: FPS(Built-in Screen): 25
09-04 13:36:45.997   935  1058 E ThermalEngine: vivo_thermal_parameter_config :VivoThermal:read type:1  buf: 1
09-04 13:36:45.997   935  1058 E ThermalEngine:  
09-04 13:36:46.214  1488  1826 V AlarmAlign: mAlarmBatches = 59, triggerList = 3
09-04 13:36:46.236  1488  1826 E ActivityManager: Sending non-protected broadcast com.vivo.assistant.lbs.per_day_loc from system uid 1000 pkg com.vivo.assistant
09-04 13:36:46.240  1488  1826 V AlarmAlign: setLocked to kernel, type = 2, when = 68241246, curTime = 68012199
09-04 13:36:46.240  1488  1826 V AlarmAlign: setLocked to kernel, type = 3, when = 68025959, curTime = 68012199
09-04 13:36:46.241  1488  1488 V AlarmAlign: setLocked to kernel, type = 2, when = 68241246, curTime = 68012200
09-04 13:36:46.241  1488  1488 V AlarmAlign: setLocked to kernel, type = 3, when = 68025959, curTime = 68012200
09-04 13:36:46.243  1488  1488 V AlarmAlign: setLocked to kernel, type = 2, when = 68042586, curTime = 68012202
09-04 13:36:46.243  1488  1488 V AlarmAlign: setLocked to kernel, type = 3, when = 68025959, curTime = 68012202
09-04 13:36:46.260  1488  7131 V AlarmAlign: setLocked to kernel, type = 2, when = 68042586, curTime = 68012219
09-04 13:36:46.261  1488  7131 V AlarmAlign: setLocked to kernel, type = 3, when = 68025959, curTime = 68012220
09-04 13:36:46.270  1488  2778 V AlarmAlign: setLocked to kernel, type = 2, when = 68042586, curTime = 68012229
09-04 13:36:46.270  1488  2778 V AlarmAlign: setLocked to kernel, type = 3, when = 68025959, curTime = 68012229
09-04 13:36:46.270  1488  2778 V AlarmAlign: setLocked to kernel, type = 2, when = 68042586, curTime = 68012229
09-04 13:36:46.270  1488  2778 V AlarmAlign: setLocked to kernel, type = 3, when = 68025959, curTime = 68012229
09-04 13:36:46.296  3931 18861 D VivoPush.AlarmPingSender: (3931)Success. Release lock 1567584406296
09-04 13:36:46.594  2689 24434 I _V_VA_e : wifi id not changed.
09-04 13:36:46.596   718   718 I SurfaceFlinger: FPS(Built-in Screen): 26
09-04 13:36:46.897  1060  1060 E wificond: vivo add tx_good 244590 tx_bad 0 rx_good 2206809 tx_retry 12649
09-04 13:36:46.898  1488  1856 D WificondControl: vivo add pollResult txgood 244590 txbad 0 rxgood 2206809 txretry 12649
09-04 13:36:46.898  1488  1856 D VivoWifiRssiMap: setFirstFetchRssi, mFirstFetchRssi:-49, rssi:-55
09-04 13:36:46.898  1488  1856 D VivoWifiRssiMap: setWifiRssi, rssi:-55
09-04 13:36:47.597   718   718 I SurfaceFlinger: FPS(Built-in Screen): 25
09-04 13:36:48.066 12824 12914 D DataFormatter: Normal bytes 942778
09-04 13:36:48.647   718   718 I SurfaceFlinger: FPS(Built-in Screen): 26
09-04 13:36:48.998   935  1058 E ThermalEngine: vivo_thermal_parameter_config :VivoThermal:read type:1  buf: 1
09-04 13:36:48.998   935  1058 E ThermalEngine:  
09-04 13:36:49.681   718   718 I SurfaceFlinger: FPS(Built-in Screen): 26
09-04 13:36:49.876  2741  5336 I RMS-Reclaim: available=1777912KB, current watermark=716800KB, last watermark=716800KB, current stopline=800, last stopline=1000
09-04 13:36:49.877  2741  5336 I RMS-Reclaim: Reclaiming took : 2ms
09-04 13:36:49.916  1060  1060 E wificond: vivo add tx_good 246238 tx_bad 0 rx_good 2208464 tx_retry 12712
09-04 13:36:49.916  1488  1856 D WificondControl: vivo add pollResult txgood 246238 txbad 0 rxgood 2208464 txretry 12712
09-04 13:36:49.917  1488  1856 D VivoWifiRssiMap: setFirstFetchRssi, mFirstFetchRssi:-49, rssi:-56
09-04 13:36:49.917  1488  1856 D VivoWifiRssiMap: setWifiRssi, rssi:-56
09-04 13:36:50.731   718   718 I SurfaceFlinger: FPS(Built-in Screen): 26
09-04 13:36:51.010 21437 21437 D EventLogger: downstreamFormatChanged [166.42, 155.47, window=0, period=0, id=1, mimeType=video/avc, bitrate=772315, codecs=avc1.42c01e, res=320x142, fps=24.0]
09-04 13:36:51.011 21437 21437 D EventLogger: decoderInputFormatChanged [166.42, 155.47, window=0, period=0, video, id=1, mimeType=video/avc, bitrate=772315, codecs=avc1.42c01e, res=320x142, fps=24.0]
09-04 13:36:51.075 12824 12914 D DataFormatter: Normal bytes 808273
09-04 13:36:51.091  1488  1909 E VivoSensorTest: LIWEI Java_com_sensoroperate_VivoSensorOperationUtils_jniVivoSensorOperationUtilsInt
09-04 13:36:51.091  1488  1909 D VivoSensorTest: before Java_com_sensoroperate_VivoSensorOperationUtils_jniVivoSensorOperationUtilsInt type=201 arg_len=3
09-04 13:36:51.091  1488  1909 D VivoSensorTest_hidl: 59:VivoSensorTest(): VivoSensorTest start ID 0xc9 201 111 0
09-04 13:36:51.095   694   694 E VivoSensorTest: VivoSensorTest bbk_em_sensor_main: ID 0xc9 arg1 201 arg2 111 arg3 0
09-04 13:36:51.095   694   694 E VivoSensorTest: bbk_em_sensor_main: ID 0xc9 args 201 111 0
09-04 13:36:51.095   694   694 E VivoSensorTest: sensor_operation_utils sensor_als_get_raw_data
09-04 13:36:51.095   694   694 W VivoSensorTest: Waiting for service
09-04 13:36:51.095   694   694 W VivoSensorTest: Waiting complete
09-04 13:36:51.095   694   694 W VivoSensorTest: Creating client connection
09-04 13:36:51.097   694   694 W VivoSensorTest: Sending request payload len 52
09-04 13:36:51.098   694 24495 W VivoSensorTest: Received response; error 0, msg_id 32, size 32
09-04 13:36:51.098   694 24495 W VivoSensorTest: Received client ID 1582 result 0
09-04 13:36:51.099   694 24495 W VivoSensorTest: Received Indication; len 89
09-04 13:36:51.099   694 24495 W VivoSensorTest: Indication from client ID 1582
09-04 13:36:51.099   694 24495 W VivoSensorTest: Begin decoding event
09-04 13:36:51.099   694 24495 W VivoSensorTest: Received SUID Event with SUID 2a462eac2a9a1071 4795ecea145f6a96
09-04 13:36:51.099   694 24495 W VivoSensorTest: vivo_signal_response
09-04 13:36:51.099   694 24495 W VivoSensorTest: Received SUID Event with data type 'ambient_light'
09-04 13:36:51.099   694 24495 W VivoSensorTest: Event decoding complete
09-04 13:36:51.099   694 24495 I VivoSensorTest: Indication processing completed
09-04 13:36:51.100   694   694 V VivoSensorTest: send_enable_req
09-04 13:36:51.100   694   694 W VivoSensorTest: Sending request payload len 40
09-04 13:36:51.100   694   694 I VivoSensorTest: als raw data ignore ready time....
09-04 13:36:51.100   694   694 D VivoSensorTest: vivo_send_req command_count 0/1
09-04 13:36:51.100   694   694 W VivoSensorTest: Sending request payload len 41
09-04 13:36:51.101   694 24495 W VivoSensorTest: Received response; error 0, msg_id 32, size 32
09-04 13:36:51.101   694 24495 W VivoSensorTest: Received client ID 1582 result 0
09-04 13:36:51.101   694 24495 W VivoSensorTest: Received response; error 0, msg_id 32, size 32
09-04 13:36:51.101   694 24495 W VivoSensorTest: Received client ID 1582 result 0
09-04 13:36:51.102   694 24495 W VivoSensorTest: Received Indication; len 80
09-04 13:36:51.102   694 24495 W VivoSensorTest: Indication from client ID 1582
09-04 13:36:51.102   694 24495 W VivoSensorTest: Begin decoding event
09-04 13:36:51.102   694 24495 V VivoSensorTest: Begin decoding sensor event 768
09-04 13:36:51.102   694 24495 E VivoSensorTest: SNS_STD_SENSOR_MSGID_SNS_STD_SENSOR_EVENT: Error decoding event: missing required field
09-04 13:36:51.102   694 24495 E VivoSensorTest: Error decoding Event: callback failed
09-04 13:36:51.102   694 24495 W VivoSensorTest: Event decoding complete
09-04 13:36:51.102   694 24495 E VivoSensorTest: Error decoding event list: callback failed
09-04 13:36:51.102   694 24495 I VivoSensorTest: Indication processing completed
09-04 13:36:51.104   694 24495 W VivoSensorTest: Received Indication; len 86
09-04 13:36:51.104   694 24495 W VivoSensorTest: Indication from client ID 1582
09-04 13:36:51.104   694 24495 W VivoSensorTest: Begin decoding event
09-04 13:36:51.104   694 24495 V VivoSensorTest: Begin decoding sensor event 1023
09-04 13:36:51.104   694 24495 W VivoSensorTest: vivo_signal_response
09-04 13:36:51.104   694 24495 E VivoSensorTest: VIVO_MSGID_SNS_SENSOR_GET_DATA_EVENT: received/total 1/1
09-04 13:36:51.104   694 24495 I VivoSensorTest: als_rawdata_callback lux is 777.739075 2293.000000 2346.000000 2302.000000 106.000000
09-04 13:36:51.104   694 24495 V VivoSensorTest: Done decoding sensor event
09-04 13:36:51.104   694 24495 W VivoSensorTest: Event decoding complete
09-04 13:36:51.104   694 24495 I VivoSensorTest: Indication processing completed
09-04 13:36:51.105   694   694 W VivoSensorTest: Sensors  data test completed - Exiting ret =1
09-04 13:36:51.105  1488  1909 D VivoSensorTest_hidl: 100:VivoSensorTest(): VivoSensorTest end ID 201 ret 0
09-04 13:36:51.105  1488  1909 D VivoSensorTest: after Java_com_sensoroperate_VivoSensorOperationUtils_jniVivoSensorOperationUtilsInt type=201 arg_len=3
09-04 13:36:51.108  1488  1909 D VivoSensorOperationUtils: executeCommand 0
09-04 13:36:51.108  1488  1909 D VivoProxCaliService: Get als_data _end:777.7391
09-04 13:36:51.120  1061  2419 E OMX-VDEC-1080P: Does not handle dataspace request
09-04 13:36:51.120  1061  2419 E OMXNodeInstance: getConfig(0xeb6d5d84:qcom.decoder.avc.secure, ??(0x7f000062)) ERROR: UnsupportedSetting(0x80001019)
09-04 13:36:51.519  1061  1061 E OMX-VDEC-1080P: Extension: OMX.google.android.index.AndroidNativeBufferConsumerUsage not implemented
09-04 13:36:51.520 21437 24378 D SurfaceUtils: disconnecting from surface 0x7c92ef0010, reason setNativeWindowSizeFormatAndUsage
09-04 13:36:51.523 21437 24378 D SurfaceUtils: connecting to surface 0x7c92ef0010, reason setNativeWindowSizeFormatAndUsage
09-04 13:36:51.523   718  2733 E         : IProducerListener: malformed binder reply
09-04 13:36:51.524 21437 24378 D SurfaceUtils: set up nativeWindow 0x7c92ef0010 for 320x144, color 0x7fa30c06, rotation 0, usage 0x20006900
09-04 13:36:51.560  1061 24381 E OMX-VDEC-1080P: Unable to convey fps info to driver,                             performance might be affected
09-04 13:36:51.560   676   699 E ANDR-PERF-OPTSHANDLER: Failed to read /sys/devices/system/cpu/cpu6/core_ctl/min_cpus
09-04 13:36:51.560   676   699 E ANDR-PERF-RESOURCEQS: Failed to apply optimization [4, 0]
09-04 13:36:51.565  1061  3036 E OMX-VDEC-1080P: Does not handle dataspace request
09-04 13:36:51.565  1061  3036 E OMXNodeInstance: getConfig(0xeb6d5d84:qcom.decoder.avc.secure, ??(0x7f000062)) ERROR: UnsupportedSetting(0x80001019)
09-04 13:36:51.635 21437 21437 D EventLogger: videoSizeChanged [167.04, 156.10, window=0, period=0, 320, 142]
09-04 13:36:51.651   718   718 I ConfigStore: android::hardware::configstore::V1_0::ISurfaceFlingerConfigs::hasHDRDisplay retrieved: 0
09-04 13:36:51.652   718   718 I chatty  : uid=1000(system) /system/bin/surfaceflinger identical 1 line
09-04 13:36:51.652   718   718 I ConfigStore: android::hardware::configstore::V1_0::ISurfaceFlingerConfigs::hasHDRDisplay retrieved: 0
09-04 13:36:51.768   718   718 I SurfaceFlinger: FPS(Built-in Screen): 24
09-04 13:36:51.913  2497  2991 D _V_Settings/BW: ReadCodeTask:mStringNotifyCode: 0
09-04 13:36:51.914  2497  2991 D _V_Settings/BW: ReadCodeTask:mNotifyCode: 0
09-04 13:36:51.999   935  1058 E ThermalEngine: vivo_thermal_parameter_config :VivoThermal:read type:1  buf: 1
09-04 13:36:51.999   935  1058 E ThermalEngine:  
09-04 13:36:52.814   718   718 I SurfaceFlinger: FPS(Built-in Screen): 25
09-04 13:36:52.942  1060  1060 E wificond: vivo add tx_good 247470 tx_bad 0 rx_good 2209700 tx_retry 12753
09-04 13:36:52.944  1488  1856 D WificondControl: vivo add pollResult txgood 247470 txbad 0 rxgood 2209700 txretry 12753
09-04 13:36:52.944  1488  1856 D VivoWifiRssiMap: setFirstFetchRssi, mFirstFetchRssi:-49, rssi:-56
09-04 13:36:52.944  1488  1856 D VivoWifiRssiMap: setWifiRssi, rssi:-56
09-04 13:36:53.847   718   718 I SurfaceFlinger: FPS(Built-in Screen): 25
09-04 13:36:54.081 12824 12914 D DataFormatter: Normal bytes 538169
09-04 13:36:54.879  2741  5336 I RMS-Reclaim: available=1788636KB, current watermark=716800KB, last watermark=716800KB, current stopline=800, last stopline=1000
09-04 13:36:54.879  2741  5336 I RMS-Reclaim: Reclaiming took : 1ms
09-04 13:36:54.897   718   718 I SurfaceFlinger: FPS(Built-in Screen): 26
09-04 13:36:55.001   935  1058 E ThermalEngine: vivo_thermal_parameter_config :VivoThermal:read type:1  buf: 1
09-04 13:36:55.001   935  1058 E ThermalEngine:  
09-04 13:36:55.930   718   718 I SurfaceFlinger: FPS(Built-in Screen): 26
09-04 13:36:55.962  1060  1060 E wificond: vivo add tx_good 248605 tx_bad 0 rx_good 2210838 tx_retry 12779
09-04 13:36:55.963  1488  1856 D WificondControl: vivo add pollResult txgood 248605 txbad 0 rxgood 2210838 txretry 12779
09-04 13:36:55.963  1488  1856 D VivoWifiRssiMap: setFirstFetchRssi, mFirstFetchRssi:-49, rssi:-55
09-04 13:36:55.963  1488  1856 D VivoWifiRssiMap: setWifiRssi, rssi:-55
09-04 13:36:56.932   718   718 I SurfaceFlinger: FPS(Built-in Screen): 24
09-04 13:36:57.095 12824 12914 D DataFormatter: Normal bytes 504446
09-04 13:36:57.981   718   718 I SurfaceFlinger: FPS(Built-in Screen): 25
09-04 13:36:58.001   935  1058 E ThermalEngine: vivo_thermal_parameter_config :VivoThermal:read type:1  buf: 1
09-04 13:36:58.001   935  1058 E ThermalEngine:  
09-04 13:36:58.985  1060  1060 E wificond: vivo add tx_good 249265 tx_bad 0 rx_good 2211504 tx_retry 12798
09-04 13:36:58.986  1488  1856 D WificondControl: vivo add pollResult txgood 249265 txbad 0 rxgood 2211504 txretry 12798
09-04 13:36:58.987  1488  1856 D VivoWifiRssiMap: setFirstFetchRssi, mFirstFetchRssi:-49, rssi:-56
09-04 13:36:58.987  1488  1856 D VivoWifiRssiMap: setWifiRssi, rssi:-56
09-04 13:36:59.013   718   718 I SurfaceFlinger: FPS(Built-in Screen): 25
09-04 13:36:59.886  2741  5336 I RMS-Reclaim: available=1789272KB, current watermark=716800KB, last watermark=716800KB, current stopline=800, last stopline=1000
09-04 13:36:59.886  2741  5336 I RMS-Reclaim: Reclaiming took : 1ms
09-04 13:36:59.913  2497  2991 D _V_Settings/BW: ReadCodeTask:mStringNotifyCode: 0
09-04 13:36:59.914  2497  2991 D _V_Settings/BW: ReadCodeTask:mNotifyCode: 0
09-04 13:37:00.000  1488  1826 V AlarmAlign: mAlarmBatches = 59, triggerList = 1
09-04 13:37:00.006  1488  1826 V AlarmAlign: setLocked to kernel, type = 2, when = 68042586, curTime = 68025965
09-04 13:37:00.010  1488  1488 V AlarmAlign: setLocked to kernel, type = 2, when = 68042586, curTime = 68025969
09-04 13:37:00.014   718   718 I SurfaceFlinger: FPS(Built-in Screen): 25
09-04 13:37:00.018  2094  2094 D KeyguardUpdateMonitor: handleTimeUpdate
09-04 13:37:00.022  2094  2094 I _V_VivoStatusBarHeaderClock: newTime= 13:37, mIs24HourFormat= true, am_pm= 
09-04 13:37:00.070  2069  2069 D SilentRebootService: memleakreboot = false, waitformidnight = false, monitorbrightness = false
09-04 13:37:00.091 31623 31651 E BitmapFactory: Unable to decode stream: java.io.FileNotFoundException: /oem/etc/theme/icons/dynamic_icon/com.android.BBKClock/res/drawable-sw360dp-xxhdpi/clock_hour.png (No such file or directory)
09-04 13:37:00.092 31623 31651 E BitmapFactory: Unable to decode stream: java.io.FileNotFoundException: /oem/etc/theme/icons/dynamic_icon/com.android.BBKClock/res/drawable-sw360dp-xxhdpi/clock_minute.png (No such file or directory)
09-04 13:37:00.093 31623 31651 E BitmapFactory: Unable to decode stream: java.io.FileNotFoundException: /oem/etc/theme/icons/dynamic_icon/com.android.BBKClock/res/drawable-sw360dp-xxhdpi/clock_dial.png (No such file or directory)
09-04 13:37:00.095 31623 31651 E BitmapFactory: Unable to decode stream: java.io.FileNotFoundException: /oem/etc/theme/icons/dynamic_icon/com.android.BBKClock/res/drawable-sw360dp-xxhdpi/clock_dial_center.png (No such file or directory)
09-04 13:37:00.099 12824 12914 D DataFormatter: Normal bytes 470855
09-04 13:37:00.100 31623 31651 E _V_Launcher.IconProcess: reDrawIconBySystem
09-04 13:37:01.003   935  1058 E ThermalEngine: vivo_thermal_parameter_config :VivoThermal:read type:1  buf: 1
09-04 13:37:01.003   935  1058 E ThermalEngine:  
09-04 13:37:01.063   718   718 I SurfaceFlinger: FPS(Built-in Screen): 26
09-04 13:37:02.011  1060  1060 E wificond: vivo add tx_good 250538 tx_bad 0 rx_good 2212785 tx_retry 12845
09-04 13:37:02.012  1488  1856 D WificondControl: vivo add pollResult txgood 250538 txbad 0 rxgood 2212785 txretry 12845
09-04 13:37:02.013  1488  1856 D VivoWifiRssiMap: setFirstFetchRssi, mFirstFetchRssi:-49, rssi:-56
09-04 13:37:02.013  1488  1856 D VivoWifiRssiMap: setWifiRssi, rssi:-56
09-04 13:37:02.098   718   718 I SurfaceFlinger: FPS(Built-in Screen): 26
09-04 13:37:02.969 21437 21437 D EventLogger: downstreamFormatChanged [178.38, 167.43, window=0, period=0, id=4, mimeType=video/avc, bitrate=18320008, codecs=avc1.64002a, res=1920x856, fps=24.0]
09-04 13:37:02.970 21437 21437 D EventLogger: decoderInputFormatChanged [178.38, 167.43, window=0, period=0, video, id=4, mimeType=video/avc, bitrate=18320008, codecs=avc1.64002a, res=1920x856, fps=24.0]
09-04 13:37:03.076  1061  2295 E OMX-VDEC-1080P: Does not handle dataspace request
