09-04 13:34:35.861   694 24424 V VivoSensorTest: Done decoding sensor event
09-04 13:34:35.861   694 24424 W VivoSensorTest: Event decoding complete
09-04 13:34:35.861   694 24424 I VivoSensorTest: Indication processing completed
09-04 13:34:35.862   694   694 W VivoSensorTest: Sensors  data test completed - Exiting ret =1
09-04 13:34:35.862  1488  1909 D VivoSensorTest_hidl: 100:VivoSensorTest(): VivoSensorTest end ID 201 ret 0
09-04 13:34:35.862  1488  1909 D VivoSensorTest: after Java_com_sensoroperate_VivoSensorOperationUtils_jniVivoSensorOperationUtilsInt type=201 arg_len=3
09-04 13:34:35.862  1488  1909 D VivoSensorOperationUtils: executeCommand 0
09-04 13:34:35.862  1488  1909 D VivoProxCaliService: Get als_data _end:723.9551
09-04 13:34:35.904  2497  2991 D _V_Settings/BW: ReadCodeTask:mStringNotifyCode: 0
09-04 13:34:35.904  2497  2991 D _V_Settings/BW: ReadCodeTask:mNotifyCode: 0
09-04 13:34:36.397   718   718 I SurfaceFlinger: FPS(Built-in Screen): 26
09-04 13:34:36.774  1060  1060 E wificond: vivo add tx_good 209567 tx_bad 0 rx_good 2169996 tx_retry 10200
09-04 13:34:36.775  1488  1856 D WificondControl: vivo add pollResult txgood 209567 txbad 0 rxgood 2169996 txretry 10200
09-04 13:34:36.775  1488  1856 D VivoWifiRssiMap: setFirstFetchRssi, mFirstFetchRssi:-49, rssi:-53
09-04 13:34:36.775  1488  1856 D VivoWifiRssiMap: setWifiRssi, rssi:-53
09-04 13:34:36.955   935  1058 E ThermalEngine: vivo_thermal_parameter_config :VivoThermal:read type:1  buf: 1
09-04 13:34:36.955   935  1058 E ThermalEngine:  
09-04 13:34:37.430   718   718 I SurfaceFlinger: FPS(Built-in Screen): 26
09-04 13:34:38.481   718   718 I SurfaceFlinger: FPS(Built-in Screen): 26
09-04 13:34:38.633 12824 12914 D DataFormatter: Normal bytes 673745
09-04 13:34:39.513   718   718 I SurfaceFlinger: FPS(Built-in Screen): 25
09-04 13:34:39.759  2741  5336 I RMS-Reclaim: available=1793332KB, current watermark=716800KB, last watermark=716800KB, current stopline=800, last stopline=1000
09-04 13:34:39.760  2741  5336 I RMS-Reclaim: Reclaiming took : 1ms
09-04 13:34:39.789  1060  1060 E wificond: vivo add tx_good 210987 tx_bad 0 rx_good 2171423 tx_retry 10259
09-04 13:34:39.790  1488  1856 D WificondControl: vivo add pollResult txgood 210987 txbad 0 rxgood 2171423 txretry 10259
09-04 13:34:39.790  1488  1856 D VivoWifiRssiMap: setFirstFetchRssi, mFirstFetchRssi:-49, rssi:-53
09-04 13:34:39.790  1488  1856 D VivoWifiRssiMap: setWifiRssi, rssi:-53
09-04 13:34:39.956   935  1058 E ThermalEngine: vivo_thermal_parameter_config :VivoThermal:read type:1  buf: 1
09-04 13:34:39.956   935  1058 E ThermalEngine:  
09-04 13:34:40.563   718   718 I SurfaceFlinger: FPS(Built-in Screen): 25
09-04 13:34:41.000  1488  1504 I system_server: Background concurrent copying GC freed 188194(18MB) AllocSpace objects, 82(2MB) LOS objects, 42% free, 29MB/50MB, paused 513us total 215.303ms
09-04 13:34:41.564   718   718 I SurfaceFlinger: FPS(Built-in Screen): 25
09-04 13:34:41.649 12824 12914 D DataFormatter: Normal bytes 575172
09-04 13:34:42.598   718   718 I SurfaceFlinger: FPS(Built-in Screen): 26
09-04 13:34:42.811  1060  1060 E wificond: vivo add tx_good 212069 tx_bad 0 rx_good 2172505 tx_retry 10286
09-04 13:34:42.812  1488  1856 D WificondControl: vivo add pollResult txgood 212069 txbad 0 rxgood 2172505 txretry 10286
09-04 13:34:42.812  1488  1856 D VivoWifiRssiMap: setFirstFetchRssi, mFirstFetchRssi:-49, rssi:-53
09-04 13:34:42.812  1488  1856 D VivoWifiRssiMap: setWifiRssi, rssi:-53
09-04 13:34:42.957   935  1058 E ThermalEngine: vivo_thermal_parameter_config :VivoThermal:read type:1  buf: 1
09-04 13:34:42.957   935  1058 E ThermalEngine:  
09-04 13:34:43.647   718   718 I SurfaceFlinger: FPS(Built-in Screen): 26
09-04 13:34:43.905  2497  2991 D _V_Settings/BW: ReadCodeTask:mStringNotifyCode: 0
09-04 13:34:43.906  2497  2991 D _V_Settings/BW: ReadCodeTask:mNotifyCode: 0
09-04 13:34:44.648   718   718 I SurfaceFlinger: FPS(Built-in Screen): 25
09-04 13:34:44.662 12824 12914 D DataFormatter: Normal bytes 609665
09-04 13:34:44.763  2741  5336 I RMS-Reclaim: available=1802436KB, current watermark=716800KB, last watermark=716800KB, current stopline=800, last stopline=1000
09-04 13:34:44.763  2741  5336 I RMS-Reclaim: Reclaiming took : 1ms
09-04 13:34:45.681   718   718 I SurfaceFlinger: FPS(Built-in Screen): 25
09-04 13:34:45.832  1060  1060 E wificond: vivo add tx_good 213222 tx_bad 0 rx_good 2173669 tx_retry 10318
09-04 13:34:45.835  1488  1856 D WificondControl: vivo add pollResult txgood 213222 txbad 0 rxgood 2173669 txretry 10318
09-04 13:34:45.836  1488  1856 D VivoWifiRssiMap: setFirstFetchRssi, mFirstFetchRssi:-49, rssi:-54
09-04 13:34:45.836  1488  1856 D VivoWifiRssiMap: setWifiRssi, rssi:-54
09-04 13:34:45.958   935  1058 E ThermalEngine: vivo_thermal_parameter_config :VivoThermal:read type:1  buf: 1
09-04 13:34:45.958   935  1058 E ThermalEngine:  
09-04 13:34:46.731   718   718 I SurfaceFlinger: FPS(Built-in Screen): 25
09-04 13:34:47.670 12824 12914 D DataFormatter: Normal bytes 665235
09-04 13:34:47.764   718   718 I SurfaceFlinger: FPS(Built-in Screen): 25
09-04 13:34:48.855  1060  1060 E wificond: vivo add tx_good 214467 tx_bad 0 rx_good 2174919 tx_retry 10345
09-04 13:34:48.765   718   718 I SurfaceFlinger: FPS(Built-in Screen): 25
09-04 13:34:48.857  1488  1856 D WificondControl: vivo add pollResult txgood 214467 txbad 0 rxgood 2174919 txretry 10345
09-04 13:34:48.857  1488  1856 D VivoWifiRssiMap: setFirstFetchRssi, mFirstFetchRssi:-49, rssi:-52
09-04 13:34:48.857  1488  1856 D VivoWifiRssiMap: setWifiRssi, rssi:-52
09-04 13:34:48.959   935  1058 E ThermalEngine: vivo_thermal_parameter_config :VivoThermal:read type:1  buf: 1
09-04 13:34:48.959   935  1058 E ThermalEngine:  
09-04 13:34:49.769  2741  5336 I RMS-Reclaim: available=1800280KB, current watermark=716800KB, last watermark=716800KB, current stopline=800, last stopline=1000
09-04 13:34:49.769  2741  5336 I RMS-Reclaim: Reclaiming took : 1ms
09-04 13:34:49.815   718   718 I SurfaceFlinger: FPS(Built-in Screen): 25
09-04 13:34:50.681 12824 12914 D DataFormatter: Normal bytes 553487
09-04 13:34:50.847   718   718 I SurfaceFlinger: FPS(Built-in Screen): 25
09-04 13:34:50.865  1488  1909 E VivoSensorTest: LIWEI Java_com_sensoroperate_VivoSensorOperationUtils_jniVivoSensorOperationUtilsInt
09-04 13:34:50.869  1488  1909 D VivoSensorTest: before Java_com_sensoroperate_VivoSensorOperationUtils_jniVivoSensorOperationUtilsInt type=201 arg_len=3
09-04 13:34:50.869  1488  1909 D VivoSensorTest_hidl: 59:VivoSensorTest(): VivoSensorTest start ID 0xc9 201 111 0
09-04 13:34:50.872   694   694 E VivoSensorTest: VivoSensorTest bbk_em_sensor_main: ID 0xc9 arg1 201 arg2 111 arg3 0
09-04 13:34:50.872   694   694 E VivoSensorTest: bbk_em_sensor_main: ID 0xc9 args 201 111 0
09-04 13:34:50.872   694   694 E VivoSensorTest: sensor_operation_utils sensor_als_get_raw_data
09-04 13:34:50.872   694   694 W VivoSensorTest: Waiting for service
09-04 13:34:50.872   694   694 W VivoSensorTest: Waiting complete
09-04 13:34:50.872   694   694 W VivoSensorTest: Creating client connection
09-04 13:34:50.874   694   694 W VivoSensorTest: Sending request payload len 52
09-04 13:34:50.876   694 24430 W VivoSensorTest: Received response; error 0, msg_id 32, size 32
09-04 13:34:50.876   694 24430 W VivoSensorTest: Received client ID 1574 result 0
09-04 13:34:50.876   694 24430 W VivoSensorTest: Received Indication; len 89
09-04 13:34:50.876   694 24430 W VivoSensorTest: Indication from client ID 1574
09-04 13:34:50.876   694 24430 W VivoSensorTest: Begin decoding event
09-04 13:34:50.876   694 24430 W VivoSensorTest: Received SUID Event with SUID 2a462eac2a9a1071 4795ecea145f6a96
09-04 13:34:50.876   694 24430 W VivoSensorTest: vivo_signal_response
09-04 13:34:50.876   694 24430 W VivoSensorTest: Received SUID Event with data type 'ambient_light'
09-04 13:34:50.876   694 24430 W VivoSensorTest: Event decoding complete
09-04 13:34:50.876   694 24430 I VivoSensorTest: Indication processing completed
09-04 13:34:50.877   694   694 V VivoSensorTest: send_enable_req
09-04 13:34:50.877   694   694 W VivoSensorTest: Sending request payload len 40
09-04 13:34:50.877   694   694 I VivoSensorTest: als raw data ignore ready time....
09-04 13:34:50.877   694   694 D VivoSensorTest: vivo_send_req command_count 0/1
09-04 13:34:50.877   694   694 W VivoSensorTest: Sending request payload len 41
09-04 13:34:50.878   694 24430 W VivoSensorTest: Received response; error 0, msg_id 32, size 32
09-04 13:34:50.878   694 24430 W VivoSensorTest: Received client ID 1574 result 0
09-04 13:34:50.878   694 24430 W VivoSensorTest: Received response; error 0, msg_id 32, size 32
09-04 13:34:50.878   694 24430 W VivoSensorTest: Received client ID 1574 result 0
09-04 13:34:50.879   694 24430 W VivoSensorTest: Received Indication; len 80
09-04 13:34:50.879   694 24430 W VivoSensorTest: Indication from client ID 1574
09-04 13:34:50.879   694 24430 W VivoSensorTest: Begin decoding event
09-04 13:34:50.879   694 24430 V VivoSensorTest: Begin decoding sensor event 768
09-04 13:34:50.879   694 24430 E VivoSensorTest: SNS_STD_SENSOR_MSGID_SNS_STD_SENSOR_EVENT: Error decoding event: missing required field
09-04 13:34:50.879   694 24430 E VivoSensorTest: Error decoding Event: callback failed
09-04 13:34:50.879   694 24430 W VivoSensorTest: Event decoding complete
09-04 13:34:50.879   694 24430 E VivoSensorTest: Error decoding event list: callback failed
09-04 13:34:50.879   694 24430 I VivoSensorTest: Indication processing completed
09-04 13:34:50.880   694 24430 W VivoSensorTest: Received Indication; len 86
09-04 13:34:50.880   694 24430 W VivoSensorTest: Indication from client ID 1574
09-04 13:34:50.880   694 24430 W VivoSensorTest: Begin decoding event
09-04 13:34:50.880   694 24430 V VivoSensorTest: Begin decoding sensor event 1023
09-04 13:34:50.880   694 24430 W VivoSensorTest: vivo_signal_response
09-04 13:34:50.880   694 24430 E VivoSensorTest: VIVO_MSGID_SNS_SENSOR_GET_DATA_EVENT: received/total 1/1
09-04 13:34:50.880   694 24430 I VivoSensorTest: als_rawdata_callback lux is 731.574463 2158.000000 2206.000000 2165.000000 92.000000
09-04 13:34:50.880   694 24430 V VivoSensorTest: Done decoding sensor event
09-04 13:34:50.880   694 24430 W VivoSensorTest: Event decoding complete
09-04 13:34:50.880   694 24430 I VivoSensorTest: Indication processing completed
09-04 13:34:50.880   694   694 W VivoSensorTest: Sensors  data test completed - Exiting ret =1
09-04 13:34:50.881  1488  1909 D VivoSensorTest_hidl: 100:VivoSensorTest(): VivoSensorTest end ID 201 ret 0
09-04 13:34:50.881  1488  1909 D VivoSensorTest: after Java_com_sensoroperate_VivoSensorOperationUtils_jniVivoSensorOperationUtilsInt type=201 arg_len=3
09-04 13:34:50.881  1488  1909 D VivoSensorOperationUtils: executeCommand 0
09-04 13:34:50.881  1488  1909 D VivoProxCaliService: Get als_data _end:731.57446
09-04 13:34:51.868   718   718 I SurfaceFlinger: FPS(Built-in Screen): 26
09-04 13:34:51.886  1060  1060 E wificond: vivo add tx_good 215303 tx_bad 0 rx_good 2175758 tx_retry 10405
09-04 13:34:51.886  1488  1856 D WificondControl: vivo add pollResult txgood 215303 txbad 0 rxgood 2175758 txretry 10405
09-04 13:34:51.887  1488  1856 D VivoWifiRssiMap: setFirstFetchRssi, mFirstFetchRssi:-49, rssi:-54
09-04 13:34:51.887  1488  1856 D VivoWifiRssiMap: setWifiRssi, rssi:-54
09-04 13:34:51.904  2497  2991 D _V_Settings/BW: ReadCodeTask:mStringNotifyCode: 0
09-04 13:34:51.904  2497  2991 D _V_Settings/BW: ReadCodeTask:mNotifyCode: 0
09-04 13:34:51.960   935  1058 E ThermalEngine: vivo_thermal_parameter_config :VivoThermal:read type:1  buf: 1
09-04 13:34:51.960   935  1058 E ThermalEngine:  
09-04 13:34:52.883   718   718 I SurfaceFlinger: FPS(Built-in Screen): 25
09-04 13:34:53.692 12824 12914 D DataFormatter: Normal bytes 416528
09-04 13:34:53.898   718   718 I SurfaceFlinger: FPS(Built-in Screen): 26
09-04 13:34:54.087 21437 21437 D EventLogger: downstreamFormatChanged [49.49, 47.47, window=0, period=0, id=4, mimeType=video/avc, bitrate=18320008, codecs=avc1.64002a, res=1920x856, fps=24.0]
09-04 13:34:54.091 21437 21437 D EventLogger: decoderInputFormatChanged [49.50, 47.47, window=0, period=0, video, id=4, mimeType=video/avc, bitrate=18320008, codecs=avc1.64002a, res=1920x856, fps=24.0]
09-04 13:34:54.216  1061  9507 E OMX-VDEC-1080P: Does not handle dataspace request
09-04 13:34:54.216  1061  9507 E OMXNodeInstance: getConfig(0xeb6d5d84:qcom.decoder.avc.secure, ??(0x7f000062)) ERROR: UnsupportedSetting(0x80001019)
09-04 13:34:54.605  1061  2419 E OMX-VDEC-1080P: Extension: OMX.google.android.index.AndroidNativeBufferConsumerUsage not implemented
09-04 13:34:54.606 21437 24378 D SurfaceUtils: disconnecting from surface 0x7c92ef0010, reason setNativeWindowSizeFormatAndUsage
09-04 13:34:54.607 21437 24378 D SurfaceUtils: connecting to surface 0x7c92ef0010, reason setNativeWindowSizeFormatAndUsage
09-04 13:34:54.608   718   794 E         : IProducerListener: malformed binder reply
09-04 13:34:54.609 21437 24378 D SurfaceUtils: set up nativeWindow 0x7c92ef0010 for 1920x864, color 0x7fa30c06, rotation 0, usage 0x20006900
09-04 13:34:54.684  1061  9035 E OMX-VDEC-1080P: Does not handle dataspace request
09-04 13:34:54.684  1061  9035 E OMXNodeInstance: getConfig(0xeb6d5d84:qcom.decoder.avc.secure, ??(0x7f000062)) ERROR: UnsupportedSetting(0x80001019)
09-04 13:34:54.731   718   718 I ConfigStore: android::hardware::configstore::V1_0::ISurfaceFlingerConfigs::hasHDRDisplay retrieved: 0
09-04 13:34:54.731   718   718 I chatty  : uid=1000(system) /system/bin/surfaceflinger identical 1 line
09-04 13:34:54.732   718   718 I ConfigStore: android::hardware::configstore::V1_0::ISurfaceFlingerConfigs::hasHDRDisplay retrieved: 0
09-04 13:34:54.772  2741  5336 I RMS-Reclaim: available=1763104KB, current watermark=716800KB, last watermark=716800KB, current stopline=800, last stopline=1000
09-04 13:34:54.772  2741  5336 I RMS-Reclaim: Reclaiming took : 1ms
09-04 13:34:54.804 21437 21437 D EventLogger: videoSizeChanged [50.21, 48.19, window=0, period=0, 1920, 856]
09-04 13:34:54.821   718   718 I ConfigStore: android::hardware::configstore::V1_0::ISurfaceFlingerConfigs::hasHDRDisplay retrieved: 0
09-04 13:34:54.821   718   718 I chatty  : uid=1000(system) /system/bin/surfaceflinger identical 1 line
09-04 13:34:54.822   718   718 I ConfigStore: android::hardware::configstore::V1_0::ISurfaceFlingerConfigs::hasHDRDisplay retrieved: 0
09-04 13:34:54.903   718   718 I SurfaceFlinger: FPS(Built-in Screen): 23
09-04 13:34:54.907  1060  1060 E wificond: vivo add tx_good 216432 tx_bad 0 rx_good 2176892 tx_retry 10449
09-04 13:34:54.908  1488  1856 D WificondControl: vivo add pollResult txgood 216432 txbad 0 rxgood 2176892 txretry 10449
09-04 13:34:54.909  1488  1856 D VivoWifiRssiMap: setFirstFetchRssi, mFirstFetchRssi:-49, rssi:-53
09-04 13:34:54.909  1488  1856 D VivoWifiRssiMap: setWifiRssi, rssi:-53
09-04 13:34:54.961   935  1058 E ThermalEngine: vivo_thermal_parameter_config :VivoThermal:read type:1  buf: 1
09-04 13:34:54.961   935  1058 E ThermalEngine:  
09-04 13:34:55.933   718   718 I SurfaceFlinger: FPS(Built-in Screen): 25
09-04 13:34:56.706 12824 12914 D DataFormatter: Normal bytes 504038
09-04 13:34:56.981   718   718 I SurfaceFlinger: FPS(Built-in Screen): 25
09-04 13:34:57.568  1488  1849 D NetdConnector: RCV <- {601 limit alert globalAlert wlan0}
09-04 13:34:57.579  1488  1851 D NtpTrustedTime: currentTimeMillis() cache hit
09-04 13:34:57.586  1033  2821 E Netd    : tether checkPermission, pid:1488 uid:1000 
09-04 13:34:57.628  1488  1851 D NtpTrustedTime: currentTimeMillis() cache hit
09-04 13:34:57.633  1488  1851 D NetdConnector: SND -> {472 bandwidth setglobalalert 20971520}
09-04 13:34:57.634  1488  1849 D NetdConnector: RCV <- {200 472 Bandwidth command succeeeded}
09-04 13:34:57.635  1488  1851 D NetdConnector: RMV <- {200 472 Bandwidth command succeeeded}
09-04 13:34:57.924  1060  1060 E wificond: vivo add tx_good 217503 tx_bad 0 rx_good 2177966 tx_retry 10470
09-04 13:34:57.629  1488  1851 D NtpTrustedTime: currentTimeMillis() cache hit
09-04 13:34:57.925  1488  1856 D WificondControl: vivo add pollResult txgood 217503 txbad 0 rxgood 2177966 txretry 10470
09-04 13:34:57.925  1488  1856 D VivoWifiRssiMap: setFirstFetchRssi, mFirstFetchRssi:-49, rssi:-53
09-04 13:34:57.925  1488  1856 D VivoWifiRssiMap: setWifiRssi, rssi:-53
09-04 13:34:57.961   935  1058 E ThermalEngine: vivo_thermal_parameter_config :VivoThermal:read type:1  buf: 1
09-04 13:34:57.961   935  1058 E ThermalEngine:  
09-04 13:34:58.014   718   718 I SurfaceFlinger: FPS(Built-in Screen): 26
09-04 13:34:59.015   718   718 I SurfaceFlinger: FPS(Built-in Screen): 25
09-04 13:34:59.712 12824 12914 D DataFormatter: Normal bytes 686802
09-04 13:34:59.774  2741  5336 I RMS-Reclaim: available=1757228KB, current watermark=716800KB, last watermark=716800KB, current stopline=800, last stopline=1000
09-04 13:34:59.774  2741  5336 I RMS-Reclaim: Reclaiming took : 1ms
09-04 13:34:59.904  2497  2991 D _V_Settings/BW: ReadCodeTask:mStringNotifyCode: 0
09-04 13:34:59.904  2497  2991 D _V_Settings/BW: ReadCodeTask:mNotifyCode: 0
09-04 13:35:00.000  1488  1826 V AlarmAlign: mAlarmBatches = 59, triggerList = 1
09-04 13:35:00.004  1488  1826 V AlarmAlign: setLocked to kernel, type = 2, when = 68012173, curTime = 67905963
09-04 13:35:00.004  1488  1826 V AlarmAlign: setLocked to kernel, type = 3, when = 67980000, curTime = 67905963
09-04 13:35:00.007  1488  1488 V AlarmAlign: setLocked to kernel, type = 2, when = 68012173, curTime = 67905966
09-04 13:35:00.007  1488  1488 V AlarmAlign: setLocked to kernel, type = 3, when = 67965959, curTime = 67905966
09-04 13:35:00.015  2094  2094 D KeyguardUpdateMonitor: handleTimeUpdate
09-04 13:35:00.018  2094  2094 I _V_VivoStatusBarHeaderClock: newTime= 13:35, mIs24HourFormat= true, am_pm= 
09-04 13:35:00.065  2069  2069 D SilentRebootService: memleakreboot = false, waitformidnight = false, monitorbrightness = false
09-04 13:35:00.066   718   718 I SurfaceFlinger: FPS(Built-in Screen): 25
09-04 13:35:00.096 31623 31651 E BitmapFactory: Unable to decode stream: java.io.FileNotFoundException: /oem/etc/theme/icons/dynamic_icon/com.android.BBKClock/res/drawable-sw360dp-xxhdpi/clock_hour.png (No such file or directory)
09-04 13:35:00.097 31623 31651 E BitmapFactory: Unable to decode stream: java.io.FileNotFoundException: /oem/etc/theme/icons/dynamic_icon/com.android.BBKClock/res/drawable-sw360dp-xxhdpi/clock_minute.png (No such file or directory)
09-04 13:35:00.098 31623 31651 E BitmapFactory: Unable to decode stream: java.io.FileNotFoundException: /oem/etc/theme/icons/dynamic_icon/com.android.BBKClock/res/drawable-sw360dp-xxhdpi/clock_dial.png (No such file or directory)
09-04 13:35:00.101 31623 31651 E BitmapFactory: Unable to decode stream: java.io.FileNotFoundException: /oem/etc/theme/icons/dynamic_icon/com.android.BBKClock/res/drawable-sw360dp-xxhdpi/clock_dial_center.png (No such file or directory)
09-04 13:35:00.104 31623 31651 E _V_Launcher.IconProcess: reDrawIconBySystem
09-04 13:35:00.944  1060  1060 E wificond: vivo add tx_good 218842 tx_bad 0 rx_good 2179311 tx_retry 10508
09-04 13:35:00.945  1488  1856 D WificondControl: vivo add pollResult txgood 218842 txbad 0 rxgood 2179311 txretry 10508
09-04 13:35:00.945  1488  1856 D VivoWifiRssiMap: setFirstFetchRssi, mFirstFetchRssi:-49, rssi:-53
09-04 13:35:00.945  1488  1856 D VivoWifiRssiMap: setWifiRssi, rssi:-53
09-04 13:35:00.962   935  1058 E ThermalEngine: vivo_thermal_parameter_config :VivoThermal:read type:1  buf: 1
09-04 13:35:00.962   935  1058 E ThermalEngine:  
09-04 13:35:01.098   718   718 I SurfaceFlinger: FPS(Built-in Screen): 25
09-04 13:35:01.383 13087 13905 I Icing   : Indexing com.google.android.gm-internal.3p:EmailMessage from com.google.android.gm
09-04 13:35:01.441 13087 13905 I Icing   : Indexing done com.google.android.gm-internal.3p:EmailMessage
09-04 13:35:01.688 13087 13103 I gle.android.gm: Background concurrent copying GC freed 65620(3MB) AllocSpace objects, 42(1096KB) LOS objects, 50% free, 5MB/10MB, paused 246us total 250.857ms
09-04 13:35:02.148   718   718 I SurfaceFlinger: FPS(Built-in Screen): 26
09-04 13:35:02.723 12824 12914 D DataFormatter: Normal bytes 610399
09-04 13:35:03.182   718   718 I SurfaceFlinger: FPS(Built-in Screen): 26
09-04 13:35:03.959  1060  1060 E wificond: vivo add tx_good 220095 tx_bad 0 rx_good 2180565 tx_retry 10532
09-04 13:35:03.961  1488  1856 D WificondControl: vivo add pollResult txgood 220095 txbad 0 rxgood 2180565 txretry 10532
09-04 13:35:03.961  1488  1856 D VivoWifiRssiMap: setFirstFetchRssi, mFirstFetchRssi:-49, rssi:-53
09-04 13:35:03.961  1488  1856 D VivoWifiRssiMap: setWifiRssi, rssi:-53
09-04 13:35:03.963   935  1058 E ThermalEngine: vivo_thermal_parameter_config :VivoThermal:read type:1  buf: 1
09-04 13:35:03.963   935  1058 E ThermalEngine:  
09-04 13:35:04.230   718   718 I SurfaceFlinger: FPS(Built-in Screen): 26
09-04 13:35:04.779  2741  5336 I RMS-Reclaim: available=1744120KB, current watermark=716800KB, last watermark=716800KB, current stopline=800, last stopline=1000
09-04 13:35:04.779  2741  5336 I RMS-Reclaim: Reclaiming took : 1ms
09-04 13:35:04.896   713   898 V AudioFlinger: pause(0), calling pid 21437
09-04 13:35:04.897 21437 21437 D EventLogger: droppedFrames [60.31, 58.24, window=0, period=0, 2]
09-04 13:35:04.897   713   898 V AudioFlinger: ACTIVE/RESUMING => PAUSING (0) on thread 0xe7003880
09-04 13:35:04.897   713   898 D AudioFlinger: pause wait +
09-04 13:35:04.906   713   943 D AudioFlinger: pause signal - [OK] on thread
09-04 13:35:04.908   713   943 D AudioFlinger: pause signal - released 
09-04 13:35:04.908   713   898 D AudioFlinger: pause wait -
09-04 13:35:04.909 21437 24362 V PlayerBase: basePause() piid=1583
09-04 13:35:04.912 21437 21437 D EventLogger: state [60.32, 58.28, window=0, period=0, true, BUFFERING]
09-04 13:35:04.919  1488  1488 D MediaRouterService: onAudioPlayerActiveStateChanged: uid=10246, active=false, delaying
09-04 13:35:04.925   713   943 V AudioFlinger: presentationComplete() mPresentationCompleteFrames 0 framesWritten 2805120
09-04 13:35:04.925   713   943 V AudioFlinger: presentationComplete() reset: mPresentationCompleteFrames 2808960 audioHalFrames 3840
09-04 13:35:04.936   713   943 V AudioFlinger: presentationComplete() mPresentationCompleteFrames 2808960 framesWritten 2805120
09-04 13:35:04.949   713   943 V AudioFlinger: presentationComplete() mPresentationCompleteFrames 2808960 framesWritten 2806080
09-04 13:35:04.960   713   943 V AudioFlinger: presentationComplete() mPresentationCompleteFrames 2808960 framesWritten 2806080
09-04 13:35:04.965   713   943 V AudioFlinger: presentationComplete() mPresentationCompleteFrames 2808960 framesWritten 2807040
09-04 13:35:04.976   713   943 V AudioFlinger: presentationComplete() mPresentationCompleteFrames 2808960 framesWritten 2807040
09-04 13:35:04.985   713   943 V AudioFlinger: presentationComplete() mPresentationCompleteFrames 2808960 framesWritten 2808000
09-04 13:35:04.997   713   943 V AudioFlinger: presentationComplete() mPresentationCompleteFrames 2808960 framesWritten 2808000
09-04 13:35:05.005   713   943 V AudioFlinger: presentationComplete() mPresentationCompleteFrames 2808960 framesWritten 2808960
09-04 13:35:05.016   713   943 V AudioFlinger: presentationComplete() mPresentationCompleteFrames 2808960 framesWritten 2808960
09-04 13:35:05.025   713   943 V AudioFlinger: presentationComplete() mPresentationCompleteFrames 2808960 framesWritten 2809920
09-04 13:35:05.031   718   718 I ConfigStore: android::hardware::configstore::V1_0::ISurfaceFlingerConfigs::hasHDRDisplay retrieved: 0
09-04 13:35:05.032   718   718 I chatty  : uid=1000(system) /system/bin/surfaceflinger identical 1 line
09-04 13:35:05.032   718   718 I ConfigStore: android::hardware::configstore::V1_0::ISurfaceFlingerConfigs::hasHDRDisplay retrieved: 0
09-04 13:35:05.036   713   943 V AudioFlinger: presentationComplete() mPresentationCompleteFrames 2808960 framesWritten 2809920
09-04 13:35:05.045   713   943 V AudioFlinger: presentationComplete() mPresentationCompleteFrames 2808960 framesWritten 2810880
09-04 13:35:05.045   713   943 D BufferProvider: setBufferProvider(0x0): mTrackBufferProvider:0xe5d93000  mBuffer.frameCount:0
09-04 13:35:05.045   713   943 V AudioFlinger: removeTracks_l(0): removing track on session 1745
09-04 13:35:05.035   713   713 W ApmOutput: type=1400 audit(0.0:28153): avc: denied { search } for name="bbkcore" dev="dm-3" ino=2228225 scontext=u:r:audioserver:s0 tcontext=u:object_r:vivo_data_file:s0 tclass=dir permissive=0
09-04 13:35:05.045   713   943 D AudioFlinger: stopOutput_POM , POM_id:21437
09-04 13:35:05.045   713   943 V AudioPolicyService: AudioCommandThread() adding stop output 13
09-04 13:35:05.046   713   943 V AudioPolicyService: inserting command: 6 at index 0, num commands 0
09-04 13:35:05.046   713   943 D AudioFlinger: updateWakeLockUids_l AudioOut_D uids:
09-04 13:35:05.046   713   896 V AudioPolicyService: AudioCommandThread() processing stop output 13
09-04 13:35:05.046   713   896 D AudioPolicyManagerCustom: stopOutput_POM, output:13, stream:3, session:1745, pom_id:21437
09-04 13:35:05.046   713   896 I APM::AudioPolicyEngine: remove pom records for 21437.
09-04 13:35:05.046   713   943 V AudioFlinger: updateWakeLockUids_l() AudioOut_D status 0
09-04 13:35:05.046   713   896 I APM::AudioPolicyEngine: ###### POM Stack0:  0 0 1
09-04 13:35:05.046   713   896 V APM_AudioPolicyManager: stopOutput() output 13, stream 3, session 1745
09-04 13:35:05.046   713   896 D AudioPolicyManagerCustom: stopOutput isCallPOMStateChange :0, refCount:1
09-04 13:35:05.046   713   896 V APM_AudioPolicyManager: getNewOutputDevice() selected device 0
09-04 13:35:05.046   713   896 V APM_AudioPolicyManager: setOutputDevice() device 0000 delayMs 160
09-04 13:35:05.046   713   896 V APM_AudioPolicyManager: setOutputDevice() prevDevice 0x0002
09-04 13:35:05.046   713   896 V APM::AudioPolicyEngine: getDeviceForStrategy() strategy 0, device 2
09-04 13:35:05.046   713   896 V APM::AudioPolicyEngine: getDeviceForStrategy() strategy 1, device 1
09-04 13:35:05.046   713   896 V APM::AudioPolicyEngine: getDeviceForStrategy() strategy 2, device 2
09-04 13:35:05.046   713   896 V APM::AudioPolicyEngine: getDeviceForStrategy() strategy 0, device 2
09-04 13:35:05.046   713   896 V APM::AudioPolicyEngine: getDeviceForStrategy() strategy 3, device 2
09-04 13:35:05.046   713   896 V APM::AudioPolicyEngine: getDeviceForStrategy() strategy 0, device 2
09-04 13:35:05.046   713   896 V APM::AudioPolicyEngine: getDeviceForStrategy() strategy 4, device 2
09-04 13:35:05.046   713   896 V APM::AudioPolicyEngine: getDeviceForStrategy() strategy 5, device 2
09-04 13:35:05.046   713   896 V APM::AudioPolicyEngine: getDeviceForStrategy() strategy 6, device 2
09-04 13:35:05.046   713   896 V APM::AudioPolicyEngine: getDeviceForStrategy() strategy 7, device 2
09-04 13:35:05.047   713   896 V APM::AudioPolicyEngine: getDeviceForStrategy() strategy 8, device 2
09-04 13:35:05.047   713   896 V APM::AudioPolicyEngine: getDeviceForStrategy() strategy 9, device 2
09-04 13:35:05.047   713   896 V APM_AudioPolicyManager: setOutputDevice() setting same device 0x0000 or null device
09-04 13:35:05.047   713   896 V APM::AudioPolicyEngine: getDeviceForStrategy() strategy 0, device 2
09-04 13:35:05.047   713   896 V APM::AudioPolicyEngine: getDeviceForStrategy() strategy 3, device 2
09-04 13:35:05.047   713   896 V AudioPolicyManagerCustom: checkOutputForStrategy(): policy related outputs
09-04 13:35:05.047   713   896 V APM::AudioPolicyEngine: getDeviceForStrategy() strategy 0, device 2
09-04 13:35:05.047   713   896 V APM::AudioPolicyEngine: getDeviceForStrategy() strategy 1, device 1
09-04 13:35:05.047   713   896 V APM::AudioPolicyEngine: getDeviceForStrategy() strategy 2, device 2
09-04 13:35:05.047   713   896 V APM::AudioPolicyEngine: getDeviceForStrategy() strategy 0, device 2
09-04 13:35:05.047   713   896 V APM::AudioPolicyEngine: getDeviceForStrategy() strategy 3, device 2
09-04 13:35:05.047   713   896 V APM::AudioPolicyEngine: getDeviceForStrategy() strategy 0, device 2
09-04 13:35:05.047   713   896 V APM::AudioPolicyEngine: getDeviceForStrategy() strategy 4, device 2
09-04 13:35:05.047   713   896 V APM::AudioPolicyEngine: getDeviceForStrategy() strategy 5, device 2
09-04 13:35:05.047   713   896 V APM::AudioPolicyEngine: getDeviceForStrategy() strategy 6, device 2
09-04 13:35:05.047   713   896 V APM::AudioPolicyEngine: getDeviceForStrategy() strategy 7, device 2
09-04 13:35:05.047   713   896 V APM::AudioPolicyEngine: getDeviceForStrategy() strategy 8, device 2
09-04 13:35:05.047   713   896 V APM::AudioPolicyEngine: getDeviceForStrategy() strategy 9, device 2
09-04 13:35:05.047   713   896 V APM::AudioPolicyEngine: getDeviceForStrategy() strategy 0, device 2
09-04 13:35:05.047   713   896 V APM_AudioPolicyManager: selectOutputForMusicEffects selected output 13
09-04 13:35:05.048   713   896 D AudioPolicyIntefaceImpl: doStopOutput_POM oldPhoneState:0,currentPhoneState:0
09-04 13:35:05.048   713   896 V AudioPolicyService: AudioCommandThread() going to sleep
09-04 13:35:05.300   718   718 I SurfaceFlinger: FPS(Built-in Screen): 21
09-04 13:35:05.730 12824 12914 D DataFormatter: Normal bytes 721871
09-04 13:35:05.888  1488  1909 E VivoSensorTest: LIWEI Java_com_sensoroperate_VivoSensorOperationUtils_jniVivoSensorOperationUtilsInt
09-04 13:35:05.889  1488  1909 D VivoSensorTest: before Java_com_sensoroperate_VivoSensorOperationUtils_jniVivoSensorOperationUtilsInt type=201 arg_len=3
09-04 13:35:05.889  1488  1909 D VivoSensorTest_hidl: 59:VivoSensorTest(): VivoSensorTest start ID 0xc9 201 111 0
09-04 13:35:05.892   694   694 E VivoSensorTest: VivoSensorTest bbk_em_sensor_main: ID 0xc9 arg1 201 arg2 111 arg3 0
09-04 13:35:05.892   694   694 E VivoSensorTest: bbk_em_sensor_main: ID 0xc9 args 201 111 0
09-04 13:35:05.892   694   694 E VivoSensorTest: sensor_operation_utils sensor_als_get_raw_data
09-04 13:35:05.892   694   694 W VivoSensorTest: Waiting for service
09-04 13:35:05.892   694   694 W VivoSensorTest: Waiting complete
09-04 13:35:05.892   694   694 W VivoSensorTest: Creating client connection
09-04 13:35:05.893   694   694 W VivoSensorTest: Sending request payload len 52
09-04 13:35:05.894   694 24441 W VivoSensorTest: Received response; error 0, msg_id 32, size 32
09-04 13:35:05.894   694 24441 W VivoSensorTest: Received client ID 1575 result 0
09-04 13:35:05.895   694 24441 W VivoSensorTest: Received Indication; len 89
09-04 13:35:05.895   694 24441 W VivoSensorTest: Indication from client ID 1575
09-04 13:35:05.895   694 24441 W VivoSensorTest: Begin decoding event
09-04 13:35:05.895   694 24441 W VivoSensorTest: Received SUID Event with SUID 2a462eac2a9a1071 4795ecea145f6a96
09-04 13:35:05.895   694 24441 W VivoSensorTest: vivo_signal_response
09-04 13:35:05.895   694 24441 W VivoSensorTest: Received SUID Event with data type 'ambient_light'
09-04 13:35:05.895   694 24441 W VivoSensorTest: Event decoding complete
09-04 13:35:05.895   694 24441 I VivoSensorTest: Indication processing completed
09-04 13:35:05.895   694   694 V VivoSensorTest: send_enable_req
09-04 13:35:05.895   694   694 W VivoSensorTest: Sending request payload len 40
09-04 13:35:05.895   694   694 I VivoSensorTest: als raw data ignore ready time....
09-04 13:35:05.895   694   694 D VivoSensorTest: vivo_send_req command_count 0/1
09-04 13:35:05.895   694   694 W VivoSensorTest: Sending request payload len 41
09-04 13:35:05.897   694 24441 W VivoSensorTest: Received response; error 0, msg_id 32, size 32
09-04 13:35:05.897   694 24441 W VivoSensorTest: Received client ID 1575 result 0
09-04 13:35:05.898   694 24441 W VivoSensorTest: Received response; error 0, msg_id 32, size 32
09-04 13:35:05.898   694 24441 W VivoSensorTest: Received client ID 1575 result 0
09-04 13:35:05.898   694 24441 W VivoSensorTest: Received Indication; len 80
09-04 13:35:05.898   694 24441 W VivoSensorTest: Indication from client ID 1575
09-04 13:35:05.898   694 24441 W VivoSensorTest: Begin decoding event
09-04 13:35:05.898   694 24441 V VivoSensorTest: Begin decoding sensor event 768
09-04 13:35:05.898   694 24441 E VivoSensorTest: SNS_STD_SENSOR_MSGID_SNS_STD_SENSOR_EVENT: Error decoding event: missing required field
09-04 13:35:05.898   694 24441 E VivoSensorTest: Error decoding Event: callback failed
09-04 13:35:05.898   694 24441 W VivoSensorTest: Event decoding complete
09-04 13:35:05.898   694 24441 E VivoSensorTest: Error decoding event list: callback failed
09-04 13:35:05.898   694 24441 I VivoSensorTest: Indication processing completed
09-04 13:35:05.899   694 24441 W VivoSensorTest: Received Indication; len 86
09-04 13:35:05.899   694 24441 W VivoSensorTest: Indication from client ID 1575
09-04 13:35:05.899   694 24441 W VivoSensorTest: Begin decoding event
09-04 13:35:05.899   694 24441 V VivoSensorTest: Begin decoding sensor event 1023
09-04 13:35:05.899   694 24441 W VivoSensorTest: vivo_signal_response
09-04 13:35:05.899   694 24441 E VivoSensorTest: VIVO_MSGID_SNS_SENSOR_GET_DATA_EVENT: received/total 1/1
09-04 13:35:05.899   694 24441 I VivoSensorTest: als_rawdata_callback lux is 742.667419 2190.000000 2239.000000 2199.000000 95.000000
09-04 13:35:05.899   694 24441 V VivoSensorTest: Done decoding sensor event
09-04 13:35:05.899   694 24441 W VivoSensorTest: Event decoding complete
09-04 13:35:05.899   694 24441 I VivoSensorTest: Indication processing completed
09-04 13:35:05.900   694   694 W VivoSensorTest: Sensors  data test completed - Exiting ret =1
09-04 13:35:05.900  1488  1909 D VivoSensorTest_hidl: 100:VivoSensorTest(): VivoSensorTest end ID 201 ret 0
09-04 13:35:05.900  1488  1909 D VivoSensorTest: after Java_com_sensoroperate_VivoSensorOperationUtils_jniVivoSensorOperationUtilsInt type=201 arg_len=3
09-04 13:35:05.900  1488  1909 D VivoSensorOperationUtils: executeCommand 0
09-04 13:35:05.900  1488  1909 D VivoProxCaliService: Get als_data _end:742.6674
09-04 13:35:05.915   713   943 V AudioFlinger: Audio hardware entering standby, mixer 0xe7003880, suspend count 0
09-04 13:35:05.916   648  4526 D audio_hw_primary: out_standby: enter: stream (0xe8dc8000) usecase(0: deep-buffer-playback)
09-04 13:35:06.029   718   718 I ConfigStore: android::hardware::configstore::V1_0::ISurfaceFlingerConfigs::hasHDRDisplay retrieved: 0
09-04 13:35:06.030   718   718 I chatty  : uid=1000(system) /system/bin/surfaceflinger identical 1 line
09-04 13:35:06.030   718   718 I ConfigStore: android::hardware::configstore::V1_0::ISurfaceFlingerConfigs::hasHDRDisplay retrieved: 0
09-04 13:35:06.051   648  4526 D audio_hw_primary: disable_audio_route: enter: usecase(0)
09-04 13:35:06.051   648  4526 D audio_hw_primary: disable_audio_route: reset and update mixer path: deep-buffer-playback speaker
09-04 13:35:06.052   648  4526 D soundtrigger: audio_extn_sound_trigger_update_stream_status: uc_info->id 0 of type 0 for Event 2, with Raise=1
09-04 13:35:06.052   648  4526 I sound_trigger_platform: platform_stdev_check_and_update_concurrency: Received STREAM event, event type 2, usecase type 0
09-04 13:35:06.052   648  4526 D sound_trigger_platform: platform_stdev_check_and_update_concurrency: dedicated path 0, reset backend 1, tx 0, rx 0,concurrency session allowed
09-04 13:35:06.052   648  4526 D audio_hw_primary: disable_audio_route: exit
09-04 13:35:06.052   648  4526 D hardware_info: hw_info_append_hw_type : device_name = speaker
09-04 13:35:06.052   648  4526 D audio_hw_primary: disable_snd_device: device 2:device_name:speaker:ref_cnt:0
09-04 13:35:06.052   648  4526 D audio_hw_primary: disable_snd_device: snd_device(2: speaker)
09-04 13:35:06.052   648  4526 D msm8974_platform: platform_split_snd_device: snd_device(2) num devices(0) new_snd_devices(0)
09-04 13:35:06.054   648  4526 I soundtrigger: audio_extn_sound_trigger_update_device_status: device 0x2 of type 0 for Event 0, with Raise=0
09-04 13:35:06.054   648  4526 D audio_hw_primary: out_standby: exit
09-04 13:35:06.055   713   943 V AudioFlinger: releaseWakeLock_l() AudioOut_D
09-04 13:35:06.055   713   943 V AudioFlinger: thread 0xe7003880 type 0 TID 943 going to sleep
09-04 13:35:06.367   718   718 I SurfaceFlinger: FPS(Built-in Screen): 13
09-04 13:35:06.963   935  1058 E ThermalEngine: vivo_thermal_parameter_config :VivoThermal:read type:1  buf: 1
09-04 13:35:06.963   935  1058 E ThermalEngine:  
09-04 13:35:06.985  1060  1060 E wificond: vivo add tx_good 221328 tx_bad 0 rx_good 2181803 tx_retry 10557
09-04 13:35:06.986  1488  1856 D WificondControl: vivo add pollResult txgood 221328 txbad 0 rxgood 2181803 txretry 10557
09-04 13:35:06.986  1488  1856 D VivoWifiRssiMap: setFirstFetchRssi, mFirstFetchRssi:-49, rssi:-54
09-04 13:35:06.986  1488  1856 D VivoWifiRssiMap: setWifiRssi, rssi:-54
09-04 13:35:07.051   718   718 I ConfigStore: android::hardware::configstore::V1_0::ISurfaceFlingerConfigs::hasHDRDisplay retrieved: 0
09-04 13:35:07.052   718   718 I chatty  : uid=1000(system) /system/bin/surfaceflinger identical 1 line
09-04 13:35:07.053   718   718 I ConfigStore: android::hardware::configstore::V1_0::ISurfaceFlingerConfigs::hasHDRDisplay retrieved: 0
09-04 13:35:07.399   718   718 I SurfaceFlinger: FPS(Built-in Screen): 13
09-04 13:35:07.639 32746   358 D _V_IOInfoPolicyHandler: doTaskOnce
09-04 13:35:07.906  2497  2991 D _V_Settings/BW: ReadCodeTask:mStringNotifyCode: 0
09-04 13:35:07.906  2497  2991 D _V_Settings/BW: ReadCodeTask:mNotifyCode: 0
09-04 13:35:07.967   718   718 I ConfigStore: android::hardware::configstore::V1_0::ISurfaceFlingerConfigs::hasHDRDisplay retrieved: 0
09-04 13:35:07.969   718   718 I chatty  : uid=1000(system) /system/bin/surfaceflinger identical 1 line
09-04 13:35:07.970   718   718 I ConfigStore: android::hardware::configstore::V1_0::ISurfaceFlingerConfigs::hasHDRDisplay retrieved: 0
09-04 13:35:08.465   718   718 I SurfaceFlinger: FPS(Built-in Screen): 13
09-04 13:35:08.644 32746   358 D _V_IOInfoPolicyHandler: iowait 0.0 litter than riskThreshold 30
09-04 13:35:08.644 32746   358 D _V_IOInfoPolicyHandler: g xxx c
09-04 13:35:08.734 12824 12914 D DataFormatter: Normal bytes 505809
09-04 13:35:09.034  1044  1083 E storaged: getDiskStats failed with result NOT_SUPPORTED and size 0
09-04 13:35:09.065   718   718 I ConfigStore: android::hardware::configstore::V1_0::ISurfaceFlingerConfigs::hasHDRDisplay retrieved: 0
09-04 13:35:09.066   718   718 I chatty  : uid=1000(system) /system/bin/surfaceflinger identical 1 line
09-04 13:35:09.067   718   718 I ConfigStore: android::hardware::configstore::V1_0::ISurfaceFlingerConfigs::hasHDRDisplay retrieved: 0
09-04 13:35:09.482   718   718 I SurfaceFlinger: FPS(Built-in Screen): 13
09-04 13:35:09.786  2741  5336 I RMS-Reclaim: available=1766304KB, current watermark=716800KB, last watermark=716800KB, current stopline=800, last stopline=1000
09-04 13:35:09.786  2741  5336 I RMS-Reclaim: Reclaiming took : 1ms
09-04 13:35:09.964   935  1058 E ThermalEngine: vivo_thermal_parameter_config :VivoThermal:read type:1  buf: 1
09-04 13:35:09.964   935  1058 E ThermalEngine:  
09-04 13:35:09.983   718   718 I ConfigStore: android::hardware::configstore::V1_0::ISurfaceFlingerConfigs::hasHDRDisplay retrieved: 0
09-04 13:35:10.002  1060  1060 E wificond: vivo add tx_good 222540 tx_bad 0 rx_good 2183022 tx_retry 10598
09-04 13:35:09.984   718   718 I chatty  : uid=1000(system) /system/bin/surfaceflinger identical 1 line
09-04 13:35:09.984   718   718 I ConfigStore: android::hardware::configstore::V1_0::ISurfaceFlingerConfigs::hasHDRDisplay retrieved: 0
09-04 13:35:10.002  1488  1856 D WificondControl: vivo add pollResult txgood 222540 txbad 0 rxgood 2183022 txretry 10598
09-04 13:35:10.003  1488  1856 D VivoWifiRssiMap: setFirstFetchRssi, mFirstFetchRssi:-49, rssi:-53
09-04 13:35:10.003  1488  1856 D VivoWifiRssiMap: setWifiRssi, rssi:-53
09-04 13:35:10.498   718   718 I SurfaceFlinger: FPS(Built-in Screen): 12
09-04 13:35:11.065   718   718 I ConfigStore: android::hardware::configstore::V1_0::ISurfaceFlingerConfigs::hasHDRDisplay retrieved: 0
09-04 13:35:11.066   718   718 I chatty  : uid=1000(system) /system/bin/surfaceflinger identical 1 line
09-04 13:35:11.067   718   718 I ConfigStore: android::hardware::configstore::V1_0::ISurfaceFlingerConfigs::hasHDRDisplay retrieved: 0
09-04 13:35:11.565   718   718 I SurfaceFlinger: FPS(Built-in Screen): 13
09-04 13:35:11.743 12824 12914 D DataFormatter: Normal bytes 498226
09-04 13:35:12.081   718   718 I ConfigStore: android::hardware::configstore::V1_0::ISurfaceFlingerConfigs::hasHDRDisplay retrieved: 0
09-04 13:35:12.082   718   718 I chatty  : uid=1000(system) /system/bin/surfaceflinger identical 1 line
09-04 13:35:12.083   718   718 I ConfigStore: android::hardware::configstore::V1_0::ISurfaceFlingerConfigs::hasHDRDisplay retrieved: 0
09-04 13:35:12.598   718   718 I SurfaceFlinger: FPS(Built-in Screen): 13
09-04 13:35:12.965   935  1058 E ThermalEngine: vivo_thermal_parameter_config :VivoThermal:read type:1  buf: 1
09-04 13:35:12.965   935  1058 E ThermalEngine:  
09-04 13:35:13.020  1060  1060 E wificond: vivo add tx_good 223207 tx_bad 0 rx_good 2183689 tx_retry 10613
09-04 13:35:13.021  1488  1856 D WificondControl: vivo add pollResult txgood 223207 txbad 0 rxgood 2183689 txretry 10613
09-04 13:35:13.021  1488  1856 D VivoWifiRssiMap: setFirstFetchRssi, mFirstFetchRssi:-49, rssi:-52
09-04 13:35:13.021  1488  1856 D VivoWifiRssiMap: setWifiRssi, rssi:-52
09-04 13:35:13.082   718   718 I ConfigStore: android::hardware::configstore::V1_0::ISurfaceFlingerConfigs::hasHDRDisplay retrieved: 0
09-04 13:35:13.083   718   718 I chatty  : uid=1000(system) /system/bin/surfaceflinger identical 1 line
09-04 13:35:13.084   718   718 I ConfigStore: android::hardware::configstore::V1_0::ISurfaceFlingerConfigs::hasHDRDisplay retrieved: 0
09-04 13:35:13.683   718   718 I SurfaceFlinger: FPS(Built-in Screen): 13
09-04 13:35:13.835 21437 24362 V PlayerBase: baseStart() piid=1583
09-04 13:35:13.837   713   898 V AudioFlinger: start(0), calling pid 21437 session 1745
09-04 13:35:13.837   713   898 V AudioFlinger: PAUSED => RESUMING (0) on thread 0xe5d93000
09-04 13:35:13.837   713   898 D AudioFlinger: startOutput_POM , POM_id:21437
09-04 13:35:13.837   713   898 D AudioPolicyManagerCustom: startOutput_POM output:13, stream:3, session:1745, pom_id:21437
09-04 13:35:13.837   713   898 I APM::AudioPolicyEngine: ###### POM Stack0:  0 0 1
09-04 13:35:13.837   713   898 I APM::AudioPolicyEngine: ###### POM Stack1:  21437 0 1
09-04 13:35:13.837   713   898 V APM_AudioPolicyManager: startOutput() output 13, stream 3, session 1745
09-04 13:35:13.837   713   898 V APM::AudioPolicyEngine: getDeviceForStrategy() strategy 0, device 2
09-04 13:35:13.837   713   898 V APM_AudioPolicyManager: selectOutputForMusicEffects activeOnly 1 output 13 flags 0x00000002
09-04 13:35:13.837   713   898 V APM_AudioPolicyManager: selectOutputForMusicEffects selected output 13
09-04 13:35:13.837   713   898 D AudioPolicyManagerCustom: startOutput isCallPOMStateChange :0, refCount:1
09-04 13:35:13.837   713   898 V APM::AudioPolicyEngine: getDeviceForStrategy() strategy 0, device 2
09-04 13:35:13.837  1488  2778 D AudioPlayerStateMonitor: Found a new active media playback. ID:1583 -- type:android.media.AudioTrack -- u/pid:10246/21437 -- state:started -- attr:AudioAttributes: usage=USAGE_MEDIA content=CONTENT_TYPE_UNKNOWN flags=0x200 tags= bundle=null
09-04 13:35:13.838   713   898 V APM_AudioPolicyManager: getNewOutputDevice() selected device 2
09-04 13:35:13.838   713   898 V APM_AudioPolicyManager: setOutputDevice() device 0002 delayMs 0
09-04 13:35:13.838   713   898 V APM_AudioPolicyManager: setOutputDevice() prevDevice 0x0002
09-04 13:35:13.838   713   898 V APM::AudioPolicyEngine: getDeviceForStrategy() strategy 0, device 2
09-04 13:35:13.838   713   898 V APM::AudioPolicyEngine: getDeviceForStrategy() strategy 1, device 1
09-04 13:35:13.838   713   898 V APM::AudioPolicyEngine: getDeviceForStrategy() strategy 2, device 2
09-04 13:35:13.838   713   898 V APM::AudioPolicyEngine: getDeviceForStrategy() strategy 0, device 2
09-04 13:35:13.838   713   898 V APM::AudioPolicyEngine: getDeviceForStrategy() strategy 3, device 2
09-04 13:35:13.838   713   898 V APM::AudioPolicyEngine: getDeviceForStrategy() strategy 0, device 2
09-04 13:35:13.838   713   898 V APM::AudioPolicyEngine: getDeviceForStrategy() strategy 4, device 2
09-04 13:35:13.838   713   898 V APM::AudioPolicyEngine: getDeviceForStrategy() strategy 5, device 2
09-04 13:35:13.838   713   898 V APM::AudioPolicyEngine: getDeviceForStrategy() strategy 6, device 2
09-04 13:35:13.838   713   898 V APM::AudioPolicyEngine: getDeviceForStrategy() strategy 7, device 2
09-04 13:35:13.839   713   898 V APM::AudioPolicyEngine: getDeviceForStrategy() strategy 8, device 2
09-04 13:35:13.839   713   898 V APM::AudioPolicyEngine: getDeviceForStrategy() strategy 9, device 2
09-04 13:35:13.839   713   898 V APM_AudioPolicyManager: setOutputDevice() setting same device 0x0002 or null device
09-04 13:35:13.839   713   898 D APM::VolumeCurve: VOLUME mDeviceCategory 1, mStreamType 3 vol index=[20 30 30], dB=[-44.0 -39.5 -39.5]
09-04 13:35:13.839   713   898 V APM::AudioPolicyEngine: getDeviceForStrategy() strategy 0, device 2
09-04 13:35:13.835   713   713 W Binder:713_2: type=1400 audit(0.0:28154): avc: denied { search } for name="bbkcore" dev="dm-3" ino=2228225 scontext=u:r:audioserver:s0 tcontext=u:object_r:vivo_data_file:s0 tclass=dir permissive=0
09-04 13:35:13.839   713   898 V APM::AudioPolicyEngine: getDeviceForStrategy() strategy 3, device 2
09-04 13:35:13.839   713   898 V AudioPolicyManagerCustom: checkOutputForStrategy(): policy related outputs
09-04 13:35:13.839   713   898 V APM::AudioPolicyEngine: getDeviceForStrategy() strategy 0, device 2
09-04 13:35:13.839   713   898 V APM::AudioPolicyEngine: getDeviceForStrategy() strategy 1, device 1
09-04 13:35:13.839   713   898 V APM::AudioPolicyEngine: getDeviceForStrategy() strategy 2, device 2
09-04 13:35:13.839   713   898 V APM::AudioPolicyEngine: getDeviceForStrategy() strategy 0, device 2
09-04 13:35:13.839   713   898 V APM::AudioPolicyEngine: getDeviceForStrategy() strategy 3, device 2
09-04 13:35:13.839   713   898 V APM::AudioPolicyEngine: getDeviceForStrategy() strategy 0, device 2
09-04 13:35:13.839   713   898 V APM::AudioPolicyEngine: getDeviceForStrategy() strategy 4, device 2
09-04 13:35:13.839   713   898 V APM::AudioPolicyEngine: getDeviceForStrategy() strategy 5, device 2
09-04 13:35:13.839  1488  1488 D MediaRouterService: onAudioPlayerActiveStateChanged: uid=10246, active=true, restoreUid=10246
09-04 13:35:13.839   713   898 V APM::AudioPolicyEngine: getDeviceForStrategy() strategy 6, device 2
09-04 13:35:13.839   713   898 V APM::AudioPolicyEngine: getDeviceForStrategy() strategy 7, device 2
09-04 13:35:13.839   713   898 V APM::AudioPolicyEngine: getDeviceForStrategy() strategy 8, device 2
09-04 13:35:13.839   713   898 V APM::AudioPolicyEngine: getDeviceForStrategy() strategy 9, device 2
09-04 13:35:13.840   713   898 D AudioPolicyIntefaceImpl: startOutput_POM oldPhoneState:0,currentPhoneState:0
09-04 13:35:13.840   713   898 V AudioFlinger: signal playback thread
09-04 13:35:13.841  1488  1488 D MediaSessionStack: updateMediaButtonSessionIfNeeded, callers=com.android.server.media.MediaSessionService.lambda$onStart$0:256 com.android.server.media.-$$Lambda$MediaSessionService$za_9dlUSlnaiZw6eCdPVEZq0XLw.onAudioPlayerActiveStateChanged:2 
09-04 13:35:13.841   713   943 V AudioFlinger: thread 0xe7003880 type 0 TID 943 waking up
09-04 13:35:13.842   713   943 V AudioFlinger: acquireWakeLock_l() AudioOut_D status 0
09-04 13:35:13.842   713   943 D AudioFlinger: updateWakeLockUids_l AudioOut_D uids:10246 
09-04 13:35:13.842   713   943 V AudioFlinger: updateWakeLockUids_l() AudioOut_D status 0
09-04 13:35:13.850   713   943 D AudioFlinger: ####### XXF  RESAMPLE RESET ####### 
09-04 13:35:13.850   713   943 D BufferProvider: setBufferProvider(0xe5d93000): mTrackBufferProvider:0x0  mBuffer.frameCount:0
09-04 13:35:13.850 21437 24362 D AudioTrack: correcting timestamp time for pause, currentTimeNanos: 16453316281169 < limitNs: 16462028224343 < mStartNs: 16462108224343
09-04 13:35:13.852 21437 21437 D EventLogger: state [69.26, 58.34, window=0, period=0, true, READY]
09-04 13:35:13.857   648  9172 D audio_hw_primary: start_output_stream: enter: stream(0xe8dc8000)usecase(0: deep-buffer-playback) devices(0x2)
09-04 13:35:13.859   648  9172 D audio_hw_primary: select_devices for use case (deep-buffer-playback)
09-04 13:35:13.860   648  9172 V audio_hw_primary: voice_extn_compress_voip_is_active: COMPRESS_VOIP_ENABLED is not defined
09-04 13:35:13.860   648  9172 V msm8974_platform: voice_extn_compress_voip_is_active: COMPRESS_VOIP_ENABLED is not defined
09-04 13:35:13.860   648  9172 D audio_hw_primary: select_devices: out_snd_device(2: speaker) in_snd_device(0: )
09-04 13:35:13.860   648  9172 I msm8974_platform: platform_check_and_set_codec_backend_cfg:becf: afe: bitwidth 24, samplerate 48000 channels 2, backend_idx 0 usecase = 0 device (speaker)
09-04 13:35:13.860   648  9172 D msm8974_platform: platform_split_snd_device: snd_device(2) num devices(1) new_snd_devices(0)
09-04 13:35:13.860   648  9172 I msm8974_platform: platform_check_and_set_codec_backend_cfg: new_snd_devices[0] is 2
09-04 13:35:13.860   648  9172 I msm8974_platform: platform_check_codec_backend_cfg:becf: afe: bitwidth 24, samplerate 48000 channels 2, backend_idx 0 usecase = 0 device (speaker)
09-04 13:35:13.860   648  9172 D msm8974_platform: platform_check_codec_backend_cfg:becf: afe: reset bitwidth to 24 (based on supported value for this platform)
