09-04 13:37:34.443   648  9172 V msm8974_platform: voice_extn_compress_voip_is_active: COMPRESS_VOIP_ENABLED is not defined
09-04 13:37:34.444   648  9172 D audio_hw_primary: select_devices: out_snd_device(2: speaker) in_snd_device(0: )
09-04 13:37:34.444   648  9172 I msm8974_platform: platform_check_and_set_codec_backend_cfg:becf: afe: bitwidth 24, samplerate 48000 channels 2, backend_idx 0 usecase = 0 device (speaker)
09-04 13:37:34.444   648  9172 D msm8974_platform: platform_split_snd_device: snd_device(2) num devices(1) new_snd_devices(0)
09-04 13:37:34.444   648  9172 I msm8974_platform: platform_check_and_set_codec_backend_cfg: new_snd_devices[0] is 2
09-04 13:37:34.444   648  9172 I msm8974_platform: platform_check_codec_backend_cfg:becf: afe: bitwidth 24, samplerate 48000 channels 2, backend_idx 0 usecase = 0 device (speaker)
09-04 13:37:34.444   648  9172 D msm8974_platform: platform_check_codec_backend_cfg:becf: afe: reset bitwidth to 24 (based on supported value for this platform)
09-04 13:37:34.444   648  9172 D msm8974_platform: platform_check_codec_backend_cfg:becf: afe: playback on codec device not supporting native playback set default Sample Rate(48k)
09-04 13:37:34.444   648  9172 I msm8974_platform: platform_check_codec_backend_cfg:becf: afe: Codec selected backend: 0 updated bit width: 24 and sample rate: 48000
09-04 13:37:34.444   648  9172 I msm8974_platform: platform_check_codec_backend_cfg:becf: afe: Codec backend needs to be updated. new bit width: 24new sample rate: 48000 new channels: 2
09-04 13:37:34.444   648  9172 I msm8974_platform: platform_set_codec_backend_cfg:becf: afe: bitwidth 24, samplerate 48000 channels 2 format 3, backend_idx 0 device (speaker)
09-04 13:37:34.444   648  9172 E msm8974_platform: platform_set_codec_backend_cfg:becf: afe: Could not get ctl for mixer command - SLIM_0_RX Format
09-04 13:37:34.444   648  9172 D audio_hw_primary: check_usecases_codec_backend:becf: force routing 0
09-04 13:37:34.444   648  9172 E msm8974_platform: platform_check_backends_match: Invalid snd_device = 
09-04 13:37:34.444   648  9172 D audio_hw_primary: check_usecases_codec_backend:becf: (67) check_usecases curr device: speaker, usecase device: backends match 0
09-04 13:37:34.444   648  9172 D audio_hw_primary: check_usecases_codec_backend:becf: check_usecases num.of Usecases to switch 0
09-04 13:37:34.444   648  9172 D hardware_info: hw_info_append_hw_type : device_name = speaker
09-04 13:37:34.444   648  9172 D audio_hw_primary: enable_snd_device: device 2:device_name:speaker:ref_cnt:1
09-04 13:37:34.444   648  9172 D msm8974_platform: platform_split_snd_device: snd_device(2) num devices(0) new_snd_devices(0)
09-04 13:37:34.444   648  9172 D audio_hw_primary: enable_snd_device: snd_device(2: speaker)
09-04 13:37:34.444   648  9172 I soundtrigger: audio_extn_sound_trigger_update_device_status: device 0x2 of type 0 for Event 1, with Raise=0
09-04 13:37:34.445   648  9172 D audio_route: Apply path: speaker
09-04 13:37:34.450   648  9172 I audio_hw_utils: audio_extn_utils_update_stream_output_app_type_cfg Allowing 24-bit playback on speaker ONLY at default sampling rate
09-04 13:37:34.450   648  9172 D audio_hw_primary: enable_audio_route: enter: usecase(0)
09-04 13:37:34.450   648  9172 D soundtrigger: audio_extn_sound_trigger_update_stream_status: uc_info->id 0 of type 0 for Event 3, with Raise=1
09-04 13:37:34.450   648  9172 I sound_trigger_platform: platform_stdev_check_and_update_concurrency: Received STREAM event, event type 3, usecase type -401398976
09-04 13:37:34.450   648  9172 D sound_trigger_platform: platform_stdev_check_and_update_concurrency: dedicated path 0, reset backend 1, tx 0, rx 1,concurrency session allowed
09-04 13:37:34.450   648  9172 D audio_hw_utils: audio_extn_utils_send_app_type_cfg: usecase->out_snd_device speaker
09-04 13:37:34.450   648  9172 D msm8974_platform: platform_split_snd_device: snd_device(2) num devices(0) new_snd_devices(0)
09-04 13:37:34.450   648  9172 D audio_hw_utils: audio_extn_btsco_get_sample_rate:Not a BT SCO device, need not update sampling rate
09-04 13:37:34.450   648  9172 I audio_hw_utils: send_app_type_cfg_for_device PLAYBACK app_type 69936, acdb_dev_id 15, sample_rate 48000, snd_device_be_idx 43
09-04 13:37:34.451   648  9172 D msm8974_platform: platform_split_snd_device: snd_device(2) num devices(1) new_snd_devices(0)
09-04 13:37:34.451   648  9172 D ACDB-LOADER: ACDB -> send_audio_cal, acdb_id = 15, path = 0, app id = 0x11130, sample rate = 48000
09-04 13:37:34.451   648  9172 D ACDB-LOADER: ACDB -> send_asm_topology
09-04 13:37:34.451   648  9172 D ACDB-LOADER: ACDB -> ACDB_CMD_GET_AUDPROC_STREAM_TOPOLOGY_ID
09-04 13:37:34.451   648  9172 D ACDB-LOADER: ACDB -> send_adm_topology
09-04 13:37:34.451   648  9172 D ACDB-LOADER: ACDB -> ACDB_CMD_GET_AUDPROC_COMMON_TOPOLOGY_ID
09-04 13:37:34.451   648  9172 D ACDB-LOADER: ACDB -> send_audtable
09-04 13:37:34.451   648  9172 D ACDB-LOADER: ACDB -> ACDB_CMD_GET_AUDPROC_COMMON_TABLE_SIZE
09-04 13:37:34.451   648  9172 D ACDB-LOADER: ACDB -> ACDB_CMD_GET_AUDPROC_COMMON_TABLE
09-04 13:37:34.451   648  9172 D ACDB-LOADER: ACDB -> AUDIO_SET_AUDPROC_CAL
09-04 13:37:34.451   648  9172 D ACDB-LOADER: ACDB -> send_audvoltable
09-04 13:37:34.451   648  9172 D ACDB-LOADER: ACDB -> ACDB_CMD_GET_AUDPROC_VOL_STEP_TABLE_SIZE
09-04 13:37:34.451   648  9172 D ACDB-LOADER: ACDB -> ACDB_CMD_GET_AUDPROC_GAIN_DEP_STEP_TABLE, vol index 0
09-04 13:37:34.451   648  9172 D ACDB-LOADER: ACDB -> AUDIO_SET_VOL_CAL cal type = 12
09-04 13:37:34.451   648  9172 D ACDB-LOADER: ACDB -> ACDB_CMD_GET_AUDPROC_STREAM_TABLE_SIZE
09-04 13:37:34.451   648  9172 D ACDB-LOADER: ACDB -> send_audstrmtable
09-04 13:37:34.451   648  9172 D ACDB-LOADER: ACDB -> ACDB_CMD_GET_AUDPROC_STREAM_TABLE_V2
09-04 13:37:34.451   648  9172 D ACDB-LOADER: ACDB -> audstrm_cal->cal_type.cal_data.cal_size = 456
09-04 13:37:34.451   648  9172 D ACDB-LOADER: ACDB -> send_afe_topology
09-04 13:37:34.451   648  9172 D ACDB-LOADER: ACDB -> ACDB_CMD_GET_AFE_TOPOLOGY_ID
09-04 13:37:34.451   648  9172 D ACDB-LOADER: ACDB -> GET_AFE_TOPOLOGY_ID for adcd_id 15, Topology Id 112fc
09-04 13:37:34.451   648  9172 D ACDB-LOADER: ACDB -> send_afe_cal
09-04 13:37:34.451   648  9172 D ACDB-LOADER: ACDB -> ACDB_CMD_GET_AFE_COMMON_TABLE_SIZE
09-04 13:37:34.451   648  9172 D         : Failed to fetch the lookup information of the device 0000000F 
09-04 13:37:34.451   648  9172 E ACDB-LOADER: Error: ACDB_CMD_GET_AFE_COMMON_TABLE_SIZE Returned = -19
09-04 13:37:34.451   648  9172 D ACDB-LOADER: ACDB -> ACDB_CMD_GET_AFE_COMMON_TABLE
09-04 13:37:34.451   648  9172 D         : Failed to fetch the lookup information of the device 0000000F 
09-04 13:37:34.451   648  9172 E ACDB-LOADER: Error: ACDB AFE returned = -19
09-04 13:37:34.451   648  9172 D ACDB-LOADER: ACDB -> AUDIO_SET_AFE_CAL
09-04 13:37:34.451   648  9172 D ACDB-LOADER: ACDB -> send_hw_delay : acdb_id = 15 path = 0
09-04 13:37:34.451   648  9172 D ACDB-LOADER: ACDB -> ACDB_AVSYNC_INFO: ACDB_CMD_GET_DEVICE_PROPERTY
09-04 13:37:34.452   648  9172 D audio_hw_primary: enable_audio_route: apply mixer and update path: deep-buffer-playback speaker
09-04 13:37:34.452   648  9172 D audio_route: Apply path: deep-buffer-playback speaker
09-04 13:37:34.453   648  9172 D audio_hw_primary: enable_audio_route: exit
09-04 13:37:34.453   648  9172 D audio_hw_primary: select_devices: done
09-04 13:37:34.453   648  9172 D audio_hw_primary: start_output_stream: Opening PCM device card_id(0) device_id(0) format(0x3),config.rate:48000,bit_width:24
09-04 13:37:34.469 21437 24362 E ExoPlayerImplInternal: Internal runtime error.
09-04 13:37:34.469 21437 24362 E ExoPlayerImplInternal: android.media.MediaCodec$CodecException: Error 0xffffffe0
09-04 13:37:34.469 21437 24362 E ExoPlayerImplInternal: 	at android.media.MediaCodec.native_queueSecureInputBuffer(Native Method)
09-04 13:37:34.469 21437 24362 E ExoPlayerImplInternal: 	at android.media.MediaCodec.queueSecureInputBuffer(MediaCodec.java:2608)
09-04 13:37:34.469 21437 24362 E ExoPlayerImplInternal: 	at com.google.android.exoplayer2.mediacodec.MediaCodecRenderer.feedInputBuffer(MediaCodecRenderer.java:1113)
09-04 13:37:34.469 21437 24362 E ExoPlayerImplInternal: 	at com.google.android.exoplayer2.mediacodec.MediaCodecRenderer.render(MediaCodecRenderer.java:654)
09-04 13:37:34.469 21437 24362 E ExoPlayerImplInternal: 	at com.google.android.exoplayer2.ExoPlayerImplInternal.doSomeWork(ExoPlayerImplInternal.java:575)
09-04 13:37:34.469 21437 24362 E ExoPlayerImplInternal: 	at com.google.android.exoplayer2.ExoPlayerImplInternal.handleMessage(ExoPlayerImplInternal.java:326)
09-04 13:37:34.469 21437 24362 E ExoPlayerImplInternal: 	at android.os.Handler.dispatchMessage(Handler.java:102)
09-04 13:37:34.469 21437 24362 E ExoPlayerImplInternal: 	at android.os.Looper.loop(Looper.java:224)
09-04 13:37:34.469 21437 24362 E ExoPlayerImplInternal: 	at android.os.HandlerThread.run(HandlerThread.java:65)
09-04 13:37:34.471 21437 24377 I MediaCodec: kWhatStop or kWhatRelease
09-04 13:37:34.474 21437 21437 E EventLogger: playerFailed [209.88, 176.18, window=0, period=0]
09-04 13:37:34.474 21437 21437 E EventLogger: com.google.android.exoplayer2.ExoPlaybackException: android.media.MediaCodec$CodecException: Error 0xffffffe0
09-04 13:37:34.474 21437 21437 E EventLogger: 	at com.google.android.exoplayer2.ExoPlayerImplInternal.handleMessage(ExoPlayerImplInternal.java:397)
09-04 13:37:34.474 21437 21437 E EventLogger: 	at android.os.Handler.dispatchMessage(Handler.java:102)
09-04 13:37:34.474 21437 21437 E EventLogger: 	at android.os.Looper.loop(Looper.java:224)
09-04 13:37:34.474 21437 21437 E EventLogger: 	at android.os.HandlerThread.run(HandlerThread.java:65)
09-04 13:37:34.474 21437 21437 E EventLogger: Caused by: android.media.MediaCodec$CodecException: Error 0xffffffe0
09-04 13:37:34.474 21437 21437 E EventLogger: 	at android.media.MediaCodec.native_queueSecureInputBuffer(Native Method)
09-04 13:37:34.474 21437 21437 E EventLogger: 	at android.media.MediaCodec.queueSecureInputBuffer(MediaCodec.java:2608)
09-04 13:37:34.474 21437 21437 E EventLogger: 	at com.google.android.exoplayer2.mediacodec.MediaCodecRenderer.feedInputBuffer(MediaCodecRenderer.java:1113)
09-04 13:37:34.474 21437 21437 E EventLogger: 	at com.google.android.exoplayer2.mediacodec.MediaCodecRenderer.render(MediaCodecRenderer.java:654)
09-04 13:37:34.474 21437 21437 E EventLogger: 	at com.google.android.exoplayer2.ExoPlayerImplInternal.doSomeWork(ExoPlayerImplInternal.java:575)
09-04 13:37:34.474 21437 21437 E EventLogger: 	at com.google.android.exoplayer2.ExoPlayerImplInternal.handleMessage(ExoPlayerImplInternal.java:326)
09-04 13:37:34.474 21437 21437 E EventLogger: 	... 3 more
09-04 13:37:34.507 21437 24378 D SurfaceUtils: disconnecting from surface 0x7c92ef0010, reason pushBlankBuffersToNativeWindow
09-04 13:37:34.507   718   796 E         : IProducerListener: malformed binder reply
09-04 13:37:34.508 21437 24378 D SurfaceUtils: set up nativeWindow 0x7c92ef0010 for 1x1, color 0x2, rotation 0, usage 0x930
09-04 13:37:34.528 21437 24378 D SurfaceUtils: connecting to surface 0x7c92ef0010, reason pushBlankBuffersToNativeWindow(err2)
09-04 13:37:34.528   718   794 E         : IProducerListener: malformed binder reply
09-04 13:37:34.529   648  9172 D msm8974_platform: platform_set_channel_map mixer_ctl_name:Playback Channel Map0
09-04 13:37:34.529   648  9172 D msm8974_platform: platform_set_channel_map: set mapping(1 2 0 0 0 0 0 0) for channel:2
09-04 13:37:34.530 21437 24377 D SurfaceUtils: disconnecting from surface 0x7c92ef0010, reason disconnectFromSurface
09-04 13:37:34.531   648  9172 D audio_hw_primary: start_output_stream: exit
09-04 13:37:34.531 21437 24362 I MediaCodec: release
09-04 13:37:34.531 21437 24377 I MediaCodec: kWhatStop or kWhatRelease
09-04 13:37:34.531 21437 24377 I ACodec  : initiateShutdown kWhatReleaseCodecInstance
09-04 13:37:34.532  1061  2295 I OMX-VDEC-1080P: omx_vdec::component_deinit() complete
09-04 13:37:34.538  1061  2295 I OMX-VDEC-1080P: Exit OMX vdec Destructor: fd=7
09-04 13:37:34.539  1061  2295 I OMX-VDEC-1080P: Video slvp perflock released
09-04 13:37:34.539   718   718 I ConfigStore: android::hardware::configstore::V1_0::ISurfaceFlingerConfigs::hasHDRDisplay retrieved: 0
09-04 13:37:34.540   718   718 I chatty  : uid=1000(system) /system/bin/surfaceflinger identical 2 lines
09-04 13:37:34.541   718   718 I ConfigStore: android::hardware::configstore::V1_0::ISurfaceFlingerConfigs::hasHDRDisplay retrieved: 0
09-04 13:37:34.542   713   943 V AudioFlinger: mixer(0xe7003880) throttle begin: ret(7680) deltaMs(1) requires sleep 9 ms
09-04 13:37:34.546 21437 24362 I MediaCodec: ~MediaCodec
09-04 13:37:34.550  1025  1071 E CryptoHal: setSharedBufferBase(): remote call failed
09-04 13:37:34.553   718   718 I ConfigStore: android::hardware::configstore::V1_0::ISurfaceFlingerConfigs::hasHDRDisplay retrieved: 0
09-04 13:37:34.554   718   718 I chatty  : uid=1000(system) /system/bin/surfaceflinger identical 1 line
09-04 13:37:34.554   718   718 I ConfigStore: android::hardware::configstore::V1_0::ISurfaceFlingerConfigs::hasHDRDisplay retrieved: 0
09-04 13:37:34.555 21437 21437 D EventLogger: decoderDisabled [209.96, 176.18, window=0, period=0, video]
09-04 13:37:34.555   718   718 I ConfigStore: android::hardware::configstore::V1_0::ISurfaceFlingerConfigs::hasHDRDisplay retrieved: 0
09-04 13:37:34.555   713   898 V AudioFlinger: pause(0), calling pid 21437
09-04 13:37:34.555   713   898 V AudioFlinger: ACTIVE/RESUMING => PAUSING (0) on thread 0xe7003880
09-04 13:37:34.555   713   898 D AudioFlinger: pause wait +
09-04 13:37:34.564   713   943 D AudioFlinger: pause signal - [OK] on thread
09-04 13:37:34.565   713   943 D AudioFlinger: pause signal - released 
09-04 13:37:34.565   713   898 D AudioFlinger: pause wait -
09-04 13:37:34.566 21437 24362 V PlayerBase: basePause() piid=1583
09-04 13:37:34.567  1488  1488 D MediaRouterService: onAudioPlayerActiveStateChanged: uid=10246, active=false, delaying
09-04 13:37:34.569 21437 24383 I MediaCodec: kWhatStop or kWhatRelease
09-04 13:37:34.569   713   898 V AudioFlinger: flush(0)
09-04 13:37:34.569   713   898 V AudioFlinger: ThreadBase::setParameters() FlushShareBuffer=0
09-04 13:37:34.570   713   898 V AudioFlinger: sendConfigEvent_l() num events 1 event 2, this 0xe7003880
09-04 13:37:34.574   713   943 V AudioFlinger: processConfigEvents_l() remaining events 1, type 2, this 0xe7003880
09-04 13:37:34.574   713   943 D AudioFlinger: enforc flush
09-04 13:37:34.574   713   943 V AudioFlinger: processConfigEvents_l() DONE thread 0xe7003880
09-04 13:37:34.574   713   943 V AudioFlinger: presentationComplete() mPresentationCompleteFrames 0 framesWritten 4800
09-04 13:37:34.574   713   943 V AudioFlinger: presentationComplete() reset: mPresentationCompleteFrames 8640 audioHalFrames 3840
09-04 13:37:34.575 21437 24362 I MediaCodec: release
09-04 13:37:34.575 21437 24383 I MediaCodec: kWhatStop or kWhatRelease
09-04 13:37:34.575 21437 24520 V PlayerBase: baseStop() piid=1583
09-04 13:37:34.575 21437 24383 I ACodec  : initiateShutdown kWhatReleaseCodecInstance
09-04 13:37:34.577  1488  2778 D FeatureService: SmartRingModeEnabled:true isSmartRingEnable:false isChildMode:false
09-04 13:37:34.577 21437 24520 W PlayerBase: baseStop state not match:4
09-04 13:37:34.578 21437 24520 V PlayerBase: baseRelease() piid=1583 state=4
09-04 13:37:34.578 21437 24362 I MediaCodec: ~MediaCodec
09-04 13:37:34.579  1488  7460 D FeatureService: SmartRingModeEnabled:true isSmartRingEnable:false isChildMode:false
09-04 13:37:34.579 21437 24520 W PlayerBase: baseStop state not match:0
09-04 13:37:34.580 21437 24520 V AudioTrack: ~AudioTrack, releasing session id 1745 from 21437 on behalf of 21437
09-04 13:37:34.581   713 10924 V AudioFlinger: releasing 1745 from 21437 for 21437
09-04 13:37:34.581   713 10924 V AudioFlinger:  decremented refcount to 0
09-04 13:37:34.581   713 10924 V AudioFlinger: purging stale effects
09-04 13:37:34.581  1025  1071 E CryptoHal: setSharedBufferBase(): remote call failed
09-04 13:37:34.585 21437 21437 D EventLogger: decoderDisabled [209.99, 176.18, window=0, period=0, audio]
09-04 13:37:34.585   713   943 V AudioFlinger: presentationComplete() mPresentationCompleteFrames 8640 framesWritten 4800
09-04 13:37:34.586   713   943 V AudioFlinger: presentationComplete() mPresentationCompleteFrames 8640 framesWritten 5760
09-04 13:37:34.586 21437 24362 E ExoPlayerImplInternal: Disable failed.
09-04 13:37:34.586 21437 24362 E ExoPlayerImplInternal: android.media.MediaDrmResetException: mediaserver died
09-04 13:37:34.586 21437 24362 E ExoPlayerImplInternal: 	at android.media.MediaDrm.closeSession(Native Method)
09-04 13:37:34.586 21437 24362 E ExoPlayerImplInternal: 	at com.google.android.exoplayer2.drm.FrameworkMediaDrm.closeSession(FrameworkMediaDrm.java:125)
09-04 13:37:34.586 21437 24362 E ExoPlayerImplInternal: 	at com.google.android.exoplayer2.drm.DefaultDrmSession.release(DefaultDrmSession.java:197)
09-04 13:37:34.586 21437 24362 E ExoPlayerImplInternal: 	at com.google.android.exoplayer2.drm.DefaultDrmSessionManager.releaseSession(DefaultDrmSessionManager.java:449)
09-04 13:37:34.586 21437 24362 E ExoPlayerImplInternal: 	at com.google.android.exoplayer2.mediacodec.MediaCodecRenderer.releaseDrmSessionIfUnused(MediaCodecRenderer.java:963)
09-04 13:37:34.586 21437 24362 E ExoPlayerImplInternal: 	at com.google.android.exoplayer2.mediacodec.MediaCodecRenderer.setSourceDrmSession(MediaCodecRenderer.java:952)
09-04 13:37:34.586 21437 24362 E ExoPlayerImplInternal: 	at com.google.android.exoplayer2.mediacodec.MediaCodecRenderer.onReset(MediaCodecRenderer.java:589)
09-04 13:37:34.586 21437 24362 E ExoPlayerImplInternal: 	at com.google.android.exoplayer2.audio.MediaCodecAudioRenderer.onReset(MediaCodecAudioRenderer.java:635)
09-04 13:37:34.586 21437 24362 E ExoPlayerImplInternal: 	at com.google.android.exoplayer2.mediacodec.MediaCodecRenderer.onDisabled(MediaCodecRenderer.java:578)
09-04 13:37:34.586 21437 24362 E ExoPlayerImplInternal: 	at com.google.android.exoplayer2.audio.MediaCodecAudioRenderer.onDisabled(MediaCodecAudioRenderer.java:625)
09-04 13:37:34.586 21437 24362 E ExoPlayerImplInternal: 	at com.google.android.exoplayer2.BaseRenderer.disable(BaseRenderer.java:158)
09-04 13:37:34.586 21437 24362 E ExoPlayerImplInternal: 	at com.google.android.exoplayer2.ExoPlayerImplInternal.disableRenderer(ExoPlayerImplInternal.java:1088)
09-04 13:37:34.586 21437 24362 E ExoPlayerImplInternal: 	at com.google.android.exoplayer2.ExoPlayerImplInternal.resetInternal(ExoPlayerImplInternal.java:851)
09-04 13:37:34.586 21437 24362 E ExoPlayerImplInternal: 	at com.google.android.exoplayer2.ExoPlayerImplInternal.stopInternal(ExoPlayerImplInternal.java:813)
09-04 13:37:34.586 21437 24362 E ExoPlayerImplInternal: 	at com.google.android.exoplayer2.ExoPlayerImplInternal.handleMessage(ExoPlayerImplInternal.java:399)
09-04 13:37:34.586 21437 24362 E ExoPlayerImplInternal: 	at android.os.Handler.dispatchMessage(Handler.java:102)
09-04 13:37:34.586 21437 24362 E ExoPlayerImplInternal: 	at android.os.Looper.loop(Looper.java:224)
09-04 13:37:34.586 21437 24362 E ExoPlayerImplInternal: 	at android.os.HandlerThread.run(HandlerThread.java:65)
09-04 13:37:34.589 21437 21437 D EventLogger: mediaPeriodReleased [210.00, 176.18, window=0, period=0]
09-04 13:37:34.590 21437 21437 D EventLogger: loading [210.00, 176.18, window=0, false]
09-04 13:37:34.590 21437 21437 D EventLogger: state [210.00, 176.18, window=0, true, IDLE]
09-04 13:37:34.596   713   943 V AudioFlinger: presentationComplete() mPresentationCompleteFrames 8640 framesWritten 5760
09-04 13:37:34.597   713   943 V AudioFlinger: presentationComplete() mPresentationCompleteFrames 8640 framesWritten 6720
09-04 13:37:34.606   961   961 D vivo_daemon:VvDmSrv: [10108:2511] apply, return 0, v3.1.0
09-04 13:37:34.607   961   961 D vivo_daemon:VvDmSrv: normal termination, exit status = 0
09-04 13:37:34.608   713   943 V AudioFlinger: presentationComplete() mPresentationCompleteFrames 8640 framesWritten 6720
09-04 13:37:34.609   713   943 V AudioFlinger: presentationComplete() mPresentationCompleteFrames 8640 framesWritten 7680
09-04 13:37:34.620   713   943 V AudioFlinger: presentationComplete() mPresentationCompleteFrames 8640 framesWritten 7680
09-04 13:37:34.621   713   943 V AudioFlinger: presentationComplete() mPresentationCompleteFrames 8640 framesWritten 8640
09-04 13:37:34.632   713   943 V AudioFlinger: presentationComplete() mPresentationCompleteFrames 8640 framesWritten 8640
09-04 13:37:34.632   713   943 V AudioFlinger: presentationComplete() mPresentationCompleteFrames 8640 framesWritten 9600
09-04 13:37:34.643   713   943 V AudioFlinger: presentationComplete() mPresentationCompleteFrames 8640 framesWritten 9600
09-04 13:37:34.646   713   943 V AudioFlinger: presentationComplete() mPresentationCompleteFrames 8640 framesWritten 10560
09-04 13:37:34.646   713   943 D AudioFlinger: Track reset .... 
09-04 13:37:34.646   713   943 D BufferProvider: setBufferProvider(0x0): mTrackBufferProvider:0xe5d93000  mBuffer.frameCount:0
09-04 13:37:34.646   713   943 V AudioFlinger: removeTracks_l(0): removing track on session 1745
09-04 13:37:34.646   713   943 D AudioFlinger: stopOutput_POM , POM_id:21437
09-04 13:37:34.646   713   943 V AudioPolicyService: AudioCommandThread() adding stop output 13
09-04 13:37:34.646   713   943 V AudioPolicyService: inserting command: 6 at index 0, num commands 0
09-04 13:37:34.646   713   943 V AudioPolicyService: AudioCommandThread() adding release output 13
09-04 13:37:34.646   713   943 V AudioPolicyService: inserting command: 7 at index 1, num commands 1
09-04 13:37:34.635   713   713 W ApmOutput: type=1400 audit(0.0:28886): avc: denied { search } for name="bbkcore" dev="dm-3" ino=2228225 scontext=u:r:audioserver:s0 tcontext=u:object_r:vivo_data_file:s0 tclass=dir permissive=0
09-04 13:37:34.646   713   943 D AudioFlinger: updateWakeLockUids_l AudioOut_D uids:
09-04 13:37:34.646   713   943 V AudioFlinger: updateWakeLockUids_l() AudioOut_D status 0
09-04 13:37:34.646   713   896 V AudioPolicyService: AudioCommandThread() processing stop output 13
09-04 13:37:34.646   713   896 D AudioPolicyManagerCustom: stopOutput_POM, output:13, stream:3, session:1745, pom_id:21437
09-04 13:37:34.646   713   896 I APM::AudioPolicyEngine: remove pom records for 21437.
09-04 13:37:34.646   713   896 I APM::AudioPolicyEngine: ###### POM Stack0:  0 0 1
09-04 13:37:34.647   713   896 V APM_AudioPolicyManager: stopOutput() output 13, stream 3, session 1745
09-04 13:37:34.647   713   896 D AudioPolicyManagerCustom: stopOutput isCallPOMStateChange :0, refCount:1
09-04 13:37:34.647   713   896 V APM_AudioPolicyManager: getNewOutputDevice() selected device 0
09-04 13:37:34.647   713   896 V APM_AudioPolicyManager: setOutputDevice() device 0000 delayMs 160
09-04 13:37:34.647   713   896 V APM_AudioPolicyManager: setOutputDevice() prevDevice 0x0002
09-04 13:37:34.647   713   896 V APM::AudioPolicyEngine: getDeviceForStrategy() strategy 0, device 2
09-04 13:37:34.647   713   896 V APM::AudioPolicyEngine: getDeviceForStrategy() strategy 1, device 1
09-04 13:37:34.647   713   896 V APM::AudioPolicyEngine: getDeviceForStrategy() strategy 2, device 2
09-04 13:37:34.647   713   896 V APM::AudioPolicyEngine: getDeviceForStrategy() strategy 0, device 2
09-04 13:37:34.647   713   896 V APM::AudioPolicyEngine: getDeviceForStrategy() strategy 3, device 2
09-04 13:37:34.647   713   896 V APM::AudioPolicyEngine: getDeviceForStrategy() strategy 0, device 2
09-04 13:37:34.647   713   896 V APM::AudioPolicyEngine: getDeviceForStrategy() strategy 4, device 2
09-04 13:37:34.647   713   896 V APM::AudioPolicyEngine: getDeviceForStrategy() strategy 5, device 2
09-04 13:37:34.647   713   896 V APM::AudioPolicyEngine: getDeviceForStrategy() strategy 6, device 2
09-04 13:37:34.647   713   896 V APM::AudioPolicyEngine: getDeviceForStrategy() strategy 7, device 2
09-04 13:37:34.647   713   896 V APM::AudioPolicyEngine: getDeviceForStrategy() strategy 8, device 2
09-04 13:37:34.647   713   896 V APM::AudioPolicyEngine: getDeviceForStrategy() strategy 9, device 2
09-04 13:37:34.647   713   896 V APM_AudioPolicyManager: setOutputDevice() setting same device 0x0000 or null device
09-04 13:37:34.647   713   896 V APM::AudioPolicyEngine: getDeviceForStrategy() strategy 0, device 2
09-04 13:37:34.647   713   896 V APM::AudioPolicyEngine: getDeviceForStrategy() strategy 3, device 2
09-04 13:37:34.647   713   896 V AudioPolicyManagerCustom: checkOutputForStrategy(): policy related outputs
09-04 13:37:34.647   713   896 V APM::AudioPolicyEngine: getDeviceForStrategy() strategy 0, device 2
09-04 13:37:34.647   713   896 V APM::AudioPolicyEngine: getDeviceForStrategy() strategy 1, device 1
09-04 13:37:34.647   713   896 V APM::AudioPolicyEngine: getDeviceForStrategy() strategy 2, device 2
09-04 13:37:34.647   713   896 V APM::AudioPolicyEngine: getDeviceForStrategy() strategy 0, device 2
09-04 13:37:34.647   713   896 V APM::AudioPolicyEngine: getDeviceForStrategy() strategy 3, device 2
09-04 13:37:34.647   713   896 V APM::AudioPolicyEngine: getDeviceForStrategy() strategy 0, device 2
09-04 13:37:34.647   713   896 V APM::AudioPolicyEngine: getDeviceForStrategy() strategy 4, device 2
09-04 13:37:34.647   713   896 V APM::AudioPolicyEngine: getDeviceForStrategy() strategy 5, device 2
09-04 13:37:34.647   713   896 V APM::AudioPolicyEngine: getDeviceForStrategy() strategy 6, device 2
09-04 13:37:34.647   713   896 V APM::AudioPolicyEngine: getDeviceForStrategy() strategy 7, device 2
09-04 13:37:34.647   713   896 V APM::AudioPolicyEngine: getDeviceForStrategy() strategy 8, device 2
09-04 13:37:34.647   713   896 V APM::AudioPolicyEngine: getDeviceForStrategy() strategy 9, device 2
09-04 13:37:34.647   713   896 V APM::AudioPolicyEngine: getDeviceForStrategy() strategy 0, device 2
09-04 13:37:34.647   713   896 V APM_AudioPolicyManager: selectOutputForMusicEffects selected output 13
09-04 13:37:34.647   718   718 I ConfigStore: android::hardware::configstore::V1_0::ISurfaceFlingerConfigs::hasHDRDisplay retrieved: 0
09-04 13:37:34.647   713   896 D AudioPolicyIntefaceImpl: doStopOutput_POM oldPhoneState:0,currentPhoneState:0
09-04 13:37:34.647   713   896 V AudioPolicyService: AudioCommandThread() processing release output 13
09-04 13:37:34.647   713   896 V APM_AudioPolicyManager: releaseOutput() 13
09-04 13:37:34.647   713   896 V AudioPolicyService: AudioCommandThread() going to sleep
09-04 13:37:34.648   718   718 I ConfigStore: android::hardware::configstore::V1_0::ISurfaceFlingerConfigs::hasHDRDisplay retrieved: 0
09-04 13:37:34.648   718   718 I chatty  : uid=1000(system) /system/bin/surfaceflinger identical 1 line
09-04 13:37:34.648   718   718 I ConfigStore: android::hardware::configstore::V1_0::ISurfaceFlingerConfigs::hasHDRDisplay retrieved: 0
09-04 13:37:34.653   718   718 I SurfaceFlinger: FPS(Built-in Screen): 16
09-04 13:37:34.663   713   943 V AudioFlinger: PlaybackThread::Track destructor
09-04 13:37:34.663   713   943 V AudioFlinger: removeClient_l() pid 21437, calling pid 713
09-04 13:37:34.664   713   943 D BufferProvider: ~CopyBufferProvider(0xe799b370) 0 0x0 0xe7086000
09-04 13:37:34.665   718   718 I ConfigStore: android::hardware::configstore::V1_0::ISurfaceFlingerConfigs::hasHDRDisplay retrieved: 0
09-04 13:37:34.666   718   718 I chatty  : uid=1000(system) /system/bin/surfaceflinger identical 2 lines
09-04 13:37:34.666   718   718 I ConfigStore: android::hardware::configstore::V1_0::ISurfaceFlingerConfigs::hasHDRDisplay retrieved: 0
09-04 13:37:34.929  2741  5336 I RMS-Reclaim: available=1810448KB, current watermark=716800KB, last watermark=716800KB, current stopline=800, last stopline=1000
09-04 13:37:34.930  2741  5336 I RMS-Reclaim: Reclaiming took : 2ms
09-04 13:37:35.286  1060  1060 E wificond: vivo add tx_good 261044 tx_bad 0 rx_good 2223340 tx_retry 13476
09-04 13:37:35.287  1488  1856 D WificondControl: vivo add pollResult txgood 261044 txbad 0 rxgood 2223340 txretry 13476
09-04 13:37:35.288  1488  1856 D VivoWifiRssiMap: setFirstFetchRssi, mFirstFetchRssi:-49, rssi:-53
09-04 13:37:35.288  1488  1856 D VivoWifiRssiMap: setWifiRssi, rssi:-53
09-04 13:37:35.566   713   943 V AudioFlinger: Audio hardware entering standby, mixer 0xe7003880, suspend count 0
09-04 13:37:35.567   648  4526 D audio_hw_primary: out_standby: enter: stream (0xe8dc8000) usecase(0: deep-buffer-playback)
09-04 13:37:35.639   718   718 I ConfigStore: android::hardware::configstore::V1_0::ISurfaceFlingerConfigs::hasHDRDisplay retrieved: 0
09-04 13:37:35.641   718   718 I chatty  : uid=1000(system) /system/bin/surfaceflinger identical 2 lines
09-04 13:37:35.641   718   718 I ConfigStore: android::hardware::configstore::V1_0::ISurfaceFlingerConfigs::hasHDRDisplay retrieved: 0
09-04 13:37:35.717   648  4526 D audio_hw_primary: disable_audio_route: enter: usecase(0)
09-04 13:37:35.717   648  4526 D audio_hw_primary: disable_audio_route: reset and update mixer path: deep-buffer-playback speaker
09-04 13:37:35.720   648  4526 D soundtrigger: audio_extn_sound_trigger_update_stream_status: uc_info->id 0 of type 0 for Event 2, with Raise=1
09-04 13:37:35.720   648  4526 I sound_trigger_platform: platform_stdev_check_and_update_concurrency: Received STREAM event, event type 2, usecase type 0
09-04 13:37:35.720   648  4526 D sound_trigger_platform: platform_stdev_check_and_update_concurrency: dedicated path 0, reset backend 1, tx 0, rx 0,concurrency session allowed
09-04 13:37:35.720   648  4526 D audio_hw_primary: disable_audio_route: exit
09-04 13:37:35.720   648  4526 D hardware_info: hw_info_append_hw_type : device_name = speaker
09-04 13:37:35.720   648  4526 D audio_hw_primary: disable_snd_device: device 2:device_name:speaker:ref_cnt:0
09-04 13:37:35.720   648  4526 D audio_hw_primary: disable_snd_device: snd_device(2: speaker)
09-04 13:37:35.720   648  4526 D msm8974_platform: platform_split_snd_device: snd_device(2) num devices(0) new_snd_devices(0)
09-04 13:37:35.724   648  4526 I soundtrigger: audio_extn_sound_trigger_update_device_status: device 0x2 of type 0 for Event 0, with Raise=0
09-04 13:37:35.724   648  4526 D audio_hw_primary: out_standby: exit
09-04 13:37:35.724   713   943 V AudioFlinger: releaseWakeLock_l() AudioOut_D
09-04 13:37:35.725   713   943 V AudioFlinger: thread 0xe7003880 type 0 TID 943 going to sleep
09-04 13:37:36.194  1488  1909 E VivoSensorTest: LIWEI Java_com_sensoroperate_VivoSensorOperationUtils_jniVivoSensorOperationUtilsInt
09-04 13:37:36.195  1488  1909 D VivoSensorTest: before Java_com_sensoroperate_VivoSensorOperationUtils_jniVivoSensorOperationUtilsInt type=201 arg_len=3
09-04 13:37:36.195  1488  1909 D VivoSensorTest_hidl: 59:VivoSensorTest(): VivoSensorTest start ID 0xc9 201 111 0
09-04 13:37:36.200   694   694 E VivoSensorTest: VivoSensorTest bbk_em_sensor_main: ID 0xc9 arg1 201 arg2 111 arg3 0
09-04 13:37:36.200   694   694 E VivoSensorTest: bbk_em_sensor_main: ID 0xc9 args 201 111 0
09-04 13:37:36.200   694   694 E VivoSensorTest: sensor_operation_utils sensor_als_get_raw_data
09-04 13:37:36.200   694   694 W VivoSensorTest: Waiting for service
09-04 13:37:36.201   694   694 W VivoSensorTest: Waiting complete
09-04 13:37:36.201   694   694 W VivoSensorTest: Creating client connection
09-04 13:37:36.203   694   694 W VivoSensorTest: Sending request payload len 52
09-04 13:37:36.205   694 24522 W VivoSensorTest: Received response; error 0, msg_id 32, size 32
09-04 13:37:36.205   694 24522 W VivoSensorTest: Received client ID 1585 result 0
09-04 13:37:36.206   694 24522 W VivoSensorTest: Received Indication; len 89
09-04 13:37:36.206   694 24522 W VivoSensorTest: Indication from client ID 1585
09-04 13:37:36.206   694 24522 W VivoSensorTest: Begin decoding event
09-04 13:37:36.206   694 24522 W VivoSensorTest: Received SUID Event with SUID 2a462eac2a9a1071 4795ecea145f6a96
09-04 13:37:36.206   694 24522 W VivoSensorTest: vivo_signal_response
09-04 13:37:36.206   694 24522 W VivoSensorTest: Received SUID Event with data type 'ambient_light'
09-04 13:37:36.206   694 24522 W VivoSensorTest: Event decoding complete
09-04 13:37:36.206   694 24522 I VivoSensorTest: Indication processing completed
09-04 13:37:36.207   694   694 V VivoSensorTest: send_enable_req
09-04 13:37:36.207   694   694 W VivoSensorTest: Sending request payload len 40
09-04 13:37:36.207   694   694 I VivoSensorTest: als raw data ignore ready time....
09-04 13:37:36.207   694   694 D VivoSensorTest: vivo_send_req command_count 0/1
09-04 13:37:36.207   694   694 W VivoSensorTest: Sending request payload len 41
09-04 13:37:36.209   694 24522 W VivoSensorTest: Received response; error 0, msg_id 32, size 32
09-04 13:37:36.209   694 24522 W VivoSensorTest: Received client ID 1585 result 0
09-04 13:37:36.209   694 24522 W VivoSensorTest: Received response; error 0, msg_id 32, size 32
09-04 13:37:36.209   694 24522 W VivoSensorTest: Received client ID 1585 result 0
09-04 13:37:36.210   694 24522 W VivoSensorTest: Received Indication; len 80
09-04 13:37:36.210   694 24522 W VivoSensorTest: Indication from client ID 1585
09-04 13:37:36.210   694 24522 W VivoSensorTest: Begin decoding event
09-04 13:37:36.210   694 24522 V VivoSensorTest: Begin decoding sensor event 768
09-04 13:37:36.210   694 24522 E VivoSensorTest: SNS_STD_SENSOR_MSGID_SNS_STD_SENSOR_EVENT: Error decoding event: missing required field
09-04 13:37:36.210   694 24522 E VivoSensorTest: Error decoding Event: callback failed
09-04 13:37:36.210   694 24522 W VivoSensorTest: Event decoding complete
09-04 13:37:36.210   694 24522 E VivoSensorTest: Error decoding event list: callback failed
09-04 13:37:36.210   694 24522 I VivoSensorTest: Indication processing completed
09-04 13:37:36.211   694 24522 W VivoSensorTest: Received Indication; len 86
09-04 13:37:36.211   694 24522 W VivoSensorTest: Indication from client ID 1585
09-04 13:37:36.211   694 24522 W VivoSensorTest: Begin decoding event
09-04 13:37:36.211   694 24522 V VivoSensorTest: Begin decoding sensor event 1023
09-04 13:37:36.211   694 24522 W VivoSensorTest: vivo_signal_response
09-04 13:37:36.211   694 24522 E VivoSensorTest: VIVO_MSGID_SNS_SENSOR_GET_DATA_EVENT: received/total 1/1
09-04 13:37:36.211   694 24522 I VivoSensorTest: als_rawdata_callback lux is 786.927124 2323.000000 2373.000000 2327.000000 111.000000
09-04 13:37:36.211   694 24522 V VivoSensorTest: Done decoding sensor event
09-04 13:37:36.211   694 24522 W VivoSensorTest: Event decoding complete
09-04 13:37:36.211   694 24522 I VivoSensorTest: Indication processing completed
09-04 13:37:36.212   694   694 W VivoSensorTest: Sensors  data test completed - Exiting ret =1
09-04 13:37:36.212  1488  1909 D VivoSensorTest_hidl: 100:VivoSensorTest(): VivoSensorTest end ID 201 ret 0
09-04 13:37:36.212  1488  1909 D VivoSensorTest: after Java_com_sensoroperate_VivoSensorOperationUtils_jniVivoSensorOperationUtilsInt type=201 arg_len=3
09-04 13:37:36.213  1488  1909 D VivoSensorOperationUtils: executeCommand 0
09-04 13:37:36.213  1488  1909 D VivoProxCaliService: Get als_data _end:786.9271
09-04 13:37:36.235 12824 12914 D DataFormatter: Normal bytes 1419
09-04 13:37:36.421   718   718 I ConfigStore: android::hardware::configstore::V1_0::ISurfaceFlingerConfigs::hasHDRDisplay retrieved: 0
09-04 13:37:36.422   718   718 I chatty  : uid=1000(system) /system/bin/surfaceflinger identical 2 lines
09-04 13:37:36.423   718   718 I ConfigStore: android::hardware::configstore::V1_0::ISurfaceFlingerConfigs::hasHDRDisplay retrieved: 0
09-04 13:37:36.427   718   718 I SurfaceFlinger: FPS(Built-in Screen): 3
09-04 13:37:36.672   718   718 I ConfigStore: android::hardware::configstore::V1_0::ISurfaceFlingerConfigs::hasHDRDisplay retrieved: 0
09-04 13:37:36.674   718   718 I chatty  : uid=1000(system) /system/bin/surfaceflinger identical 2 lines
09-04 13:37:36.674   718   718 I ConfigStore: android::hardware::configstore::V1_0::ISurfaceFlingerConfigs::hasHDRDisplay retrieved: 0
09-04 13:37:37.015   935  1058 E ThermalEngine: vivo_thermal_parameter_config :VivoThermal:read type:1  buf: 1
09-04 13:37:37.015   935  1058 E ThermalEngine:  
09-04 13:37:37.441   718   718 I ConfigStore: android::hardware::configstore::V1_0::ISurfaceFlingerConfigs::hasHDRDisplay retrieved: 0
09-04 13:37:37.443   718   718 I chatty  : uid=1000(system) /system/bin/surfaceflinger identical 2 lines
09-04 13:37:37.443   718   718 I ConfigStore: android::hardware::configstore::V1_0::ISurfaceFlingerConfigs::hasHDRDisplay retrieved: 0
09-04 13:37:37.448   718   718 I SurfaceFlinger: FPS(Built-in Screen): 2
09-04 13:37:37.655   718   718 I ConfigStore: android::hardware::configstore::V1_0::ISurfaceFlingerConfigs::hasHDRDisplay retrieved: 0
09-04 13:37:38.320  1060  1060 E wificond: vivo add tx_good 261050 tx_bad 0 rx_good 2223348 tx_retry 13477
09-04 13:37:37.657   718   718 I chatty  : uid=1000(system) /system/bin/surfaceflinger identical 2 lines
09-04 13:37:37.657   718   718 I ConfigStore: android::hardware::configstore::V1_0::ISurfaceFlingerConfigs::hasHDRDisplay retrieved: 0
09-04 13:37:38.321  1488  1856 D WificondControl: vivo add pollResult txgood 261050 txbad 0 rxgood 2223348 txretry 13477
09-04 13:37:38.322  1488  1856 D VivoWifiRssiMap: setFirstFetchRssi, mFirstFetchRssi:-49, rssi:-52
09-04 13:37:38.322  1488  1856 D VivoWifiRssiMap: setWifiRssi, rssi:-52
09-04 13:37:38.675   718   718 I ConfigStore: android::hardware::configstore::V1_0::ISurfaceFlingerConfigs::hasHDRDisplay retrieved: 0
09-04 13:37:38.676   718   718 I chatty  : uid=1000(system) /system/bin/surfaceflinger identical 2 lines
09-04 13:37:38.677   718   718 I ConfigStore: android::hardware::configstore::V1_0::ISurfaceFlingerConfigs::hasHDRDisplay retrieved: 0
09-04 13:37:38.682   718   718 I SurfaceFlinger: FPS(Built-in Screen): 2
09-04 13:37:39.253 12824 12914 D DataFormatter: Normal bytes 2276
09-04 13:37:39.671   718   718 I ConfigStore: android::hardware::configstore::V1_0::ISurfaceFlingerConfigs::hasHDRDisplay retrieved: 0
09-04 13:37:39.673   718   718 I chatty  : uid=1000(system) /system/bin/surfaceflinger identical 2 lines
09-04 13:37:39.673   718   718 I ConfigStore: android::hardware::configstore::V1_0::ISurfaceFlingerConfigs::hasHDRDisplay retrieved: 0
09-04 13:37:39.914  2497  2991 D _V_Settings/BW: ReadCodeTask:mStringNotifyCode: 0
09-04 13:37:39.914  2497  2991 D _V_Settings/BW: ReadCodeTask:mNotifyCode: 0
09-04 13:37:39.936  2741  5336 I RMS-Reclaim: available=1814008KB, current watermark=716800KB, last watermark=716800KB, current stopline=800, last stopline=1000
09-04 13:37:39.936  2741  5336 I RMS-Reclaim: Reclaiming took : 1ms
09-04 13:37:40.017   935  1058 E ThermalEngine: vivo_thermal_parameter_config :VivoThermal:read type:1  buf: 1
09-04 13:37:40.017   935  1058 E ThermalEngine:  
09-04 13:37:40.692   718   718 I ConfigStore: android::hardware::configstore::V1_0::ISurfaceFlingerConfigs::hasHDRDisplay retrieved: 0
09-04 13:37:40.693   718   718 I chatty  : uid=1000(system) /system/bin/surfaceflinger identical 2 lines
09-04 13:37:40.693   718   718 I ConfigStore: android::hardware::configstore::V1_0::ISurfaceFlingerConfigs::hasHDRDisplay retrieved: 0
09-04 13:37:40.697   718   718 I SurfaceFlinger: FPS(Built-in Screen): 2
09-04 13:37:41.352  1060  1060 E wificond: vivo add tx_good 261050 tx_bad 0 rx_good 2223352 tx_retry 13477
09-04 13:37:41.353  1488  1856 D WificondControl: vivo add pollResult txgood 261050 txbad 0 rxgood 2223352 txretry 13477
09-04 13:37:41.353  1488  1856 D VivoWifiRssiMap: setFirstFetchRssi, mFirstFetchRssi:-49, rssi:-52
09-04 13:37:41.354  1488  1856 D VivoWifiRssiMap: setWifiRssi, rssi:-52
09-04 13:37:41.689   718   718 I ConfigStore: android::hardware::configstore::V1_0::ISurfaceFlingerConfigs::hasHDRDisplay retrieved: 0
09-04 13:37:41.691   718   718 I chatty  : uid=1000(system) /system/bin/surfaceflinger identical 2 lines
09-04 13:37:41.691   718   718 I ConfigStore: android::hardware::configstore::V1_0::ISurfaceFlingerConfigs::hasHDRDisplay retrieved: 0
09-04 13:37:42.267 12824 12914 D DataFormatter: Normal bytes 339
09-04 13:37:42.709   718   718 I ConfigStore: android::hardware::configstore::V1_0::ISurfaceFlingerConfigs::hasHDRDisplay retrieved: 0
09-04 13:37:42.710   718   718 I chatty  : uid=1000(system) /system/bin/surfaceflinger identical 2 lines
09-04 13:37:42.710   718   718 I ConfigStore: android::hardware::configstore::V1_0::ISurfaceFlingerConfigs::hasHDRDisplay retrieved: 0
09-04 13:37:42.714   718   718 I SurfaceFlinger: FPS(Built-in Screen): 2
09-04 13:37:43.021   935  1058 E ThermalEngine: vivo_thermal_parameter_config :VivoThermal:read type:1  buf: 1
09-04 13:37:43.021   935  1058 E ThermalEngine:  
