--------- beginning of main
09-04 13:34:11.903  2497  2991 D _V_Settings/BW: ReadCodeTask:mStringNotifyCode: 0
09-04 13:34:11.904  2497  2991 D _V_Settings/BW: ReadCodeTask:mNotifyCode: 0
09-04 13:34:12.396  1488  5638 W System.err: java.io.FileNotFoundException: /proc/24249/cmdline (No such file or directory)
09-04 13:34:12.397  1488  5638 W System.err: 	at java.io.FileInputStream.open0(Native Method)
09-04 13:34:12.397  1488  5638 W System.err: 	at java.io.FileInputStream.open(FileInputStream.java:231)
09-04 13:34:12.397  1488  5638 W System.err: 	at java.io.FileInputStream.<init>(FileInputStream.java:165)
09-04 13:34:12.397  1488  5638 W System.err: 	at android.os.FileUtils.readTextFile(FileUtils.java:514)
09-04 13:34:12.397  1488  5638 W System.err: 	at com.vivo.services.epm.util.Utils.getCmdlineFromPid(Utils.java:126)
09-04 13:34:12.397  1488  5638 W System.err: 	at com.vivo.services.epm.policy.meminfo.MemInfoScheduledTask.pollOnce(MemInfoScheduledTask.java:72)
09-04 13:34:12.397  1488  5638 W System.err: 	at com.vivo.services.epm.policy.meminfo.MemInfoScheduledTask.doTaskOnce(MemInfoScheduledTask.java:38)
09-04 13:34:12.397  1488  5638 W System.err: 	at com.vivo.services.epm.util.ScheduledTask.runSafely(ScheduledTask.java:69)
09-04 13:34:12.397  1488  5638 W System.err: 	at com.vivo.services.epm.util.ScheduledTask.run(ScheduledTask.java:51)
09-04 13:34:12.397  1488  5638 W System.err: 	at java.util.concurrent.Executors$RunnableAdapter.call(Executors.java:458)
09-04 13:34:12.397  1488  5638 W System.err: 	at java.util.concurrent.FutureTask.runAndReset(FutureTask.java:307)
09-04 13:34:12.397  1488  5638 W System.err: 	at java.util.concurrent.ScheduledThreadPoolExecutor$ScheduledFutureTask.run(ScheduledThreadPoolExecutor.java:302)
09-04 13:34:12.397  1488  5638 W System.err: 	at java.util.concurrent.ThreadPoolExecutor.runWorker(ThreadPoolExecutor.java:1167)
09-04 13:34:12.397  1488  5638 W System.err: 	at java.util.concurrent.ThreadPoolExecutor$Worker.run(ThreadPoolExecutor.java:641)
09-04 13:34:12.397  1488  5638 W System.err: 	at java.lang.Thread.run(Thread.java:764)
--------- beginning of system
09-04 13:34:12.537  1488  5638 D MemInfoPolicyHandler: procMems valid size=752
09-04 13:34:12.538  1488  5638 D MemInfoPolicyHandler: mCurrentMemInfo={ total=3713868 cached=495676 free=182348 top5={ (pid 1488 system_server)|243156}{ (pid 31623 com.bbk.launcher2)|201348}{ (pid 2094 com.android.systemui)|136786}{ (pid 15537 com.android.vending)|116168}{ (pid 21437 com.google.android.exoplayer2.demo)|89631}}
09-04 13:34:12.538  1488  5638 D MemInfoPolicyHandler: mOldMemInfo={ total=3713868 cached=564724 free=313312 top5={ (pid 1488 system_server)|233038}{ (pid 31623 com.bbk.launcher2)|200157}{ (pid 2094 com.android.systemui)|177782}{ (pid 15537 com.android.vending)|123191}{ (pid 16980 com.emoji.keyboard.touchpal.vivo)|90333}}
09-04 13:34:12.538  1488  5638 D MemInfoPolicyHandler: poll once cost 3985 ms
09-04 13:34:12.601  1060  1060 E wificond: vivo add tx_good 200996 tx_bad 0 rx_good 2160253 tx_retry 9588
09-04 13:34:12.601  1488  1856 D WificondControl: vivo add pollResult txgood 200996 txbad 0 rxgood 2160253 txretry 9588
09-04 13:34:12.602  1488  1856 D VivoWifiRssiMap: setFirstFetchRssi, mFirstFetchRssi:-49, rssi:-54
09-04 13:34:12.602  1488  1856 D VivoWifiRssiMap: setWifiRssi, rssi:-54
09-04 13:34:12.647   718   718 I SurfaceFlinger: FPS(Built-in Screen): 26
09-04 13:34:12.946   935  1058 E ThermalEngine: vivo_thermal_parameter_config :VivoThermal:read type:1  buf: 1
09-04 13:34:12.946   935  1058 E ThermalEngine:  
09-04 13:34:13.126 21437 21446 V PlayerBase: baseRelease() piid=1575 state=0
09-04 13:34:13.650   718   718 I SurfaceFlinger: FPS(Built-in Screen): 24
09-04 13:34:14.555 12824 12914 D DataFormatter: Normal bytes 447494
09-04 13:34:14.680   718   718 I SurfaceFlinger: FPS(Built-in Screen): 25
09-04 13:34:14.737  2741  5336 I RMS-Reclaim: available=1808616KB, current watermark=716800KB, last watermark=716800KB, current stopline=800, last stopline=1000
09-04 13:34:14.737  2741  5336 I RMS-Reclaim: Reclaiming took : 1ms
09-04 13:34:15.623  1060  1060 E wificond: vivo add tx_good 202200 tx_bad 0 rx_good 2161469 tx_retry 9675
09-04 13:34:15.624  1488  1856 D WificondControl: vivo add pollResult txgood 202200 txbad 0 rxgood 2161469 txretry 9675
09-04 13:34:15.626  1488  1856 D VivoWifiRssiMap: setFirstFetchRssi, mFirstFetchRssi:-49, rssi:-55
09-04 13:34:15.626  1488  1856 D VivoWifiRssiMap: setWifiRssi, rssi:-55
09-04 13:34:15.732   718   718 I SurfaceFlinger: FPS(Built-in Screen): 26
09-04 13:34:15.947   935  1058 E ThermalEngine: vivo_thermal_parameter_config :VivoThermal:read type:1  buf: 1
09-04 13:34:15.947   935  1058 E ThermalEngine:  
09-04 13:34:16.763   718   718 I SurfaceFlinger: FPS(Built-in Screen): 26
09-04 13:34:17.565 12824 12914 D DataFormatter: Normal bytes 511157
09-04 13:34:17.813   718   718 I SurfaceFlinger: FPS(Built-in Screen): 26
09-04 13:34:18.410  1488  1849 D NetdConnector: RCV <- {601 limit alert globalAlert wlan0}
09-04 13:34:18.415  1488  1851 D NtpTrustedTime: currentTimeMillis() cache hit
09-04 13:34:18.433  1033  2821 E Netd    : tether checkPermission, pid:1488 uid:1000 
09-04 13:34:18.484  1488  1851 D NtpTrustedTime: currentTimeMillis() cache hit
09-04 13:34:18.489  1488  1851 D NetdConnector: SND -> {471 bandwidth setglobalalert 20971520}
09-04 13:34:18.490  1488  1849 D NetdConnector: RCV <- {200 471 Bandwidth command succeeeded}
09-04 13:34:18.491  1488  1851 D NetdConnector: RMV <- {200 471 Bandwidth command succeeeded}
09-04 13:34:18.651  1060  1060 E wificond: vivo add tx_good 203696 tx_bad 0 rx_good 2164049 tx_retry 9819
09-04 13:34:18.485  1488  1851 D NtpTrustedTime: currentTimeMillis() cache hit
09-04 13:34:18.652  1488  1856 D WificondControl: vivo add pollResult txgood 203696 txbad 0 rxgood 2164049 txretry 9819
09-04 13:34:18.652  1488  1856 D VivoWifiRssiMap: setFirstFetchRssi, mFirstFetchRssi:-49, rssi:-54
09-04 13:34:18.652  1488  1856 D VivoWifiRssiMap: setWifiRssi, rssi:-54
09-04 13:34:18.814   718   718 I SurfaceFlinger: FPS(Built-in Screen): 25
09-04 13:34:18.949   935  1058 E ThermalEngine: vivo_thermal_parameter_config :VivoThermal:read type:1  buf: 1
09-04 13:34:18.949   935  1058 E ThermalEngine:  
09-04 13:34:19.739  2741  5336 I RMS-Reclaim: available=1797432KB, current watermark=716800KB, last watermark=716800KB, current stopline=800, last stopline=1000
09-04 13:34:19.739  2741  5336 I RMS-Reclaim: Reclaiming took : 1ms
09-04 13:34:19.848   718   718 I SurfaceFlinger: FPS(Built-in Screen): 26
09-04 13:34:19.903  2497  2991 D _V_Settings/BW: ReadCodeTask:mStringNotifyCode: 0
09-04 13:34:19.903  2497  2991 D _V_Settings/BW: ReadCodeTask:mNotifyCode: 0
09-04 13:34:20.571 12824 12914 D DataFormatter: Normal bytes 1361707
09-04 13:34:20.831  1488  1909 E VivoSensorTest: LIWEI Java_com_sensoroperate_VivoSensorOperationUtils_jniVivoSensorOperationUtilsInt
09-04 13:34:20.831  1488  1909 D VivoSensorTest: before Java_com_sensoroperate_VivoSensorOperationUtils_jniVivoSensorOperationUtilsInt type=201 arg_len=3
09-04 13:34:20.831  1488  1909 D VivoSensorTest_hidl: 59:VivoSensorTest(): VivoSensorTest start ID 0xc9 201 111 0
09-04 13:34:20.835   694   694 E VivoSensorTest: VivoSensorTest bbk_em_sensor_main: ID 0xc9 arg1 201 arg2 111 arg3 0
09-04 13:34:20.835   694   694 E VivoSensorTest: bbk_em_sensor_main: ID 0xc9 args 201 111 0
09-04 13:34:20.835   694   694 E VivoSensorTest: sensor_operation_utils sensor_als_get_raw_data
09-04 13:34:20.835   694   694 W VivoSensorTest: Waiting for service
09-04 13:34:20.835   694   694 W VivoSensorTest: Waiting complete
09-04 13:34:20.835   694   694 W VivoSensorTest: Creating client connection
09-04 13:34:20.836   694   694 W VivoSensorTest: Sending request payload len 52
09-04 13:34:20.840   694 24398 W VivoSensorTest: Received response; error 0, msg_id 32, size 32
09-04 13:34:20.840   694 24398 W VivoSensorTest: Received client ID 1572 result 0
09-04 13:34:20.840   694 24398 W VivoSensorTest: Received Indication; len 89
09-04 13:34:20.840   694 24398 W VivoSensorTest: Indication from client ID 1572
09-04 13:34:20.840   694 24398 W VivoSensorTest: Begin decoding event
09-04 13:34:20.840   694 24398 W VivoSensorTest: Received SUID Event with SUID 2a462eac2a9a1071 4795ecea145f6a96
09-04 13:34:20.840   694 24398 W VivoSensorTest: vivo_signal_response
09-04 13:34:20.840   694 24398 W VivoSensorTest: Received SUID Event with data type 'ambient_light'
09-04 13:34:20.840   694 24398 W VivoSensorTest: Event decoding complete
09-04 13:34:20.840   694 24398 I VivoSensorTest: Indication processing completed
09-04 13:34:20.840   694   694 V VivoSensorTest: send_enable_req
09-04 13:34:20.840   694   694 W VivoSensorTest: Sending request payload len 40
09-04 13:34:20.840   694   694 I VivoSensorTest: als raw data ignore ready time....
09-04 13:34:20.840   694   694 D VivoSensorTest: vivo_send_req command_count 0/1
09-04 13:34:20.840   694   694 W VivoSensorTest: Sending request payload len 41
09-04 13:34:20.842   694 24398 W VivoSensorTest: Received response; error 0, msg_id 32, size 32
09-04 13:34:20.842   694 24398 W VivoSensorTest: Received client ID 1572 result 0
09-04 13:34:20.842   694 24398 W VivoSensorTest: Received response; error 0, msg_id 32, size 32
09-04 13:34:20.842   694 24398 W VivoSensorTest: Received client ID 1572 result 0
09-04 13:34:20.844   694 24398 W VivoSensorTest: Received Indication; len 80
09-04 13:34:20.844   694 24398 W VivoSensorTest: Indication from client ID 1572
09-04 13:34:20.844   694 24398 W VivoSensorTest: Begin decoding event
09-04 13:34:20.844   694 24398 V VivoSensorTest: Begin decoding sensor event 768
09-04 13:34:20.844   694 24398 E VivoSensorTest: SNS_STD_SENSOR_MSGID_SNS_STD_SENSOR_EVENT: Error decoding event: missing required field
09-04 13:34:20.844   694 24398 E VivoSensorTest: Error decoding Event: callback failed
09-04 13:34:20.844   694 24398 W VivoSensorTest: Event decoding complete
09-04 13:34:20.844   694 24398 E VivoSensorTest: Error decoding event list: callback failed
09-04 13:34:20.844   694 24398 I VivoSensorTest: Indication processing completed
09-04 13:34:20.844   694 24398 W VivoSensorTest: Received Indication; len 86
09-04 13:34:20.845   694 24398 W VivoSensorTest: Indication from client ID 1572
09-04 13:34:20.845   694 24398 W VivoSensorTest: Begin decoding event
09-04 13:34:20.845   694 24398 V VivoSensorTest: Begin decoding sensor event 1023
09-04 13:34:20.845   694 24398 W VivoSensorTest: vivo_signal_response
09-04 13:34:20.845   694 24398 E VivoSensorTest: VIVO_MSGID_SNS_SENSOR_GET_DATA_EVENT: received/total 1/1
09-04 13:34:20.845   694 24398 I VivoSensorTest: als_rawdata_callback lux is 721.489929 2129.000000 2175.000000 2135.000000 88.000000
09-04 13:34:20.845   694 24398 V VivoSensorTest: Done decoding sensor event
09-04 13:34:20.845   694 24398 W VivoSensorTest: Event decoding complete
09-04 13:34:20.845   694 24398 I VivoSensorTest: Indication processing completed
09-04 13:34:20.847   694   694 W VivoSensorTest: Sensors  data test completed - Exiting ret =1
09-04 13:34:20.847  1488  1909 D VivoSensorTest_hidl: 100:VivoSensorTest(): VivoSensorTest end ID 201 ret 0
09-04 13:34:20.847  1488  1909 D VivoSensorTest: after Java_com_sensoroperate_VivoSensorOperationUtils_jniVivoSensorOperationUtilsInt type=201 arg_len=3
09-04 13:34:20.847  1488  1909 D VivoSensorOperationUtils: executeCommand 0
09-04 13:34:20.847  1488  1909 D VivoProxCaliService: Get als_data _end:721.4899
09-04 13:34:20.896   718   718 I SurfaceFlinger: FPS(Built-in Screen): 26
09-04 13:34:21.670  1060  1060 E wificond: vivo add tx_good 204669 tx_bad 0 rx_good 2165083 tx_retry 9871
09-04 13:34:21.671  1488  1856 D WificondControl: vivo add pollResult txgood 204669 txbad 0 rxgood 2165083 txretry 9871
09-04 13:34:21.671  1488  1856 D VivoWifiRssiMap: setFirstFetchRssi, mFirstFetchRssi:-49, rssi:-54
09-04 13:34:21.671  1488  1856 D VivoWifiRssiMap: setWifiRssi, rssi:-54
09-04 13:34:21.930   718   718 I SurfaceFlinger: FPS(Built-in Screen): 25
09-04 13:34:21.950   935  1058 E ThermalEngine: vivo_thermal_parameter_config :VivoThermal:read type:1  buf: 1
09-04 13:34:21.950   935  1058 E ThermalEngine:  
09-04 13:34:22.980   718   718 I SurfaceFlinger: FPS(Built-in Screen): 26
09-04 13:34:23.582 12824 12914 D DataFormatter: Normal bytes 569471
09-04 13:34:24.013   718   718 I SurfaceFlinger: FPS(Built-in Screen): 26
09-04 13:34:24.330  1488  1826 D AlarmManager_Log: Device will wake from idle Alarm{ca036f2 type 0 when 1567584264330 flags 3 windowLength 0 whenElapsed 67870289 maxWhenElapsed 67870289 repeatInterval 0 com.bbk.updater} mPendingIdleUntil:null
09-04 13:34:24.331  1488  1826 V AlarmAlign: setLocked to kernel, type = 2, when = 68012173, curTime = 67870290
09-04 13:34:24.331  1488  1826 V AlarmAlign: setLocked to kernel, type = 3, when = 67905959, curTime = 67870290
09-04 13:34:24.332  1488  1826 V AlarmAlign: mAlarmBatches = 59, triggerList = 1
09-04 13:34:24.343  1488  1826 V AlarmAlign: setLocked to kernel, type = 2, when = 68012173, curTime = 67870302
09-04 13:34:24.344  1488  1826 V AlarmAlign: setLocked to kernel, type = 3, when = 67905959, curTime = 67870303
09-04 13:34:24.360  1488  1488 V SettingsProvider: Notifying for 0: content://settings/system/next_alarm_formatted
09-04 13:34:24.362  2094  2094 W AlarmManager: Unrecognized alarm listener com.android.systemui.keyguard.KeyguardSliceProvider$$Lambda$0@98faf7a
09-04 13:34:24.372  1488  7460 D ActivityManager: StartMode packageName = com.bbk.updater ,callingPid = -1 ,alwaysRestrict = true ,startMode = 2 ,UidRec:UidRecord{1885fc9 u0a134 SVC  bg:+18h37m3s753ms idle change:idle procs:2 seq(0,0,0)}
09-04 13:34:24.411  8720  8720 I _V_Updater/EventLogs: receive broadcast: com.bbk.updater.action.AUTO_CHECK_HOURLY
09-04 13:34:24.412  8720  8720 I _V_Updater/strategy/AutoCheckStrategy: received: com.bbk.updater.action.AUTO_CHECK_HOURLY
09-04 13:34:24.414  8720  8720 I _V_Updater/strategy/AutoCheckStrategy: AutoCheck Trige arrival, trigeType: HOURLY_ALARM, elaplseTime: 67870373
09-04 13:34:24.429  8720  8720 I _V_Updater/strategy/AutoCheckStrategy: Network is connected, interval is 11986141
09-04 13:34:24.430  8720  8720 I _V_Updater/strategy/AutoCheckStrategy: Is it time to check? true
09-04 13:34:24.441  8720  8720 I _V_Updater/EventLogs: AutoCheckUpdate start
09-04 13:34:24.467  8720  8720 I _V_Updater/strategy/SelfUpgradeStrategy: received: com.bbk.updater.action.AUTO_CHECK_HOURLY
09-04 13:34:24.468  1488  1579 D ActivityManager: StartMode packageName = com.bbk.updater ,callingPid = -1 ,alwaysRestrict = true ,startMode = 2 ,UidRec:UidRecord{1885fc9 u0a134 SVC  bg:+18h37m3s848ms idle change:idle procs:2 seq(0,0,0)}
09-04 13:34:24.473  8720  8763 D _V_Updater/CommonUtils: connect type = 1
09-04 13:34:24.474  8720 24401 I _V_Updater/CommonUtils: Is last update failed? false
09-04 13:34:24.474  8720  8763 I _V_Updater/SelfUpgradeUtils: lastSelfCheckTime: 1567572333007, currentTime: 1567584264474
09-04 13:34:24.474  8720 24401 I _V_Updater/CommonUtils: isPreventBrush? false
09-04 13:34:24.474  8720  8763 D _V_Updater/SelfUpgradeUtils: cannotRequestInBackground nowHour: 13, nowMinute: 34, cannotRequest:false
09-04 13:34:24.474  8720  8763 I _V_Updater/strategy/SelfUpgradeStrategy: start self upgrade check!!
09-04 13:34:24.476  8720 24401 D _V_a    : Create Repo List By packageName:com.bbk.updater,key:Updater_ServerAddressEx_key
09-04 13:34:24.483  8720 24402 D DomainHelper: test: domain repo size:0
09-04 13:34:24.484  8720 24401 I _V_a    : skip read vivo damons file
09-04 13:34:24.485  8720 24402 I DomainHelper: skip read vivo damons file
09-04 13:34:24.486  3992  3992 I _V_Updater/remote/RefreshTimerReceiver: Refresh timer! Action is new.com.vivo.updater.config_alarm
09-04 13:34:24.487  3992  3992 I _V_Updater/remote/RefreshTimerReceiver: Bundle[mParcelledData.dataSize=272]
09-04 13:34:24.487  3992  3992 I _V_Updater/remote/RefreshTimerReceiver: isRepeatAlarm: false, isSetExact: false, startDelayTime: 0,intervalTime: 12107 ,selfUpgradeAlarmTimes:-1
09-04 13:34:24.492  3992  3992 D _V_Updater/remote/AlarmUtils: Disposable alarm is set! Action is com.bbk.updater.action.AUTO_CHECK_HOURLY, time is Wed Sep 04 16:56:11 GMT+05:30 2019
09-04 13:34:24.494  8720 24402 D SystemUtils: isMtk false isMulSimCard true
09-04 13:34:24.494  1488  7460 V AlarmAlign: setLocked to kernel, type = 2, when = 68012173, curTime = 67870453
09-04 13:34:24.494  1488  7460 V AlarmAlign: setLocked to kernel, type = 3, when = 67905959, curTime = 67870453
09-04 13:34:24.498  1488  1488 V SettingsProvider: Notifying for 0: content://settings/system/next_alarm_formatted
09-04 13:34:24.499  2094  2094 W AlarmManager: Unrecognized alarm listener com.android.systemui.keyguard.KeyguardSliceProvider$$Lambda$0@98faf7a
09-04 13:34:24.495  8720  8720 W pool-3-thread-1: type=1400 audit(0.0:28152): avc: denied { read } for name="ufsid" dev="sysfs" ino=49469 scontext=u:r:platform_app:s0:c512,c768 tcontext=u:object_r:sysfs:s0 tclass=file permissive=0
09-04 13:34:24.501  8720 24402 W System.err: java.io.FileNotFoundException: /sys/ufs/ufsid (Permission denied)
09-04 13:34:24.507  8720 24402 W System.err: 	at java.io.FileInputStream.open0(Native Method)
09-04 13:34:24.507  1488  7131 V AlarmAlign: setLocked to kernel, type = 2, when = 68012173, curTime = 67870466
09-04 13:34:24.507  8720 24402 W System.err: 	at java.io.FileInputStream.open(FileInputStream.java:231)
09-04 13:34:24.507  1488  7131 V AlarmAlign: setLocked to kernel, type = 3, when = 67875459, curTime = 67870466
09-04 13:34:24.507  8720 24402 W System.err: 	at java.io.FileInputStream.<init>(FileInputStream.java:165)
09-04 13:34:24.507  8720 24402 W System.err: 	at com.vivo.upgrade.library.d.l.a(SystemUtils.java:349)
09-04 13:34:24.507  8720 24402 W System.err: 	at com.vivo.upgrade.library.d.l.a(SystemUtils.java:306)
09-04 13:34:24.507  8720 24402 W System.err: 	at com.vivo.upgrade.library.c.f.a(NetParam.java:95)
09-04 13:34:24.507  8720 24402 W System.err: 	at com.vivo.upgrade.library.c.b.a(CheckUpgradeRequest.java:40)
09-04 13:34:24.507  8720 24402 W System.err: 	at com.vivo.upgrade.library.c.a.d(BaseRequest.java:131)
09-04 13:34:24.507  8720 24402 W System.err: 	at com.vivo.upgrade.library.c.a.c(BaseRequest.java:93)
09-04 13:34:24.507  8720 24402 W System.err: 	at com.vivo.upgrade.library.c.a.b(BaseRequest.java:69)
09-04 13:34:24.507  8720 24402 W System.err: 	at com.vivo.upgrade.library.d.run(VivoUpgradeManager.java:201)
09-04 13:34:24.507  8720 24402 W System.err: 	at java.util.concurrent.Executors$RunnableAdapter.call(Executors.java:458)
09-04 13:34:24.507  8720 24402 W System.err: 	at java.util.concurrent.FutureTask.run(FutureTask.java:266)
09-04 13:34:24.507  8720 24402 W System.err: 	at java.util.concurrent.ThreadPoolExecutor.runWorker(ThreadPoolExecutor.java:1167)
09-04 13:34:24.507  8720 24402 W System.err: 	at java.util.concurrent.ThreadPoolExecutor$Worker.run(ThreadPoolExecutor.java:641)
09-04 13:34:24.507  8720 24402 W System.err: 	at java.lang.Thread.run(Thread.java:764)
09-04 13:34:24.522  8720 24401 D _V_Updater/utils/HttpUtils: reValue<--Updater-EnStr-->LRWML5Pux2WuklhfcygDUNC4cXhuJ214thUJ_HH2c2gFh2hDc0uwxeCDx0C3OqmfJ2geZlhDhyuF6M4POh7fOh7fWv4PTC79Wr7DWv6zZR_46RJ1tMTCJ2WCcl_wx5uI6MCJMz696e4fJXW4ZR_Scl_SZlW56RJ9L5gYtMTYTv6eURW4x0CSA2hNx0Cuc2WSZ5fgMuhTMv6ux5CeL5KgTNrn6N8HWeQlW0Z9WeJnZeQfTNQfTNQfTNQfTv69xM-gxXhsxv6w654gk-KPOM-P_ugr5rgJMugOhkPTR41hM-f2c04Dt51Cxyf2x5gH65fgk-KPOM-P_ugr5v6nU-PuU2hstM-YTq6Xxe4fJ2WwU514cXuq65USx0mgqkm2x0hFkaJwL2heUaTgk-KPOM-P_ugr5v6Y6RU8Zl_SU2h56REgTqmCoeE4JX6ucH1nx5kgWvmPoeEYWu71J2hsZR8965_4L5CutMZlONcfWNk9JX6ucXWSx0mgk-KPOM-P_ugr5rgJMugK_N-1TMryR4hZMkr3TqmCoe-PJX6ucHWw6ykgOMQ4TN-fTeQ0JXW4Te4fJXW4TM4fJXWDxMEgTv69c24PtMQ2c0mDt51Cxyf2c0mPt51Cxyf2L5CuLM4mWeEPWNKfWNTCWNQDWMK2c0_Vh2hDc0uwxe4DOv6fU5JsL5W3x5gH65fgU2u0xDsPOMkPJ21uUC8nclWSU2h56REg
09-04 13:34:24.527  8720 24401 I _V_Updater/BaseCheckUpdateTask: encrypt url. isEncryptFailed: false
09-04 13:34:24.527  8720 24401 D _V_Updater/BaseCheckUpdateTask: check u: <--Updater-EnStr-->La_4caTIoDg9ARWCcyUDZ5_uo5rfLq10LR6w60PwZ2rso2WwxqgncyHPtl8nc2rFtkPqh4CTWh8CANJRU5FsLy6eA5U-hk1NWyWZLahGTe-4UynhqugEqNJeT2UyLNJj_yTfURUm6kW-AN8NT4gPx56GT2Uu52Pj_yn1UkZ0MM_KM0dl6HgjW06RUe_Kh-TlOhUDW4_RUe6I5uJ3WN6qqer4Mh_NqeJRK0WsRlUmWRhJWHCNqHCIWeH06M_2qunRWrSqRCWexrgM52PRWM6qqeuTW5U6U-Ck5h_0W2hhkuc4AN8Nk4-DL-1mT-WCZ9JRkCjC62UWU5nkMRZ0URdCK0hTWkFXh-1Dxe6OO-nR6hrsh98LOhUuq21L6hr2h-1_6u_Ok56kMur2haZ0ORnWo5Um5yn9AaZ0U9ZCWyUVokFKM44FkrgC6lECc2UGMRhXM0nVkr_qWNrjMqC2T2TfW-_4WMrNAau2TXdC64d0W56XLDCok-gWoh83U5UDWRZ0xukFkahhT2n9U-4F5h_PWunm6M_2qeJRUCkCTM_e5ahPWehhkldfx5UPL04DAN8j_2FnqXUTT2nuh5rk60sFqC8tMqCKRlhXceh0WuH0kukm52P3kCkDLNk0kHhXharFK0gu_M_G5N6CZ4dPxXdCL0URU2CKx0hr5hUCW9rGT2n95uEmOMZCR9_TWkWCU-CLx-gOZ06RM2s1qud0U5WZhCWmTyCXLDCok-gWoh83U5UDWRJXqHCC64F3Mz4Ph-CDAhE4LrSWLlE9harFK0guoh8G5N6CZ4nRU961L0UtMh-4h-mF6u_ukM8G5rc4hyk46HSZh9_kMM_2qunR_anW_5UkUeZ1Z9E4ka_WkMJeTyC-UNkPKln16eJeTyCKUNkPKln16eJTWkWCM-44xhUu_h8RMHF2h41kKCUOkk_RMksDZ983h2dDL-_eTahlAyk4_-g0W26hWkS9MNhRTldC64d0W56XhMJCTan-cC8tM5FKqeEPUhhNOy1exrUMhMJjWM6q_5UGTu8YANJhKCjChRh4W5n6kHWjMkjDx2PjT2n-Uydmoh_Wqr8kL9Z9R0nYh4FPWeuhK96CZ0k4kyguLCukMq4DWeJKxeZ1Wy6GTXJNhRuXqanOWy6G5Nn-AyP3UCjfcXWhT2n-Z98CUlnuWN_w6h-D5e8YUhjf_2FeTXhZWHCN_kCNLarWcXk9q0FKOyFEWNJT5N6Kk2P3T5W1L0Ukkq6bUX-gTqmfoeH2Z0gCxX_DA5Ww6ykgqkm
09-04 13:34:24.530  8720 24401 I _V_Updater/strategy/DataStatisticsStrategy: isEncryptUrlHasJvq: true ,isReversible: true
09-04 13:34:24.558  8720 24402 I SystemUtils: funtouchSDKImei=862144043540254
09-04 13:34:24.562  8720 24401 D NetworkSecurityConfig: No Network Security Config specified, using platform default
09-04 13:34:24.563  8720 24401 I DpmTcmClient: RegisterTcmMonitor from: $Proxy0
09-04 13:34:24.600  8720 24402 E VivoUpgrade.Device: getDefaultDataPhoneId , java.lang.ClassNotFoundException: SubscriptionManager
09-04 13:34:24.602  1488  1488 V SettingsProvider: Notifying for 0: content://settings/system/ms
09-04 13:34:24.690  1060  1060 E wificond: vivo add tx_good 205757 tx_bad 0 rx_good 2166184 tx_retry 9944
09-04 13:34:24.690  1488  1856 D WificondControl: vivo add pollResult txgood 205757 txbad 0 rxgood 2166184 txretry 9944
09-04 13:34:24.690  1488  1856 D VivoWifiRssiMap: setFirstFetchRssi, mFirstFetchRssi:-49, rssi:-54
09-04 13:34:24.691  1488  1856 D VivoWifiRssiMap: setWifiRssi, rssi:-54
09-04 13:34:24.742  2741  5336 I RMS-Reclaim: available=1789784KB, current watermark=716800KB, last watermark=716800KB, current stopline=800, last stopline=1000
09-04 13:34:24.742  2741  5336 I RMS-Reclaim: Reclaiming took : 1ms
09-04 13:34:24.907  8720 24401 D Linux   : [Posix_connect Debug]Process com.bbk.updater :443 
09-04 13:34:24.951   935  1058 E ThermalEngine: vivo_thermal_parameter_config :VivoThermal:read type:1  buf: 1
09-04 13:34:24.951   935  1058 E ThermalEngine:  
09-04 13:34:25.063   718   718 I SurfaceFlinger: FPS(Built-in Screen): 26
09-04 13:34:25.147  8720 24401 I _V_Updater/BaseCheckUpdateTask: Get response from server: 
09-04 13:34:25.148  8720 24401 I _V_Updater/BaseCheckUpdateTask: <--Updater-EnStr-->ADJ06RJ9L5gYEejzTqmCoeE4EzfzUauf6qEIE2uYZlJuEzfz62us6kPux2U4LvEIEeT1Wek1T9E1TvEsE26SxyhOZ5CuEejzk-KPOM-P_ugr5-C8oR8nUyWjR9-YWqmDWrg2xlJ3TqmCoe-PR9QmTecfTME9WN-YA2ufEzfzx5KCEejzW9HlWMZ0OMHmT2T0Z9k9W5JuT2-9T5E0T5-mONhz6NkzovJHxlUYxygn6rhqMvEIE2n4UaQIoDg9ARWCcyUDZ5_uo5rfLq10LR6w60PwZ2rso2WwxqgHZR8STq1Hx9g2L5PuM2rF6MCK_N-1TMryR4hZMk-Fcyr4Z0n3TqmCoeE4R06wcu7PoekYTMr3TNdDW9QPTeT4Tq1ILRQ262us6kPux2U4LN49OMZCOMTDOMQ2URQYL5CuLM4mWeEPWNKfWNTCWNQDWMK2URQYLyJwxlKgxXhsxv6Ccv1Y6RU56RJ9L5gYtM-YWqmDWv6Ccv14AR8ut5uYZlJuJ2n4Ua89klhfcygDUN4PJXhfo2Cw6yhsth8-TMHPTk63_hd2URQYU2hDc0uwxeCK_N-1TMryR4hZR4uORC8-TMHPTk63_hnWKh7PoekYTM-2URQYcaJwx2rF6MC0LR6wJMJvTMHCTq6Ccv1uxyrfc0hHUyuF6M40W9dlTNKCTD6Ccv1PU5hDAR_1cykgTv6Ccv19UN-gTv6Ccv19UNEgTv6Ccv196e4fJXhfo214thUJ_HH2URQYclJFTM4fJXhfoXWDxMEgTv6Ccv1nUR_w6yfgTvEsEX8Dxl_wZ0rsh2hDc0uwxzEIEeKYTvEsE2u9KRh4x4_wU01sx0rHEeS2Z5P96qfzZ5W4LR6ukyreL0rX6qEIUaJC6qfzUR8HZR_uMygXEejzEzfzxygX52ufEejzLa_4cNjwo0uYoRW1clhfUlWHxv10LR6w60PwZ2rso2WwxqgCcyUDZ5_uo0dCo9EfTMHwTNdwTeQPOMQmT9QfOMElT9d4WNQmWNkPWv1ILRQzovJsx0ULLR8W6NkzOzEDT9HmT2WH6Nc06yhuW9TfTN_eT2ZCTMKDW0TP6Nrz6qEsE2Pw6ChDxvEIE2n4UaQIoDgSxzC9ARWCcaU96yfYU2u0x0Usx0Jnxv1ex04wUR8Xc2rH6qgjWq7DTN-1o9Qmo9EfTMHfONTfTNHDW9TmWNKfONKCTMKwL51H6RdYLa_FxvEsE2Pw64nuZ5KzOzJ0LR6wJMEfc2h0JMEfTqmCoeE4GNTlOvmDTHCvGqEsE26wc2Wuq519UyrsxvEIADJSc46wc2Wuh2hDEeS2Z5P96qfzc2hFL51Hq519Uyrsx-6D6RrC651eAqEIEeQzovJD65CSx2_hcyUDZ5_u_XJucRhux2W1EejzTvJgovJ9L5Pux2Wuq519UyrsxvEIADJScCWSxyhYZ0hJxXW4Z5PsEeS2Z5P96qfzZ2r4UyhDAqEIEeQzovJSc4rsx-_nAqEIUaJC6qfzZ2hXL51kL5CuEejzEzfz651HhyuF6qEIEzEsE2u9K0gYc0gs6kPSx5u4EeS4cXhuovJScC8SxHPSx5u4EeS4cXhuovJ9xyhucr_Sx5kzOzECEzfzZRh4x4_sK0gY6yu4L5gYEejzU0u2LqEsEXJux5uY6-CuUynw6vEIEzEsE2u9k0heURJuK2gwU-PSx5u4EeS4cXhuovJD65CSx2_Gc0gYEeSxRR4sE2u9k0CncX_rx2rzxykzO26nxaWuovJ9x5rDUr_jc2h9Lygs6vEITvmmWqfzc0CncX_RZRHzOzJS6yPuEzfzx2h4kl8u65_kLaJuc0nwxyKzOe-fTvfzZ5UD65hF6514EeSpEXh96RJ8_C6ucXWSx0mzOzEfEzfzcaJSU2reAkrah2hDc0uwxzEIEeQz3R4
09-04 13:34:25.150  8720 24401 I _V_Updater/BaseCheckUpdateTask: start parse data from json structure
09-04 13:34:25.163  8720 24401 I _V_Updater/BaseCheckUpdateTask: JSON parse ended !
09-04 13:34:25.174  8720  8720 D _V_Updater/PrefsUtils: UpdateInfo json: <--Updater-EnStr-->AfjdEvJnZl_SU2hKZ5WVZ5UuEejdUaJC6qfGEvQzZlJwclW56RJ9L5gYEejdEzEsvzQdE2_wU01sx0rHhhJTEejdE2n4UaQIoDg9ARWCcyUDZ5_uo5rfLq10LR6w60PwZ2rso2WwxqgHZR8STq1Hx9g2L5PuM2rF6MCK_N-1TMryR4hZMk-Fcyr4Z0n3TqmCoeE4R06wcu7PoekYTMr3TNdDW9QPTeT4Tq1ILRQ262us6kPux2U4LN49OMZCOMTDOMQ2URQYL5CuLM4mWeEPWNKfWNTCWNQDWMK2URQYLyJwxlKgxXhsxv6Ccv1Y6RU56RJ9L5gYtM-YWqmDWv6Ccv14AR8ut5uYZlJuJ2n4Ua89klhfcygDUN4PJXhfo2Cw6yhsth8-TMHPTk63_hd2URQYU2hDc0uwxeCK_N-1TMryR4hZR4uORC8-TMHPTk63_hnWKh7PoekYTM-2URQYcaJwx2rF6MC0LR6wJMJvTMHCTq6Ccv1uxyrfc0hHUyuF6M40W9dlTNKCTD6Ccv1PU5hDAR_1cykgTv6Ccv19UN-gTv6Ccv19UNEgTv6Ccv196e4fJXhfo214thUJ_HH2URQYclJFTM4fJXhfoXWDxMEgTv6Ccv1nUR_w6yfgTvEsvzQdE26SxyhT651XUydzOzQ9OMZCOMTDOMQsvzQdE26SxyhOZ5CuEejdEu8-TMHPTk63_hnWKqCfZR_eLr7PoekYTe_362gDR9-YWqmPTh7fONElTN-DT9KPoXSScvEsvzQdE26wc2Wuq519UyrsxvEIEasGEvQdEvJSc46wc2Wuh2hDEejd62rsc0ksvzQdEvQzc2hFL51Hq519Uyrsx-6D6RrC651eAqEIENQsvzQdEvQzc2hFL51HhR8Xc2rH6k6D6RrC651eAqEIENQGEv8goQjdEvJSc4rCUyg-xlUYxygn6vEIEy6nxaWuoQjdEvJScCWFZRJ4_51nZ2PuEejd62rsc0ksvzQdE2Pw64nuZ5KzOzQzU2u0xDkDTaJuUzkDTN-YWqmDWvd9W9dYTeJWKzHzoQjdEvJsx0Uhc2fzOzQzLa_4cNjwo0uYoRW1clhfUlWHxv10LR6w60PwZ2rso2WwxqgCcyUDZ5_uo0dCo9EfTMHwTNdwTeQPOMQmT9QfOMElT9d4WNQmWNkPWvgSx2_uAv1jUyCsEzfGEvQzxygX52ufEejdE2n4UaQIoDgSxzC9ARWCcaU96yfYU2u0x0Usx0Jnxv1ex04wUR8Xc2rH6qgjWq7DTN-1o9Qmo9EfTMHfONTfTNHDW9TmWNKfONKCTMKYA2ufEzfGEvQzxygX52ufM5KCEejdEeE9OMdDZ0_HW96H65klT9QfWyTD6ekPWNElZ9rHT5JuEzfGEvQzx5KCEejdEec1W9k0WeH1ONJeW2TCT9hz6MJnT9rzWernONdCZ2KCEzfGEvQzx2h4kl8u65_kLaJuc0nwxyKzOzQPTNQsvzQdEX8Dxl_wZ0rsh2hDc0uwxzEIEvE4oeQzoQjdEvJ9L5Pux2Wuq519UyrsxvEIEasGEvQdEvJnUR_w_yPNx01HLR_Sx0mzOzQzU0u2LqEsvzQdEvQzZ2r4UyhDAqEIENQsvzQdEvQzZ2hXL51kL5CuEejdEzEsvzQdEvQz651HhyuF6qEIEvEzoQjdEvQdE2u9K5Ps_yr1EejdUaJC6qfGEvQdEvJSc4WwxXWwxyhTL5CSUvEIEa_DU5ksvzQdEvQzLRWKL51TL5CSUvEIEa_DU5ksvzQdEvQzLRWM65WCc2hvx0g4MyuFLRKzOz84cXhuoQjdEvQdE2u9k0us651e6kuYcl_nxyfzOz82Z5P96qfGEvQdEvJD65CSx2_Gc0gYEejd5C4svzQdEvQzc2hFL51HM5h4LygHEejdEzEsvzQdEvQzc0Pu6R8kL5CuEejdWKjdEa4svzQdEX_1cykzOzQzL51ec2kzoQjdEvJCcy_nUyhTx0czOzQzEzfGEvQzUR8HZR_uMygXq51EUyCsEejdEzEsvzQdEX6ucXWSx0mzOzQzTqmCoeE4EdSg
09-04 13:34:25.192  8720  8720 D _V_Updater/WebHelper: Key = res_download_is_end_1.5.24, Value = true
09-04 13:34:25.193  8720  8720 D _V_Updater/WebHelper: Key = new_package_on_show_version, Value = 1.5.24
09-04 13:34:25.193  8720  8720 D _V_Updater/WebHelper: Key = timestamp_of_pop_new_version_dialog, Value = 1567516556338
09-04 13:34:25.193  8720  8720 D _V_Updater/WebHelper: Key = new_package_on_show_version_size, Value = 378.22MB
09-04 13:34:25.193  8720  8720 D _V_Updater/WebHelper: Key = last_version_two, Value = 1.5.11
09-04 13:34:25.193  8720  8720 D _V_Updater/WebHelper: Key = auto_check_is_finished, Value = false
09-04 13:34:25.193  8720  8720 D _V_Updater/WebHelper: Key = timestamp_of_screen_action, Value = 1567584136180
09-04 13:34:25.193  8720  8720 D _V_Updater/WebHelper: Key = download_finished_time, Value = 1567517300288
09-04 13:34:25.193  8720  8720 D _V_Updater/WebHelper: Key = init_complete, Value = 1561948208890
09-04 13:34:25.194  8720  8720 D _V_Updater/WebHelper: Key = time_stamp_of_active_first_checked, Value = 1567516457086
09-04 13:34:25.194  8720  8720 D _V_Updater/WebHelper: Key = auto_download_version_arrived, Value = true
09-04 13:34:25.194  8720  8720 D _V_Updater/WebHelper: Key = is_download_in_manual_way, Value = false
09-04 13:34:25.194  8720  8720 D _V_Updater/WebHelper: Key = time_of_last_send_notification, Value = 0
09-04 13:34:25.194  8720  8720 D _V_Updater/WebHelper: Key = timestamp_of_first_need_pop_dialog, Value = 1567517401999
09-04 13:34:25.194  8720  8720 D _V_Updater/WebHelper: Key = new_version_notice_times, Value = 1
09-04 13:34:25.194  8720  8720 D _V_Updater/WebHelper: Key = boot_time, Value = 1567516394041
09-04 13:34:25.194  8720  8720 D _V_Updater/WebHelper: Key = last_version, Value = 1.5.11
09-04 13:34:25.194  8720  8720 D _V_Updater/WebHelper: Key = timestamp_of_pop_dialog, Value = 1567574353106
09-04 13:34:25.194  8720  8720 D _V_Updater/WebHelper: Key = download_type, Value = AUTO_DOWNLOAD
09-04 13:34:25.194  8720  8720 D _V_Updater/WebHelper: Key = data_traffic_statistics, Value = 0
09-04 13:34:25.194  8720  8720 D _V_Updater/WebHelper: Key = is_updating, Value = false
09-04 13:34:25.194  8720  8720 D _V_Updater/WebHelper: Key = time_stamp_of_last_check, Value = 1567584264441
09-04 13:34:25.194  8720  8720 D _V_Updater/WebHelper: Key = data_traffic_statistics_start_time, Value = 1567574580464
09-04 13:34:25.194  8720  8720 D _V_Updater/WebHelper: Key = data_col_auto_update_version, Value = 1.5.24
09-04 13:34:25.199  8720  8720 I _V_Updater/StrategyFactory: onCheckedPackageInServer
09-04 13:34:25.199  8720  8720 I _V_Updater/StrategyFactory: 1
09-04 13:34:25.199  8720  8720 I _V_Updater/StrategyFactory: 2
09-04 13:34:25.199  8720  8720 I _V_Updater/StrategyFactory: onNewActivePackageChecked version: 1.5.24
09-04 13:34:25.211  8720  8720 D _V_Updater/CommonUtils: getSdcardAvailableSize: BlockSize: 4096kb,safe memory: 163840kb
09-04 13:34:25.211  8720  8720 I _V_Updater/WebHelper: version: 1.5.24,versionH5Exists: true,isMounted: true,hasEnoughStorage: true
09-04 13:34:25.213  8720  8720 I _V_Updater/DownloadInfoManager: isBinderAlive:true
09-04 13:34:25.214  3992 31133 I _V_Updater/remote/UpdateDownloadManager*******************: getDownloadStatusExtend,pause_reason: null
09-04 13:34:25.215  8720  8720 I _V_Updater/DownloadInfoManager: Download status query result is 3
09-04 13:34:25.218  8720  8720 I _V_Updater/DownloadInfoManager: isBinderAlive:true
09-04 13:34:25.220  8720  8720 I _V_Updater/strategy/DownloadStrategy: isDownloadStart: true,isDownloadSuccess: true,isDownloadingInfoIsNull: false
09-04 13:34:25.223  8720  8720 I _V_Updater/DownloadInfoManager: isBinderAlive:true
09-04 13:34:25.236  8720  8720 D _V_Updater/CommonUtils: connect type = 1
09-04 13:34:25.237  8720  8720 D _V_Updater/CommonUtils: getSdcardAvailableSize: BlockSize: 4096kb,safe memory: 163840kb
09-04 13:34:25.241  8720  8720 D _V_Updater/CommonUtils: Check Storage space, the download  file length:396593290 free size:48631721984
09-04 13:34:25.241  8720  8720 D _V_Updater/DownloadInfoManager: autoDownloadVerify info: <--Updater-EnStr-->LRWyxlJe65KIEy6nxaWuv2u9k0us6514Oz82Z5P96KSSc4WjZRJXL51XOz84cXhuv2JnUa_ucXHIENTCv2u9K0gY62gDxh_wK2r4UyhDAhJCxykIEa_DU5kGLRWM6yWnc2_WxlhYUyhHOX_DU5kGLRWOxl_McyheL5rsh0u2LknwUaWfxlKIEa_DU5kGZRh4x4_wU01sx0rHklUSUyWjOz84cXhuv21uUaUwc2FkAR8uOz8Rqk6JoyWnxHrCUyg-xlUYxygn6-uYM5gzL5PuOz82Z5P96KSScCJuZ2gwUyuY69jd62rsc0kGLyrHk0us6514hR8HZR_u_2rSxyhHOz82Z5P96KSScCW4xlJn60hrx2gC60dIEa_DU5k
09-04 13:34:25.246  8720  8720 D _V_Updater/CommonUtils: getRemoteBundle: Bundle[mParcelledData.dataSize=44]
09-04 13:34:25.247  8720  8720 D _V_Updater/DownloadInfoManager: autoDownloadVerify return true
09-04 13:34:25.247  8720  8720 I _V_Updater/DownloadInfoManager: isBinderAlive:true
09-04 13:34:25.247  3992 31133 I _V_Updater/remote/UpdateDownloadManager*******************: getDownloadStatusExtend,pause_reason: null
09-04 13:34:25.247  8720  8720 I _V_Updater/DownloadInfoManager: Download status query result is 3
09-04 13:34:25.247  8720  8720 D _V_Updater/strategy/AutoDownloadStrategy:  Is download finished,no need to auto download again
09-04 13:34:25.255  8720  8720 I _V_Updater/CommonUtils: notice launcher and updater 1(1:has new update)
09-04 13:34:25.256  1488  1579 D ActivityManager: StartMode packageName = com.bbk.launcher2 ,callingPid = -1 ,alwaysRestrict = true ,startMode = 2 ,UidRec:UidRecord{8f6b36a u0a185 HOME bg:+1m36s136ms idle change:cached procs:1 seq(0,0,0)}
09-04 13:34:25.256  1488  1579 W BroadcastQueue: Background execution force allowed: receiving Intent { act=launcher.action.CHANGE_APPLICATION_NOTIFICATION_NUM flg=0x10 pkg=com.bbk.launcher2 (has extras) } to com.bbk.launcher2/.NotificationNumChangeReceiver
09-04 13:34:25.269 31623 31658 D _V_Launcher.NotificationNumChangeReceiver: action = launcher.action.CHANGE_APPLICATION_NOTIFICATION_NUM,current thread is: Thread[HeavyWorkerThread0,10,main]
09-04 13:34:25.271 31623 31658 D _V_Launcher.NotificationNumChangeReceiver: action = launcher.action.CHANGE_APPLICATION_NOTIFICATION_NUM,current thread is: Thread[HeavyWorkerThread0,10,main]
09-04 13:34:25.285  1488  2778 D TansactManager: addProxyBpBinder BpTransactProxy{descriptor=IContentObserver pkg=com.bbk.launcher2 proc=com.bbk.launcher2 uid=10185 pid=31623 proxy=false binder=android.os.BinderProxy@9f94ef5}
09-04 13:34:25.287  8720  8720 D _V_Updater/CommonUtils: connect type = 1
09-04 13:34:25.288  1488  2778 D TansactManager: removeProxyBpBinder BpTransactProxy{descriptor=IContentObserver pkg=com.bbk.launcher2 proc=com.bbk.launcher2 uid=10185 pid=31623 proxy=false binder=android.os.BinderProxy@9f94ef5}
09-04 13:34:25.290  8720  8720 D _V_Updater/CommonUtils: getSdcardAvailableSize: BlockSize: 4096kb,safe memory: 163840kb
09-04 13:34:25.290  8720  8720 D _V_Updater/CommonUtils: Check Storage space, the download  file length:396593290 free size:48631721984
09-04 13:34:25.290  8720  8720 D _V_Updater/DownloadInfoManager: autoDownloadVerify info: <--Updater-EnStr-->LRWyxlJe65KIEy6nxaWuv2u9k0us6514Oz82Z5P96KSSc4WjZRJXL51XOz84cXhuv2JnUa_ucXHIENTCv2u9K0gY62gDxh_wK2r4UyhDAhJCxykIEa_DU5kGLRWM6yWnc2_WxlhYUyhHOX_DU5kGLRWOxl_McyheL5rsh0u2LknwUaWfxlKIEa_DU5kGZRh4x4_wU01sx0rHklUSUyWjOz84cXhuv21uUaUwc2FkAR8uOz8Rqk6JoyWnxHrCUyg-xlUYxygn6-uYM5gzL5PuOz82Z5P96KSScCJuZ2gwUyuY69jd62rsc0kGLyrHk0us6514hR8HZR_u_2rSxyhHOz82Z5P96KSScCW4xlJn60hrx2gC60dIEa_DU5k
09-04 13:34:25.291  8720  8720 D _V_Updater/CommonUtils: getRemoteBundle: Bundle[mParcelledData.dataSize=44]
09-04 13:34:25.291  8720  8720 D _V_Updater/DownloadInfoManager: autoDownloadVerify return true
09-04 13:34:25.294  8720  8720 I _V_Updater/DownloadInfoManager: isBinderAlive:true
09-04 13:34:25.294  8720  8720 I _V_Updater/strategy/SilentInstallStrategy: update info: com.bbk.updater.bean.UpdateInfo@ef2447b
09-04 13:34:25.295  8720  8720 I _V_Updater/DownloadInfoManager: isBinderAlive:true
09-04 13:34:25.295  3992 31133 I _V_Updater/remote/UpdateDownloadManager*******************: getDownloadStatusExtend,pause_reason: null
09-04 13:34:25.295  8720  8720 I _V_Updater/DownloadInfoManager: Download status query result is 3
09-04 13:34:25.295  8720  8720 I _V_Updater/strategy/SilentInstallStrategy: isSilentPackageReady: download success: true,isSilent: false
09-04 13:34:25.295  8720  8720 I _V_Updater/DownloadInfoManager: isBinderAlive:true
09-04 13:34:25.296  3992 31133 I _V_Updater/remote/UpdateDownloadManager*******************: getDownloadStatusExtend,pause_reason: null
09-04 13:34:25.296  8720  8720 I _V_Updater/DownloadInfoManager: Download status query result is 3
09-04 13:34:25.296  8720  8720 I _V_Updater/strategy/SilentInstallStrategy: cancelSilentInstall
09-04 13:34:25.298  1488  1579 D ActivityManager: StartMode packageName = com.bbk.updater ,callingPid = -1 ,alwaysRestrict = true ,startMode = 2 ,UidRec:UidRecord{1885fc9 u0a134 SVC  bg:+18h37m4s679ms idle change:idle procs:2 seq(0,0,0)}
09-04 13:34:25.299  8720 24411 I _V_Updater/ComponentManagerUtils: Component: class com.bbk.updater.receiver.ScreenActionRecorder, enabled: true
09-04 13:34:25.303  3992  3992 I _V_Updater/remote/RefreshTimerReceiver: Refresh timer! Action is new.com.vivo.updater.config_alarm
09-04 13:34:25.304  3992  3992 I _V_Updater/remote/RefreshTimerReceiver: Bundle[mParcelledData.dataSize=148]
09-04 13:34:25.304  3992  3992 I _V_Updater/remote/RefreshTimerReceiver: isRepeatAlarm: false, isSetExact: false, startDelayTime: 0,intervalTime: 0 ,selfUpgradeAlarmTimes:-1
09-04 13:34:25.304  3992  3992 I _V_Updater/remote/AlarmUtils: Cancel alarm : com.vivo.updater.silent_install
09-04 13:34:25.317  8720  8720 I _V_Updater/strategy/ForceUpdateStrategy: It is not a force package,cancel force remind
09-04 13:34:25.320  1488  1579 D ActivityManager: StartMode packageName = com.bbk.updater ,callingPid = -1 ,alwaysRestrict = true ,startMode = 2 ,UidRec:UidRecord{1885fc9 u0a134 SVC  bg:+18h37m4s701ms idle change:idle procs:2 seq(0,0,0)}
09-04 13:34:25.327  3992  3992 I _V_Updater/remote/RefreshTimerReceiver: Refresh timer! Action is new.com.vivo.updater.action.CANCEL_REMIND
09-04 13:34:25.327  3992  3992 I _V_Updater/remote/AlarmUtils: Cancel alarm : com.vivo.updater.action.UPDATE_ALARM
09-04 13:34:25.333  8720  8720 I _V_Updater/EventLogs: AutoCheckUpdateTask end
09-04 13:34:26.064   718   718 I SurfaceFlinger: FPS(Built-in Screen): 24
09-04 13:34:26.596 12824 12914 D DataFormatter: Normal bytes 501225
09-04 13:34:26.685  5332  7347 V SingleDBHelper: ~~~~onOpen
09-04 13:34:26.691  5332  7347 E VivoData.SingleManager: current index:0
09-04 13:34:26.691  5332  7347 E VivoData.SingleManager: current index:1
09-04 13:34:26.691  5332  7347 E VivoData.SingleManager: current index:2
09-04 13:34:26.691  5332  7347 E VivoData.SingleManager: current index:3
09-04 13:34:26.691  5332  7347 E VivoData.SingleManager: current index:4
09-04 13:34:26.763  5332 24412 D Linux   : [Posix_connect Debug]Process com.vivo.abe:bin :443 
09-04 13:34:27.066   718   718 I SurfaceFlinger: FPS(Built-in Screen): 24
09-04 13:34:27.122  5332  7347 V SingleDBHelper: ~~~~onOpen
09-04 13:34:27.709  1060  1060 E wificond: vivo add tx_good 206679 tx_bad 0 rx_good 2167104 tx_retry 10004
09-04 13:34:27.710  1488  1856 D WificondControl: vivo add pollResult txgood 206679 txbad 0 rxgood 2167104 txretry 10004
09-04 13:34:27.710  1488  1856 D VivoWifiRssiMap: setFirstFetchRssi, mFirstFetchRssi:-49, rssi:-54
09-04 13:34:27.710  1488  1856 D VivoWifiRssiMap: setWifiRssi, rssi:-54
09-04 13:34:27.909  2497  2991 D _V_Settings/BW: ReadCodeTask:mStringNotifyCode: 0
09-04 13:34:27.910  2497  2991 D _V_Settings/BW: ReadCodeTask:mNotifyCode: 0
09-04 13:34:27.952   935  1058 E ThermalEngine: vivo_thermal_parameter_config :VivoThermal:read type:1  buf: 1
09-04 13:34:27.952   935  1058 E ThermalEngine:  
09-04 13:34:28.098   718   718 I SurfaceFlinger: FPS(Built-in Screen): 25
09-04 13:34:29.147   718   718 I SurfaceFlinger: FPS(Built-in Screen): 26
09-04 13:34:29.500  1488  1826 V AlarmAlign: mAlarmBatches = 60, triggerList = 1
09-04 13:34:29.506  1488  1826 V AlarmAlign: setLocked to kernel, type = 2, when = 68012173, curTime = 67875465
09-04 13:34:29.506  1488  1826 V AlarmAlign: setLocked to kernel, type = 3, when = 67905959, curTime = 67875465
09-04 13:34:29.601 12824 12914 D DataFormatter: Normal bytes 472128
09-04 13:34:29.680  8720 24402 D Linux   : [Posix_connect Debug]Process com.bbk.updater :443 
09-04 13:34:29.749  2741  5336 I RMS-Reclaim: available=1804280KB, current watermark=716800KB, last watermark=716800KB, current stopline=800, last stopline=1000
09-04 13:34:29.749  2741  5336 I RMS-Reclaim: Reclaiming took : 1ms
09-04 13:34:29.879  8720  8720 I _V_Updater/strategy/SelfUpgradeStrategy: onCheckUpgrade code: 2, upgrade info: com.vivo.upgrade.library.data.AppUpgradeInfo@1e2b261
09-04 13:34:29.880  8720  8720 E _V_Updater/strategy/SelfUpgradeStrategy: current is newest version.
09-04 13:34:29.892  1488  1579 D ActivityManager: StartMode packageName = com.bbk.updater ,callingPid = -1 ,alwaysRestrict = true ,startMode = 2 ,UidRec:UidRecord{1885fc9 u0a134 SVC  bg:+18h37m9s273ms idle change:idle procs:2 seq(0,0,0)}
09-04 13:34:29.904  3992  3992 I _V_Updater/remote/RefreshTimerReceiver: Refresh timer! Action is new.com.vivo.updater.config_alarm
09-04 13:34:29.904  3992  3992 I _V_Updater/remote/RefreshTimerReceiver: Bundle[mParcelledData.dataSize=172]
09-04 13:34:29.904  3992  3992 I _V_Updater/remote/RefreshTimerReceiver: isRepeatAlarm: false, isSetExact: false, startDelayTime: 0,intervalTime: 0 ,selfUpgradeAlarmTimes:-1
09-04 13:34:29.904  3992  3992 I _V_Updater/remote/AlarmUtils: Cancel alarm : com.bbk.updater.selfupgrade_download_check
09-04 13:34:29.912 21437 21437 D EventLogger: downstreamFormatChanged [25.32, 23.30, window=0, period=0, id=2, mimeType=video/avc, bitrate=1777315, codecs=avc1.4d401f, res=854x380, fps=24.0]
09-04 13:34:29.913 21437 21437 D EventLogger: decoderInputFormatChanged [25.32, 23.30, window=0, period=0, video, id=2, mimeType=video/avc, bitrate=1777315, codecs=avc1.4d401f, res=854x380, fps=24.0]
09-04 13:34:29.920  1488  7131 D ActivityManager: StartMode packageName = com.bbk.updater ,callingPid = -1 ,alwaysRestrict = true ,startMode = 2 ,UidRec:UidRecord{1885fc9 u0a134 SVC  bg:+18h37m9s301ms idle change:idle procs:2 seq(0,0,0)}
09-04 13:34:29.926  3992  3992 I _V_Updater/remote/RefreshTimerReceiver: Refresh timer! Action is new.com.vivo.updater.config_alarm
09-04 13:34:29.927  3992  3992 I _V_Updater/remote/RefreshTimerReceiver: Bundle[mParcelledData.dataSize=168]
09-04 13:34:29.927  3992  3992 I _V_Updater/remote/RefreshTimerReceiver: isRepeatAlarm: false, isSetExact: false, startDelayTime: 0,intervalTime: 0 ,selfUpgradeAlarmTimes:-1
09-04 13:34:29.927  3992  3992 I _V_Updater/remote/AlarmUtils: Cancel alarm : com.bbk.updater.selfupgrade_install_check
09-04 13:34:30.028  1061  2419 E OMX-VDEC-1080P: Does not handle dataspace request
09-04 13:34:30.028  1061  2419 E OMXNodeInstance: getConfig(0xeb6d5d84:qcom.decoder.avc.secure, ??(0x7f000062)) ERROR: UnsupportedSetting(0x80001019)
09-04 13:34:30.181   718   718 I SurfaceFlinger: FPS(Built-in Screen): 26
09-04 13:34:30.521  1061  9507 E OMX-VDEC-1080P: Extension: OMX.google.android.index.AndroidNativeBufferConsumerUsage not implemented
09-04 13:34:30.522 21437 24378 D SurfaceUtils: disconnecting from surface 0x7c92ef0010, reason setNativeWindowSizeFormatAndUsage
09-04 13:34:30.524 21437 24378 D SurfaceUtils: connecting to surface 0x7c92ef0010, reason setNativeWindowSizeFormatAndUsage
09-04 13:34:30.524   718  2962 E         : IProducerListener: malformed binder reply
09-04 13:34:30.525 21437 24378 D SurfaceUtils: set up nativeWindow 0x7c92ef0010 for 864x384, color 0x7fa30c06, rotation 0, usage 0x20006900
09-04 13:34:30.552  1061  3036 E OMX-VDEC-1080P: Does not handle dataspace request
09-04 13:34:30.552  1061  3036 E OMXNodeInstance: getConfig(0xeb6d5d84:qcom.decoder.avc.secure, ??(0x7f000062)) ERROR: UnsupportedSetting(0x80001019)
09-04 13:34:30.640 21437 21437 D EventLogger: videoSizeChanged [26.05, 24.02, window=0, period=0, 854, 380]
09-04 13:34:30.647   718   718 I ConfigStore: android::hardware::configstore::V1_0::ISurfaceFlingerConfigs::hasHDRDisplay retrieved: 0
09-04 13:34:30.734  1060  1060 E wificond: vivo add tx_good 207611 tx_bad 0 rx_good 2168036 tx_retry 10073
09-04 13:34:30.647   718   718 I chatty  : uid=1000(system) /system/bin/surfaceflinger identical 1 line
09-04 13:34:30.647   718   718 I ConfigStore: android::hardware::configstore::V1_0::ISurfaceFlingerConfigs::hasHDRDisplay retrieved: 0
09-04 13:34:30.736  1488  1856 D WificondControl: vivo add pollResult txgood 207611 txbad 0 rxgood 2168036 txretry 10073
09-04 13:34:30.736  1488  1856 D VivoWifiRssiMap: setFirstFetchRssi, mFirstFetchRssi:-49, rssi:-52
09-04 13:34:30.736  1488  1856 D VivoWifiRssiMap: setWifiRssi, rssi:-52
09-04 13:34:30.953   935  1058 E ThermalEngine: vivo_thermal_parameter_config :VivoThermal:read type:1  buf: 1
09-04 13:34:30.953   935  1058 E ThermalEngine:  
09-04 13:34:31.183   718   718 I SurfaceFlinger: FPS(Built-in Screen): 24
09-04 13:34:32.231   718   718 I SurfaceFlinger: FPS(Built-in Screen): 26
09-04 13:34:32.612 12824 12914 D DataFormatter: Normal bytes 460493
09-04 13:34:33.263   718   718 I SurfaceFlinger: FPS(Built-in Screen): 26
09-04 13:34:33.754  1060  1060 E wificond: vivo add tx_good 208616 tx_bad 0 rx_good 2169043 tx_retry 10148
09-04 13:34:33.756  1488  1856 D WificondControl: vivo add pollResult txgood 208616 txbad 0 rxgood 2169043 txretry 10148
09-04 13:34:33.757  1488  1856 D VivoWifiRssiMap: setFirstFetchRssi, mFirstFetchRssi:-49, rssi:-52
09-04 13:34:33.757  1488  1856 D VivoWifiRssiMap: setWifiRssi, rssi:-52
09-04 13:34:33.953   935  1058 E ThermalEngine: vivo_thermal_parameter_config :VivoThermal:read type:1  buf: 1
09-04 13:34:33.953   935  1058 E ThermalEngine:  
09-04 13:34:34.313   718   718 I SurfaceFlinger: FPS(Built-in Screen): 25
09-04 13:34:34.391   961   961 D vivo_daemon:VvDmSrv: [10108:2511] apply, return 0, v3.1.0
09-04 13:34:34.391   961   961 D vivo_daemon:VvDmSrv: normal termination, exit status = 0
09-04 13:34:34.753  2741  5336 I RMS-Reclaim: available=1796256KB, current watermark=716800KB, last watermark=716800KB, current stopline=800, last stopline=1000
09-04 13:34:34.753  2741  5336 I RMS-Reclaim: Reclaiming took : 1ms
09-04 13:34:35.347   718   718 I SurfaceFlinger: FPS(Built-in Screen): 25
09-04 13:34:35.625 12824 12914 D DataFormatter: Normal bytes 525107
09-04 13:34:35.850  1488  1909 E VivoSensorTest: LIWEI Java_com_sensoroperate_VivoSensorOperationUtils_jniVivoSensorOperationUtilsInt
09-04 13:34:35.851  1488  1909 D VivoSensorTest: before Java_com_sensoroperate_VivoSensorOperationUtils_jniVivoSensorOperationUtilsInt type=201 arg_len=3
09-04 13:34:35.851  1488  1909 D VivoSensorTest_hidl: 59:VivoSensorTest(): VivoSensorTest start ID 0xc9 201 111 0
09-04 13:34:35.853   694   694 E VivoSensorTest: VivoSensorTest bbk_em_sensor_main: ID 0xc9 arg1 201 arg2 111 arg3 0
09-04 13:34:35.853   694   694 E VivoSensorTest: bbk_em_sensor_main: ID 0xc9 args 201 111 0
09-04 13:34:35.854   694   694 E VivoSensorTest: sensor_operation_utils sensor_als_get_raw_data
09-04 13:34:35.854   694   694 W VivoSensorTest: Waiting for service
09-04 13:34:35.854   694   694 W VivoSensorTest: Waiting complete
09-04 13:34:35.854   694   694 W VivoSensorTest: Creating client connection
09-04 13:34:35.855   694   694 W VivoSensorTest: Sending request payload len 52
09-04 13:34:35.856   694 24424 W VivoSensorTest: Received response; error 0, msg_id 32, size 32
09-04 13:34:35.856   694 24424 W VivoSensorTest: Received client ID 1573 result 0
09-04 13:34:35.857   694 24424 W VivoSensorTest: Received Indication; len 89
09-04 13:34:35.857   694 24424 W VivoSensorTest: Indication from client ID 1573
09-04 13:34:35.857   694 24424 W VivoSensorTest: Begin decoding event
09-04 13:34:35.858   694 24424 W VivoSensorTest: Received SUID Event with SUID 2a462eac2a9a1071 4795ecea145f6a96
09-04 13:34:35.858   694 24424 W VivoSensorTest: vivo_signal_response
09-04 13:34:35.858   694 24424 W VivoSensorTest: Received SUID Event with data type 'ambient_light'
09-04 13:34:35.858   694 24424 W VivoSensorTest: Event decoding complete
09-04 13:34:35.858   694 24424 I VivoSensorTest: Indication processing completed
09-04 13:34:35.858   694   694 V VivoSensorTest: send_enable_req
09-04 13:34:35.858   694   694 W VivoSensorTest: Sending request payload len 40
09-04 13:34:35.858   694   694 I VivoSensorTest: als raw data ignore ready time....
09-04 13:34:35.858   694   694 D VivoSensorTest: vivo_send_req command_count 0/1
09-04 13:34:35.858   694   694 W VivoSensorTest: Sending request payload len 41
09-04 13:34:35.860   694 24424 W VivoSensorTest: Received response; error 0, msg_id 32, size 32
09-04 13:34:35.860   694 24424 W VivoSensorTest: Received client ID 1573 result 0
09-04 13:34:35.860   694 24424 W VivoSensorTest: Received response; error 0, msg_id 32, size 32
09-04 13:34:35.860   694 24424 W VivoSensorTest: Received client ID 1573 result 0
09-04 13:34:35.861   694 24424 W VivoSensorTest: Received Indication; len 80
09-04 13:34:35.861   694 24424 W VivoSensorTest: Indication from client ID 1573
09-04 13:34:35.861   694 24424 W VivoSensorTest: Begin decoding event
09-04 13:34:35.861   694 24424 V VivoSensorTest: Begin decoding sensor event 768
09-04 13:34:35.861   694 24424 E VivoSensorTest: SNS_STD_SENSOR_MSGID_SNS_STD_SENSOR_EVENT: Error decoding event: missing required field
09-04 13:34:35.861   694 24424 E VivoSensorTest: Error decoding Event: callback failed
09-04 13:34:35.861   694 24424 W VivoSensorTest: Event decoding complete
09-04 13:34:35.861   694 24424 E VivoSensorTest: Error decoding event list: callback failed
09-04 13:34:35.861   694 24424 I VivoSensorTest: Indication processing completed
09-04 13:34:35.861   694 24424 W VivoSensorTest: Received Indication; len 86
09-04 13:34:35.861   694 24424 W VivoSensorTest: Indication from client ID 1573
09-04 13:34:35.861   694 24424 W VivoSensorTest: Begin decoding event
09-04 13:34:35.861   694 24424 V VivoSensorTest: Begin decoding sensor event 1023
09-04 13:34:35.861   694 24424 W VivoSensorTest: vivo_signal_response
09-04 13:34:35.861   694 24424 E VivoSensorTest: VIVO_MSGID_SNS_SENSOR_GET_DATA_EVENT: received/total 1/1
09-04 13:34:35.861   694 24424 I VivoSensorTest: als_rawdata_callback lux is 723.955078 2133.000000 2184.000000 2144.000000 90.000000
